<html>
<body>
<pre>
<h1>µVision Build Log</h1>
<h2>Project:</h2>
D:\MyPROG\LSD_SLAM\STM\BMO055SensorTest\Projects\MDK-ARM\BMO055SensorTest.uvproj
Project File Date:  06/08/2015

<h2>Output:</h2>
Build target 'BMO055SensorTest Configuration'
compiling main.c...
..\..\Src\main.c(345): warning:  #111-D: statement is unreachable
                BNO055_Error();         
..\..\Src\main.c(357): warning:  #111-D: statement is unreachable
                BNO055_Error();                         
..\..\Src\main.c(389): warning:  #111-D: statement is unreachable
                BNO055_Error();
..\..\Src\main.c(417): warning:  #111-D: statement is unreachable
                BNO055_Error();
..\..\Src\main.c(450): warning:  #111-D: statement is unreachable
                BNO055_Error();
..\..\Src\main.c(500): warning:  #177-D: variable "res" was declared but never referenced
        int8_t res;     
..\..\Src\main.c: 6 warnings, 0 errors
linking...
Program Size: Code=30492 RO-data=440 RW-data=408 ZI-data=4576  
"BMO055SensorTest Configuration\BMO055SensorTest Configuration.axf" - 0 Error(s), 6 Warning(s).
Load "BMO055SensorTest Configuration\\BMO055SensorTest Configuration.axf" 
Erase Done.
Programming Done.
Verify OK.
</pre>
</body>
</html>
c(498): warning:  #177-D: variable "res" was declared but never referenced
        int8_t res;     
..\..\Src\main.c: 6 warnings, 2 errors
"BMO055SensorTest Configuration\BMO055SensorTest Configuration.axf" - 2 Error(s), 6 Warning(s).
Target not created
f4xx_hal_i2c.c...
compiling stm32f4xx_hal_i2c_ex.c...
compiling stm32f4xx_hal_pcd.c...
compiling stm32f4xx_hal_pcd_ex.c...
compiling stm32f4xx_hal_pwr.c...
compiling stm32f4xx_hal_pwr_ex.c...
compiling stm32f4xx_hal_rcc.c...
compiling stm32f4xx_hal_rcc_ex.c...
compiling stm32f4xx_hal_tim.c...
compiling stm32f4xx_hal_tim_ex.c...
compiling stm32f4xx_ll_usb.c...
compiling stm32f4xx_hal_crc.c...
compiling usbd_cdc.c...
compiling usbd_core.c...
compiling usbd_ctlreq.c...
compiling usbd_ioreq.c...
assembling startup_stm32f407xx.s...
linking...
Program Size: Code=29872 RO-data=440 RW-data=408 ZI-data=4576  
"BMO055SensorTest Configuration\BMO055SensorTest Configuration.axf" - 0 Error(s), 6 Warning(s).
Load "BMO055SensorTest Configuration\\BMO055SensorTest Configuration.axf" 
Erase Done.
Programming Done.
Verify OK.
Src\main.c(472): error:  #144: a value of type "double" cannot be used to initialize an entity of type "PositionDataStruct"
        PositionDataStruct.vel.x =  4.0;        
..\..\Src\main.c(473): error:  #40: expected an identifier
        PositionDataStruct.vel.y =  5.0;        
..\..\Src\main.c(473): error:  #144: a value of type "double" cannot be used to initialize an entity of type "PositionDataStruct"
        PositionDataStruct.vel.y =  5.0;        
..\..\Src\main.c(474): error:  #40: expected an identifier
        PositionDataStruct.vel.z =  6.0;        
..\..\Src\main.c(474): error:  #144: a value of type "double" cannot be used to initialize an entity of type "PositionDataStruct"
        PositionDataStruct.vel.z =  6.0;        
..\..\Src\main.c(476): error:  #40: expected an identifier
        PositionDataStruct.pos.x =  7.0;        
..\..\Src\main.c(476): error:  #144: a value of type "double" cannot be used to initialize an entity of type "PositionDataStruct"
        PositionDataStruct.pos.x =  7.0;        
..\..\Src\main.c(477): error:  #40: expected an identifier
        PositionDataStruct.pos.y =  8.0;        
..\..\Src\main.c(477): error:  #144: a value of type "double" cannot be used to initialize an entity of type "PositionDataStruct"
        PositionDataStruct.pos.y =  8.0;        
..\..\Src\main.c(478): error:  #40: expected an identifier
        PositionDataStruct.pos.z =  9.0;
..\..\Src\main.c(478): error:  #144: a value of type "double" cannot be used to initialize an entity of type "PositionDataStruct"
        PositionDataStruct.pos.z =  9.0;
..\..\Src\main.c(481): error:  #20: identifier "res" is undefined
        res = CDC_Transmit_FS( (uint8_t*)PositionDataStruct, sizeof(PositionDataStruct) );      
..\..\Src\main.c(481): error:  #254: type name is not allowed
        res = CDC_Transmit_FS( (uint8_t*)PositionDataStruct, sizeof(PositionDataStruct) );      
..\..\Src\main.c(487): warning:  #177-D: variable "res" was declared but never referenced
        int8_t res;     
..\..\Src\main.c: 6 warnings, 24 errors
"BMO055SensorTest Configuration\BMO055SensorTest Configuration.axf" - 24 Error(s), 6 Warning(s).
Target not created
d_cdc_if.c...
compiling usbd_conf.c...
compiling usbd_desc.c...
compiling crc.c...
compiling dma.c...
compiling system_stm32f4xx.c...
compiling stm32f4xx_hal.c...
compiling stm32f4xx_hal_cortex.c...
compiling stm32f4xx_hal_dma.c...
compiling stm32f4xx_hal_dma_ex.c...
compiling stm32f4xx_hal_flash.c...
compiling stm32f4xx_hal_flash_ex.c...
compiling stm32f4xx_hal_flash_ramfunc.c...
compiling stm32f4xx_hal_gpio.c...
compiling stm32f4xx_hal_i2c.c...
compiling stm32f4xx_hal_i2c_ex.c...
compiling stm32f4xx_hal_pcd.c...
compiling stm32f4xx_hal_pcd_ex.c...
compiling stm32f4xx_hal_pwr.c...
compiling stm32f4xx_hal_pwr_ex.c...
compiling stm32f4xx_hal_rcc.c...
compiling stm32f4xx_hal_rcc_ex.c...
compiling stm32f4xx_hal_tim.c...
compiling stm32f4xx_hal_tim_ex.c...
compiling stm32f4xx_ll_usb.c...
compiling stm32f4xx_hal_crc.c...
compiling usbd_cdc.c...
compiling usbd_core.c...
compiling usbd_ctlreq.c...
compiling usbd_ioreq.c...
assembling startup_stm32f407xx.s...
"BMO055SensorTest Configuration\BMO055SensorTest Configuration.axf" - 24 Error(s), 6 Warning(s).
Target not created
Load "BMO055SensorTest Configuration\\BMO055SensorTest Configuration.axf" 
Erase Done.
Programming Done.
Verify OK.
