ARM Linker, 5.03 [Build 76] [MDK-ARM Professional]

==============================================================================

Section Cross References

    startup_stm32f407xx.o(RESET) refers to startup_stm32f407xx.o(STACK) for __initial_sp
    startup_stm32f407xx.o(RESET) refers to startup_stm32f407xx.o(.text) for Reset_Handler
    startup_stm32f407xx.o(RESET) refers to stm32f4xx_it.o(i.SysTick_Handler) for SysTick_Handler
    startup_stm32f407xx.o(RESET) refers to stm32f4xx_it.o(i.TIM7_IRQHandler) for TIM7_IRQHandler
    startup_stm32f407xx.o(RESET) refers to stm32f4xx_it.o(i.OTG_FS_IRQHandler) for OTG_FS_IRQHandler
    startup_stm32f407xx.o(RESET) refers to stm32f4xx_it.o(i.I2C3_EV_IRQHandler) for I2C3_EV_IRQHandler
    startup_stm32f407xx.o(RESET) refers to stm32f4xx_it.o(i.I2C3_ER_IRQHandler) for I2C3_ER_IRQHandler
    startup_stm32f407xx.o(.text) refers to system_stm32f4xx.o(i.SystemInit) for SystemInit
    startup_stm32f407xx.o(.text) refers to entry.o(.ARM.Collect$$$$00000000) for __main
    gpio.o(i.MX_GPIO_Init) refers to stm32f4xx_hal_gpio.o(i.HAL_GPIO_Init) for HAL_GPIO_Init
    i2c.o(i.HAL_I2C_MspDeInit) refers to stm32f4xx_hal_gpio.o(i.HAL_GPIO_DeInit) for HAL_GPIO_DeInit
    i2c.o(i.HAL_I2C_MspDeInit) refers to stm32f4xx_hal_cortex.o(i.HAL_NVIC_DisableIRQ) for HAL_NVIC_DisableIRQ
    i2c.o(i.HAL_I2C_MspInit) refers to stm32f4xx_hal_gpio.o(i.HAL_GPIO_Init) for HAL_GPIO_Init
    i2c.o(i.HAL_I2C_MspInit) refers to stm32f4xx_hal_cortex.o(i.HAL_NVIC_SetPriorityGrouping) for HAL_NVIC_SetPriorityGrouping
    i2c.o(i.HAL_I2C_MspInit) refers to stm32f4xx_hal_cortex.o(i.HAL_NVIC_SetPriority) for HAL_NVIC_SetPriority
    i2c.o(i.HAL_I2C_MspInit) refers to stm32f4xx_hal_cortex.o(i.HAL_NVIC_EnableIRQ) for HAL_NVIC_EnableIRQ
    i2c.o(i.MX_I2C3_Init) refers to stm32f4xx_hal_i2c.o(i.HAL_I2C_Init) for HAL_I2C_Init
    i2c.o(i.MX_I2C3_Init) refers to i2c.o(.bss) for .bss
    main.o(i.BNO055_Error) refers to stm32f4xx_hal_i2c.o(i.HAL_I2C_GetError) for HAL_I2C_GetError
    main.o(i.BNO055_Error) refers to i2c.o(.bss) for hi2c3
    main.o(i.BNO055_Error) refers to main.o(.data) for .data
    main.o(i.HAL_TIM_PeriodElapsedCallback) refers to stm32f4xx_hal_gpio.o(i.HAL_GPIO_TogglePin) for HAL_GPIO_TogglePin
    main.o(i.HAL_TIM_PeriodElapsedCallback) refers to stm32f4xx_hal_i2c.o(i.HAL_I2C_Mem_Read) for HAL_I2C_Mem_Read
    main.o(i.HAL_TIM_PeriodElapsedCallback) refers to stm32f4xx_hal_i2c.o(i.HAL_I2C_GetError) for HAL_I2C_GetError
    main.o(i.HAL_TIM_PeriodElapsedCallback) refers to usbd_cdc_if.o(i.CDC_Transmit_FS) for CDC_Transmit_FS
    main.o(i.HAL_TIM_PeriodElapsedCallback) refers to main.o(.bss) for .bss
    main.o(i.HAL_TIM_PeriodElapsedCallback) refers to i2c.o(.bss) for hi2c3
    main.o(i.HAL_TIM_PeriodElapsedCallback) refers to main.o(.data) for .data
    main.o(i.SystemClock_Config) refers to stm32f4xx_hal_rcc.o(i.HAL_RCC_OscConfig) for HAL_RCC_OscConfig
    main.o(i.SystemClock_Config) refers to stm32f4xx_hal_rcc.o(i.HAL_RCC_ClockConfig) for HAL_RCC_ClockConfig
    main.o(i.main) refers to stm32f4xx_hal.o(i.HAL_Init) for HAL_Init
    main.o(i.main) refers to main.o(i.SystemClock_Config) for SystemClock_Config
    main.o(i.main) refers to stm32f4xx_hal_cortex.o(i.HAL_NVIC_SetPriorityGrouping) for HAL_NVIC_SetPriorityGrouping
    main.o(i.main) refers to stm32f4xx_hal_cortex.o(i.HAL_NVIC_SetPriority) for HAL_NVIC_SetPriority
    main.o(i.main) refers to gpio.o(i.MX_GPIO_Init) for MX_GPIO_Init
    main.o(i.main) refers to i2c.o(i.MX_I2C3_Init) for MX_I2C3_Init
    main.o(i.main) refers to tim.o(i.MX_TIM7_Init) for MX_TIM7_Init
    main.o(i.main) refers to usb_device.o(i.MX_USB_DEVICE_Init) for MX_USB_DEVICE_Init
    main.o(i.main) refers to stm32f4xx_hal.o(i.HAL_Delay) for HAL_Delay
    main.o(i.main) refers to stm32f4xx_hal_i2c.o(i.HAL_I2C_GetState) for HAL_I2C_GetState
    main.o(i.main) refers to stm32f4xx_hal_i2c.o(i.HAL_I2C_Mem_Read) for HAL_I2C_Mem_Read
    main.o(i.main) refers to stm32f4xx_hal_i2c.o(i.HAL_I2C_Mem_Write) for HAL_I2C_Mem_Write
    main.o(i.main) refers to main.o(i.BNO055_Error) for BNO055_Error
    main.o(i.main) refers to stm32f4xx_hal_tim.o(i.HAL_TIM_Base_Start_IT) for HAL_TIM_Base_Start_IT
    main.o(i.main) refers to main.o(.data) for .data
    main.o(i.main) refers to main.o(.bss) for .bss
    main.o(i.main) refers to i2c.o(.bss) for hi2c3
    main.o(i.main) refers to tim.o(.bss) for htim7
    stm32f4xx_it.o(i.I2C3_ER_IRQHandler) refers to stm32f4xx_hal_cortex.o(i.HAL_NVIC_ClearPendingIRQ) for HAL_NVIC_ClearPendingIRQ
    stm32f4xx_it.o(i.I2C3_ER_IRQHandler) refers to stm32f4xx_hal_i2c.o(i.HAL_I2C_ER_IRQHandler) for HAL_I2C_ER_IRQHandler
    stm32f4xx_it.o(i.I2C3_ER_IRQHandler) refers to i2c.o(.bss) for hi2c3
    stm32f4xx_it.o(i.I2C3_EV_IRQHandler) refers to stm32f4xx_hal_cortex.o(i.HAL_NVIC_ClearPendingIRQ) for HAL_NVIC_ClearPendingIRQ
    stm32f4xx_it.o(i.I2C3_EV_IRQHandler) refers to stm32f4xx_hal_i2c.o(i.HAL_I2C_EV_IRQHandler) for HAL_I2C_EV_IRQHandler
[...]
    ..\\..\\Drivers\\STM32F4xx_HAL_Driver\\Src\\stm32f4xx_hal_tim_ex.c 0x00000000   Number         0  stm32f4xx_hal_tim_ex.o ABSOLUTE
    ..\\..\\Drivers\\STM32F4xx_HAL_Driver\\Src\\stm32f4xx_ll_usb.c 0x00000000   Number         0  stm32f4xx_ll_usb.o ABSOLUTE
    ..\\..\\Middlewares\\ST\\STM32_USB_Device_Library\\Class\\CDC\\Src\\usbd_cdc.c 0x00000000   Number         0  usbd_cdc.o ABSOLUTE
    ..\\..\\Middlewares\\ST\\STM32_USB_Device_Library\\Core\\Src\\usbd_core.c 0x00000000   Number         0  usbd_core.o ABSOLUTE
    ..\\..\\Middlewares\\ST\\STM32_USB_Device_Library\\Core\\Src\\usbd_ctlreq.c 0x00000000   Number         0  usbd_ctlreq.o ABSOLUTE
    ..\\..\\Middlewares\\ST\\STM32_USB_Device_Library\\Core\\Src\\usbd_ioreq.c 0x00000000   Number         0  usbd_ioreq.o ABSOLUTE
    ..\\..\\Src\\gpio.c                      0x00000000   Number         0  gpio.o ABSOLUTE
    ..\\..\\Src\\i2c.c                       0x00000000   Number         0  i2c.o ABSOLUTE
    ..\\..\\Src\\main.c                      0x00000000   Number         0  main.o ABSOLUTE
    ..\\..\\Src\\stm32f4xx_it.c              0x00000000   Number         0  stm32f4xx_it.o ABSOLUTE
    ..\\..\\Src\\tim.c                       0x00000000   Number         0  tim.o ABSOLUTE
    ..\\..\\Src\\usb_device.c                0x00000000   Number         0  usb_device.o ABSOLUTE
    ..\\..\\Src\\usbd_cdc_if.c               0x00000000   Number         0  usbd_cdc_if.o ABSOLUTE
    ..\\..\\Src\\usbd_conf.c                 0x00000000   Number         0  usbd_conf.o ABSOLUTE
    ..\\..\\Src\\usbd_desc.c                 0x00000000   Number         0  usbd_desc.o ABSOLUTE
    dc.s                                     0x00000000   Number         0  dc.o ABSOLUTE
    handlers.s                               0x00000000   Number         0  handlers.o ABSOLUTE
    init.s                                   0x00000000   Number         0  init.o ABSOLUTE
    RESET                                    0x08000000   Section      392  startup_stm32f407xx.o(RESET)
    .ARM.Collect$$$$00000000                 0x08000188   Section        0  entry.o(.ARM.Collect$$$$00000000)
    .ARM.Collect$$$$00000001                 0x08000188   Section        4  entry2.o(.ARM.Collect$$$$00000001)
    .ARM.Collect$$$$00000004                 0x0800018c   Section        4  entry5.o(.ARM.Collect$$$$00000004)
    .ARM.Collect$$$$00000008                 0x08000190   Section        0  entry7b.o(.ARM.Collect$$$$00000008)
    .ARM.Collect$$$$0000000A                 0x08000190   Section        0  entry8b.o(.ARM.Collect$$$$0000000A)
    .ARM.Collect$$$$0000000B                 0x08000190   Section        8  entry9a.o(.ARM.Collect$$$$0000000B)
    .ARM.Collect$$$$0000000D                 0x08000198   Section        0  entry10a.o(.ARM.Collect$$$$0000000D)
    .ARM.Collect$$$$0000000F                 0x08000198   Section        0  entry11a.o(.ARM.Collect$$$$0000000F)
    .ARM.Collect$$$$00002712                 0x08000198   Section        4  entry2.o(.ARM.Collect$$$$00002712)
    __lit__00000000                          0x08000198   Data           4  entry2.o(.ARM.Collect$$$$00002712)
    .text                                    0x0800019c   Section       36  startup_stm32f407xx.o(.text)
    $v0                                      0x0800019c   Number         0  startup_stm32f407xx.o(.text)
    .text                                    0x080001c0   Section        0  memcpya.o(.text)
    .text                                    0x080001e4   Section       36  init.o(.text)
    .text                                    0x08000208   Section        0  __dczerorl2.o(.text)
    i.BNO055_Error                           0x08000264   Section        0  main.o(i.BNO055_Error)
    i.CDC_Control_FS                         0x08000278   Section        0  usbd_cdc_if.o(i.CDC_Control_FS)
    CDC_Control_FS                           0x08000279   Thumb Code     4  usbd_cdc_if.o(i.CDC_Control_FS)
    i.CDC_DeInit_FS                          0x0800027c   Section        0  usbd_cdc_if.o(i.CDC_DeInit_FS)
    CDC_DeInit_FS                            0x0800027d   Thumb Code     4  usbd_cdc_if.o(i.CDC_DeInit_FS)
    i.CDC_Init_FS                            0x08000280   Section        0  usbd_cdc_if.o(i.CDC_Init_FS)
    CDC_Init_FS                              0x08000281   Thumb Code    28  usbd_cdc_if.o(i.CDC_Init_FS)
    i.CDC_Receive_FS                         0x080002ac   Section        0  usbd_cdc_if.o(i.CDC_Receive_FS)
    CDC_Receive_FS                           0x080002ad   Thumb Code     4  usbd_cdc_if.o(i.CDC_Receive_FS)
    i.CDC_Transmit_FS                        0x080002b0   Section        0  usbd_cdc_if.o(i.CDC_Transmit_FS)
    i.HAL_Delay                              0x080002e4   Section        0  stm32f4xx_hal.o(i.HAL_Delay)
    i.HAL_GPIO_Init                          0x080002fc   Section        0  stm32f4xx_hal_gpio.o(i.HAL_GPIO_Init)
    i.HAL_GPIO_TogglePin                     0x080004c4   Section        0  stm32f4xx_hal_gpio.o(i.HAL_GPIO_TogglePin)
    i.HAL_GetTick                            0x080004cc   Section        0  stm32f4xx_hal.o(i.HAL_GetTick)
    i.HAL_I2C_ER_IRQHandler                  0x080004d8   Section        0  stm32f4xx_hal_i2c.o(i.HAL_I2C_ER_IRQHandler)
    i.HAL_I2C_EV_IRQHandler                  0x080005d8   Section        0  stm32f4xx_hal_i2c.o(i.HAL_I2C_EV_IRQHandler)
    i.HAL_I2C_ErrorCallback                  0x08000768   Section        0  stm32f4xx_hal_i2c.o(i.HAL_I2C_ErrorCallback)
    i.HAL_I2C_GetError                       0x0800076a   Section        0  stm32f4xx_hal_i2c.o(i.HAL_I2C_GetError)
    i.HAL_I2C_GetState                       0x08000770   Section        0  stm32f4xx_hal_i2c.o(i.HAL_I2C_GetState)
    i.HAL_I2C_Init                           0x08000778   Section        0  stm32f4xx_hal_i2c.o(i.HAL_I2C_Init)
    i.HAL_I2C_MasterRxCpltCallback           0x08000870   Section        0  stm32f4xx_hal_i2c.o(i.HAL_I2C_MasterRxCpltCallback)
    i.HAL_I2C_MasterTxCpltCallback           0x08000872   Section        0  stm32f4xx_hal_i2c.o(i.HAL_I2C_MasterTxCpltCallback)
    i.HAL_I2C_MemRxCpltCallback              0x08000874   Section        0  stm32f4xx_hal_i2c.o(i.HAL_I2C_MemRxCpltCallback)
    i.HAL_I2C_MemTxCpltCallback              0x08000876   Section        0  stm32f4xx_hal_i2c.o(i.HAL_I2C_MemTxCpltCallback)
    i.HAL_I2C_Mem_Read                       0x08000878   Section        0  stm32f4xx_hal_i2c.o(i.HAL_I2C_Mem_Read)
    i.HAL_I2C_Mem_Write                      0x08000a30   Section        0  stm32f4xx_hal_i2c.o(i.HAL_I2C_Mem_Write)
    i.HAL_I2C_MspInit                        0x08000b0c   Section        0  i2c.o(i.HAL_I2C_MspInit)
    i.HAL_I2C_SlaveRxCpltCallback            0x08000b88   Section        0  stm32f4xx_hal_i2c.o(i.HAL_I2C_SlaveRxCpltCallback)
    i.HAL_I2C_SlaveTxCpltCallback            0x08000b8a   Section        0  stm32f4xx_hal_i2c.o(i.HAL_I2C_SlaveTxCpltCallback)
    i.HAL_IncTick                            0x08000b8c   Section        0  stm32f4xx_hal.o(i.HAL_IncTick)
    i.HAL_Init                               0x08000b9c   Section        0  stm32f4xx_hal.o(i.HAL_Init)
    i.HAL_InitTick                           0x08000bd0   Section        0  stm32f4xx_hal.o(i.HAL_InitTick)
    i.HAL_MspInit                            0x08000bf2   Section        0  stm32f4xx_hal.o(i.HAL_MspInit)
    i.HAL_NVIC_ClearPendingIRQ               0x08000bf4   Section        0  stm32f4xx_hal_cortex.o(i.HAL_NVIC_ClearPendingIRQ)
    i.HAL_NVIC_EnableIRQ                     0x08000c0c   Section        0  stm32f4xx_hal_cortex.o(i.HAL_NVIC_EnableIRQ)
    i.HAL_NVIC_SetPriority                   0x08000c24   Section        0  stm32f4xx_hal_cortex.o(i.HAL_NVIC_SetPriority)
    i.HAL_NVIC_SetPriorityGrouping           0x08000c64   Section        0  stm32f4xx_hal_cortex.o(i.HAL_NVIC_SetPriorityGrouping)
    i.HAL_PCDEx_SetRxFiFo                    0x08000c88   Section        0  stm32f4xx_hal_pcd_ex.o(i.HAL_PCDEx_SetRxFiFo)
    i.HAL_PCDEx_SetTxFiFo                    0x08000c90   Section        0  stm32f4xx_hal_pcd_ex.o(i.HAL_PCDEx_SetTxFiFo)
    i.HAL_PCD_ConnectCallback                0x08000cd4   Section        0  usbd_conf.o(i.HAL_PCD_ConnectCallback)
    i.HAL_PCD_DataInStageCallback            0x08000cdc   Section        0  usbd_conf.o(i.HAL_PCD_DataInStageCallback)
    i.HAL_PCD_DataOutStageCallback           0x08000cee   Section        0  usbd_conf.o(i.HAL_PCD_DataOutStageCallback)
    i.HAL_PCD_DisconnectCallback             0x08000d02   Section        0  usbd_conf.o(i.HAL_PCD_DisconnectCallback)
    i.HAL_PCD_EP_Close                       0x08000d0a   Section        0  stm32f4xx_hal_pcd.o(i.HAL_PCD_EP_Close)
    i.HAL_PCD_EP_ClrStall                    0x08000d4e   Section        0  stm32f4xx_hal_pcd.o(i.HAL_PCD_EP_ClrStall)
    i.HAL_PCD_EP_GetRxCount                  0x08000d9e   Section        0  stm32f4xx_hal_pcd.o(i.HAL_PCD_EP_GetRxCount)
    i.HAL_PCD_EP_Open                        0x08000db2   Section        0  stm32f4xx_hal_pcd.o(i.HAL_PCD_EP_Open)
    i.HAL_PCD_EP_Receive                     0x08000e06   Section        0  stm32f4xx_hal_pcd.o(i.HAL_PCD_EP_Receive)
    i.HAL_PCD_EP_SetStall                    0x08000e5c   Section        0  stm32f4xx_hal_pcd.o(i.HAL_PCD_EP_SetStall)
    i.HAL_PCD_EP_Transmit                    0x08000ebc   Section        0  stm32f4xx_hal_pcd.o(i.HAL_PCD_EP_Transmit)
    i.HAL_PCD_IRQHandler                     0x08000f14   Section        0  stm32f4xx_hal_pcd.o(i.HAL_PCD_IRQHandler)
    i.HAL_PCD_ISOINIncompleteCallback        0x08001302   Section        0  usbd_conf.o(i.HAL_PCD_ISOINIncompleteCallback)
    i.HAL_PCD_ISOOUTIncompleteCallback       0x0800130a   Section        0  usbd_conf.o(i.HAL_PCD_ISOOUTIncompleteCallback)
    i.HAL_PCD_Init                           0x08001312   Section        0  stm32f4xx_hal_pcd.o(i.HAL_PCD_Init)
    i.HAL_PCD_MspInit                        0x080013cc   Section        0  usbd_conf.o(i.HAL_PCD_MspInit)
    i.HAL_PCD_ResetCallback                  0x08001440   Section        0  usbd_conf.o(i.HAL_PCD_ResetCallback)
    i.HAL_PCD_ResumeCallback                 0x08001460   Section        0  usbd_conf.o(i.HAL_PCD_ResumeCallback)
    i.HAL_PCD_SOFCallback                    0x08001468   Section        0  usbd_conf.o(i.HAL_PCD_SOFCallback)
    i.HAL_PCD_SetAddress                     0x08001470   Section        0  stm32f4xx_hal_pcd.o(i.HAL_PCD_SetAddress)
    i.HAL_PCD_SetupStageCallback             0x08001494   Section        0  usbd_conf.o(i.HAL_PCD_SetupStageCallback)
    i.HAL_PCD_Start                          0x080014a2   Section        0  stm32f4xx_hal_pcd.o(i.HAL_PCD_Start)
    i.HAL_PCD_SuspendCallback                0x080014cc   Section        0  usbd_conf.o(i.HAL_PCD_SuspendCallback)
    i.HAL_RCC_ClockConfig                    0x080014d4   Section        0  stm32f4xx_hal_rcc.o(i.HAL_RCC_ClockConfig)
    i.HAL_RCC_GetHCLKFreq                    0x0800168c   Section        0  stm32f4xx_hal_rcc.o(i.HAL_RCC_GetHCLKFreq)
    i.HAL_RCC_GetPCLK1Freq                   0x080016c0   Section        0  stm32f4xx_hal_rcc.o(i.HAL_RCC_GetPCLK1Freq)
    i.HAL_RCC_GetSysClockFreq                0x080016ec   Section        0  stm32f4xx_hal_rcc.o(i.HAL_RCC_GetSysClockFreq)
    i.HAL_RCC_OscConfig                      0x08001770   Section        0  stm32f4xx_hal_rcc.o(i.HAL_RCC_OscConfig)
    i.HAL_SYSTICK_Callback                   0x08001aa8   Section        0  stm32f4xx_hal_cortex.o(i.HAL_SYSTICK_Callback)
    i.HAL_SYSTICK_Config                     0x08001aaa   Section        0  stm32f4xx_hal_cortex.o(i.HAL_SYSTICK_Config)
    i.HAL_SYSTICK_IRQHandler                 0x08001ad2   Section        0  stm32f4xx_hal_cortex.o(i.HAL_SYSTICK_IRQHandler)
    i.HAL_TIMEx_BreakCallback                0x08001ada   Section        0  stm32f4xx_hal_tim_ex.o(i.HAL_TIMEx_BreakCallback)
    i.HAL_TIMEx_CommutationCallback          0x08001adc   Section        0  stm32f4xx_hal_tim_ex.o(i.HAL_TIMEx_CommutationCallback)
    i.HAL_TIMEx_MasterConfigSynchronization  0x08001ade   Section        0  stm32f4xx_hal_tim_ex.o(i.HAL_TIMEx_MasterConfigSynchronization)
    i.HAL_TIM_Base_Init                      0x08001b2e   Section        0  stm32f4xx_hal_tim.o(i.HAL_TIM_Base_Init)
    i.HAL_TIM_Base_MspInit                   0x08001b60   Section        0  tim.o(i.HAL_TIM_Base_MspInit)
    i.HAL_TIM_Base_Start_IT                  0x08001b98   Section        0  stm32f4xx_hal_tim.o(i.HAL_TIM_Base_Start_IT)
    i.HAL_TIM_IC_CaptureCallback             0x08001bb0   Section        0  stm32f4xx_hal_tim.o(i.HAL_TIM_IC_CaptureCallback)
    i.HAL_TIM_IRQHandler                     0x08001bb2   Section        0  stm32f4xx_hal_tim.o(i.HAL_TIM_IRQHandler)
    i.HAL_TIM_OC_DelayElapsedCallback        0x08001d18   Section        0  stm32f4xx_hal_tim.o(i.HAL_TIM_OC_DelayElapsedCallback)
    i.HAL_TIM_PWM_PulseFinishedCallback      0x08001d1a   Section        0  stm32f4xx_hal_tim.o(i.HAL_TIM_PWM_PulseFinishedCallback)
    i.HAL_TIM_PeriodElapsedCallback          0x08001d1c   Section        0  main.o(i.HAL_TIM_PeriodElapsedCallback)
    i.HAL_TIM_TriggerCallback                0x08001d94   Section        0  stm32f4xx_hal_tim.o(i.HAL_TIM_TriggerCallback)
    i.I2C3_ER_IRQHandler                     0x08001d98   Section        0  stm32f4xx_it.o(i.I2C3_ER_IRQHandler)
    i.I2C3_EV_IRQHandler                     0x08001db0   Section        0  stm32f4xx_it.o(i.I2C3_EV_IRQHandler)
    i.I2C_MasterReceive_BTF                  0x08001dc8   Section        0  stm32f4xx_hal_i2c.o(i.I2C_MasterReceive_BTF)
    I2C_MasterReceive_BTF                    0x08001dc9   Thumb Code   150  stm32f4xx_hal_i2c.o(i.I2C_MasterReceive_BTF)
    i.I2C_MasterReceive_RXNE                 0x08001e64   Section        0  stm32f4xx_hal_i2c.o(i.I2C_MasterReceive_RXNE)
    I2C_MasterReceive_RXNE                   0x08001e65   Thumb Code   122  stm32f4xx_hal_i2c.o(i.I2C_MasterReceive_RXNE)
    i.I2C_MasterTransmit_BTF                 0x08001ee4   Section        0  stm32f4xx_hal_i2c.o(i.I2C_MasterTransmit_BTF)
    I2C_MasterTransmit_BTF                   0x08001ee5   Thumb Code    94  stm32f4xx_hal_i2c.o(i.I2C_MasterTransmit_BTF)
    i.I2C_RequestMemoryRead                  0x08001f48   Section        0  stm32f4xx_hal_i2c.o(i.I2C_RequestMemoryRead)
    I2C_RequestMemoryRead                    0x08001f49   Thumb Code   220  stm32f4xx_hal_i2c.o(i.I2C_RequestMemoryRead)
    i.I2C_RequestMemoryWrite                 0x08002028   Section        0  stm32f4xx_hal_i2c.o(i.I2C_RequestMemoryWrite)
    I2C_RequestMemoryWrite                   0x08002029   Thumb Code   140  stm32f4xx_hal_i2c.o(i.I2C_RequestMemoryWrite)
    i.I2C_WaitOnFlagUntilTimeout             0x080020b8   Section        0  stm32f4xx_hal_i2c.o(i.I2C_WaitOnFlagUntilTimeout)
    I2C_WaitOnFlagUntilTimeout               0x080020b9   Thumb Code   138  stm32f4xx_hal_i2c.o(i.I2C_WaitOnFlagUntilTimeout)
    i.I2C_WaitOnMasterAddressFlagUntilTimeout 0x08002142   Section        0  stm32f4xx_hal_i2c.o(i.I2C_WaitOnMasterAddressFlagUntilTimeout)
    I2C_WaitOnMasterAddressFlagUntilTimeout  0x08002143   Thumb Code   136  stm32f4xx_hal_i2c.o(i.I2C_WaitOnMasterAddressFlagUntilTimeout)
    i.MX_GPIO_Init                           0x080021cc   Section        0  gpio.o(i.MX_GPIO_Init)
    i.MX_I2C3_Init                           0x08002210   Section        0  i2c.o(i.MX_I2C3_Init)
    i.MX_TIM7_Init                           0x08002240   Section        0  tim.o(i.MX_TIM7_Init)
    i.MX_USB_DEVICE_Init                     0x08002270   Section        0  usb_device.o(i.MX_USB_DEVICE_Init)
    i.NVIC_SetPriority                       0x080022a8   Section        0  stm32f4xx_hal_cortex.o(i.NVIC_SetPriority)
    NVIC_SetPriority                         0x080022a9   Thumb Code    22  stm32f4xx_hal_cortex.o(i.NVIC_SetPriority)
    i.OTG_FS_IRQHandler                      0x080022c8   Section        0  stm32f4xx_it.o(i.OTG_FS_IRQHandler)
    i.PCD_WriteEmptyTxFifo                   0x080022e0   Section        0  stm32f4xx_hal_pcd.o(i.PCD_WriteEmptyTxFifo)
    PCD_WriteEmptyTxFifo                     0x080022e1   Thumb Code   152  stm32f4xx_hal_pcd.o(i.PCD_WriteEmptyTxFifo)
    i.SysTick_Handler                        0x08002378   Section        0  stm32f4xx_it.o(i.SysTick_Handler)
    i.SystemClock_Config                     0x08002388   Section        0  main.o(i.SystemClock_Config)
    i.SystemInit                             0x080023ec   Section        0  system_stm32f4xx.o(i.SystemInit)
    i.TIM7_IRQHandler                        0x08002440   Section        0  stm32f4xx_it.o(i.TIM7_IRQHandler)
    i.TIM_Base_SetConfig                     0x08002458   Section        0  stm32f4xx_hal_tim.o(i.TIM_Base_SetConfig)
    i.USBD_CDC_DataIn                        0x08002518   Section        0  usbd_cdc.o(i.USBD_CDC_DataIn)
    USBD_CDC_DataIn                          0x08002519   Thumb Code    20  usbd_cdc.o(i.USBD_CDC_DataIn)
    i.USBD_CDC_DataOut                       0x0800252c   Section        0  usbd_cdc.o(i.USBD_CDC_DataOut)
    USBD_CDC_DataOut                         0x0800252d   Thumb Code    46  usbd_cdc.o(i.USBD_CDC_DataOut)
    i.USBD_CDC_DeInit                        0x0800255a   Section        0  usbd_cdc.o(i.USBD_CDC_DeInit)
    USBD_CDC_DeInit                          0x0800255b   Thumb Code    58  usbd_cdc.o(i.USBD_CDC_DeInit)
    i.USBD_CDC_EP0_RxReady                   0x08002594   Section        0  usbd_cdc.o(i.USBD_CDC_EP0_RxReady)
    USBD_CDC_EP0_RxReady                     0x08002595   Thumb Code    36  usbd_cdc.o(i.USBD_CDC_EP0_RxReady)
    i.USBD_CDC_GetDeviceQualifierDescriptor  0x080025b8   Section        0  usbd_cdc.o(i.USBD_CDC_GetDeviceQualifierDescriptor)
    i.USBD_CDC_GetFSCfgDesc                  0x080025c4   Section        0  usbd_cdc.o(i.USBD_CDC_GetFSCfgDesc)
    USBD_CDC_GetFSCfgDesc                    0x080025c5   Thumb Code     8  usbd_cdc.o(i.USBD_CDC_GetFSCfgDesc)
    i.USBD_CDC_GetHSCfgDesc                  0x080025d0   Section        0  usbd_cdc.o(i.USBD_CDC_GetHSCfgDesc)
    USBD_CDC_GetHSCfgDesc                    0x080025d1   Thumb Code     8  usbd_cdc.o(i.USBD_CDC_GetHSCfgDesc)
    i.USBD_CDC_GetOtherSpeedCfgDesc          0x080025dc   Section        0  usbd_cdc.o(i.USBD_CDC_GetOtherSpeedCfgDesc)
    USBD_CDC_GetOtherSpeedCfgDesc            0x080025dd   Thumb Code     8  usbd_cdc.o(i.USBD_CDC_GetOtherSpeedCfgDesc)
    i.USBD_CDC_Init                          0x080025e8   Section        0  usbd_cdc.o(i.USBD_CDC_Init)
    USBD_CDC_Init                            0x080025e9   Thumb Code   136  usbd_cdc.o(i.USBD_CDC_Init)
    i.USBD_CDC_RegisterInterface             0x08002670   Section        0  usbd_cdc.o(i.USBD_CDC_RegisterInterface)
    i.USBD_CDC_SetRxBuffer                   0x08002680   Section        0  usbd_cdc.o(i.USBD_CDC_SetRxBuffer)
    i.USBD_CDC_SetTxBuffer                   0x0800268c   Section        0  usbd_cdc.o(i.USBD_CDC_SetTxBuffer)
    i.USBD_CDC_Setup                         0x0800269c   Section        0  usbd_cdc.o(i.USBD_CDC_Setup)
    USBD_CDC_Setup                           0x0800269d   Thumb Code    92  usbd_cdc.o(i.USBD_CDC_Setup)
    i.USBD_CDC_TransmitPacket                0x080026f8   Section        0  usbd_cdc.o(i.USBD_CDC_TransmitPacket)
    i.USBD_ClrClassConfig                    0x08002726   Section        0  usbd_core.o(i.USBD_ClrClassConfig)
    i.USBD_CtlContinueRx                     0x08002734   Section        0  usbd_ioreq.o(i.USBD_CtlContinueRx)
    i.USBD_CtlContinueSendData               0x08002744   Section        0  usbd_ioreq.o(i.USBD_CtlContinueSendData)
    i.USBD_CtlError                          0x08002754   Section        0  usbd_ctlreq.o(i.USBD_CtlError)
    i.USBD_CtlPrepareRx                      0x0800276a   Section        0  usbd_ioreq.o(i.USBD_CtlPrepareRx)
    i.USBD_CtlReceiveStatus                  0x08002788   Section        0  usbd_ioreq.o(i.USBD_CtlReceiveStatus)
    i.USBD_CtlSendData                       0x0800279e   Section        0  usbd_ioreq.o(i.USBD_CtlSendData)
    i.USBD_CtlSendStatus                     0x080027b8   Section        0  usbd_ioreq.o(i.USBD_CtlSendStatus)
    i.USBD_FS_ConfigStrDescriptor            0x080027d0   Section        0  usbd_desc.o(i.USBD_FS_ConfigStrDescriptor)
    i.USBD_FS_DeviceDescriptor               0x080027f0   Section        0  usbd_desc.o(i.USBD_FS_DeviceDescriptor)
    i.USBD_FS_InterfaceStrDescriptor         0x080027fc   Section        0  usbd_desc.o(i.USBD_FS_InterfaceStrDescriptor)
    i.USBD_FS_LangIDStrDescriptor            0x08002820   Section        0  usbd_desc.o(i.USBD_FS_LangIDStrDescriptor)
    i.USBD_FS_ManufacturerStrDescriptor      0x0800282c   Section        0  usbd_desc.o(i.USBD_FS_ManufacturerStrDescriptor)
    i.USBD_FS_ProductStrDescriptor           0x08002854   Section        0  usbd_desc.o(i.USBD_FS_ProductStrDescriptor)
    i.USBD_FS_SerialStrDescriptor            0x08002880   Section        0  usbd_desc.o(i.USBD_FS_SerialStrDescriptor)
    i.USBD_GetDescriptor                     0x080028a4   Section        0  usbd_ctlreq.o(i.USBD_GetDescriptor)
    USBD_GetDescriptor                       0x080028a5   Thumb Code   226  usbd_ctlreq.o(i.USBD_GetDescriptor)
    i.USBD_GetString                         0x08002986   Section        0  usbd_ctlreq.o(i.USBD_GetString)
    i.USBD_Init                              0x080029cc   Section        0  usbd_core.o(i.USBD_Init)
    i.USBD_LL_ClearStallEP                   0x080029f6   Section        0  usbd_conf.o(i.USBD_LL_ClearStallEP)
    i.USBD_LL_CloseEP                        0x08002a04   Section        0  usbd_conf.o(i.USBD_LL_CloseEP)
    i.USBD_LL_DataInStage                    0x08002a12   Section        0  usbd_core.o(i.USBD_LL_DataInStage)
    i.USBD_LL_DataOutStage                   0x08002ab2   Section        0  usbd_core.o(i.USBD_LL_DataOutStage)
    i.USBD_LL_DevConnected                   0x08002b1c   Section        0  usbd_core.o(i.USBD_LL_DevConnected)
    i.USBD_LL_DevDisconnected                0x08002b20   Section        0  usbd_core.o(i.USBD_LL_DevDisconnected)
    i.USBD_LL_GetRxDataSize                  0x08002b36   Section        0  usbd_conf.o(i.USBD_LL_GetRxDataSize)
    i.USBD_LL_Init                           0x08002b40   Section        0  usbd_conf.o(i.USBD_LL_Init)
    i.USBD_LL_IsStallEP                      0x08002b9c   Section        0  usbd_conf.o(i.USBD_LL_IsStallEP)
    i.USBD_LL_IsoINIncomplete                0x08002bbc   Section        0  usbd_core.o(i.USBD_LL_IsoINIncomplete)
    i.USBD_LL_IsoOUTIncomplete               0x08002bc0   Section        0  usbd_core.o(i.USBD_LL_IsoOUTIncomplete)
    i.USBD_LL_OpenEP                         0x08002bc4   Section        0  usbd_conf.o(i.USBD_LL_OpenEP)
    i.USBD_LL_PrepareReceive                 0x08002bd8   Section        0  usbd_conf.o(i.USBD_LL_PrepareReceive)
    i.USBD_LL_Reset                          0x08002be6   Section        0  usbd_core.o(i.USBD_LL_Reset)
    i.USBD_LL_Resume                         0x08002c24   Section        0  usbd_core.o(i.USBD_LL_Resume)
    i.USBD_LL_SOF                            0x08002c30   Section        0  usbd_core.o(i.USBD_LL_SOF)
    i.USBD_LL_SetSpeed                       0x08002c48   Section        0  usbd_core.o(i.USBD_LL_SetSpeed)
    i.USBD_LL_SetUSBAddress                  0x08002c4e   Section        0  usbd_conf.o(i.USBD_LL_SetUSBAddress)
    i.USBD_LL_SetupStage                     0x08002c5c   Section        0  usbd_core.o(i.USBD_LL_SetupStage)
    i.USBD_LL_StallEP                        0x08002cb6   Section        0  usbd_conf.o(i.USBD_LL_StallEP)
    i.USBD_LL_Start                          0x08002cc4   Section        0  usbd_conf.o(i.USBD_LL_Start)
    i.USBD_LL_Suspend                        0x08002cd2   Section        0  usbd_core.o(i.USBD_LL_Suspend)
    i.USBD_LL_Transmit                       0x08002ce2   Section        0  usbd_conf.o(i.USBD_LL_Transmit)
    i.USBD_ParseSetupRequest                 0x08002cf0   Section        0  usbd_ctlreq.o(i.USBD_ParseSetupRequest)
    i.USBD_RegisterClass                     0x08002d18   Section        0  usbd_core.o(i.USBD_RegisterClass)
    i.USBD_SetClassConfig                    0x08002d28   Section        0  usbd_core.o(i.USBD_SetClassConfig)
    i.USBD_SetConfig                         0x08002d40   Section        0  usbd_ctlreq.o(i.USBD_SetConfig)
    USBD_SetConfig                           0x08002d41   Thumb Code   110  usbd_ctlreq.o(i.USBD_SetConfig)
    i.USBD_Start                             0x08002db4   Section        0  usbd_core.o(i.USBD_Start)
    i.USBD_StdDevReq                         0x08002dbe   Section        0  usbd_ctlreq.o(i.USBD_StdDevReq)
    i.USBD_StdEPReq                          0x08002ec0   Section        0  usbd_ctlreq.o(i.USBD_StdEPReq)
    i.USBD_StdItfReq                         0x08002f82   Section        0  usbd_ctlreq.o(i.USBD_StdItfReq)
    i.USB_ActivateEndpoint                   0x08002fb8   Section        0  stm32f4xx_ll_usb.o(i.USB_ActivateEndpoint)
    i.USB_ActivateSetup                      0x0800303c   Section        0  stm32f4xx_ll_usb.o(i.USB_ActivateSetup)
    i.USB_CoreInit                           0x08003074   Section        0  stm32f4xx_ll_usb.o(i.USB_CoreInit)
    i.USB_CoreReset                          0x080030e0   Section        0  stm32f4xx_ll_usb.o(i.USB_CoreReset)
    USB_CoreReset                            0x080030e1   Thumb Code    50  stm32f4xx_ll_usb.o(i.USB_CoreReset)
    i.USB_DeactivateEndpoint                 0x08003118   Section        0  stm32f4xx_ll_usb.o(i.USB_DeactivateEndpoint)
    i.USB_DevConnect                         0x08003186   Section        0  stm32f4xx_ll_usb.o(i.USB_DevConnect)
    i.USB_DevDisconnect                      0x080031a0   Section        0  stm32f4xx_ll_usb.o(i.USB_DevDisconnect)
    i.USB_DevInit                            0x080031bc   Section        0  stm32f4xx_ll_usb.o(i.USB_DevInit)
    i.USB_DisableGlobalInt                   0x08003304   Section        0  stm32f4xx_ll_usb.o(i.USB_DisableGlobalInt)
    i.USB_EP0StartXfer                       0x08003310   Section        0  stm32f4xx_ll_usb.o(i.USB_EP0StartXfer)
    i.USB_EP0_OutStart                       0x08003458   Section        0  stm32f4xx_ll_usb.o(i.USB_EP0_OutStart)
    i.USB_EPClearStall                       0x08003490   Section        0  stm32f4xx_ll_usb.o(i.USB_EPClearStall)
    i.USB_EPSetStall                         0x080034f8   Section        0  stm32f4xx_ll_usb.o(i.USB_EPSetStall)
    i.USB_EPStartXfer                        0x0800355c   Section        0  stm32f4xx_ll_usb.o(i.USB_EPStartXfer)
    i.USB_EnableGlobalInt                    0x08003790   Section        0  stm32f4xx_ll_usb.o(i.USB_EnableGlobalInt)
    i.USB_FlushRxFifo                        0x0800379c   Section        0  stm32f4xx_ll_usb.o(i.USB_FlushRxFifo)
    i.USB_FlushTxFifo                        0x080037bc   Section        0  stm32f4xx_ll_usb.o(i.USB_FlushTxFifo)
    i.USB_GetDevSpeed                        0x080037e0   Section        0  stm32f4xx_ll_usb.o(i.USB_GetDevSpeed)
    i.USB_GetMode                            0x0800381c   Section        0  stm32f4xx_ll_usb.o(i.USB_GetMode)
    i.USB_ReadDevAllInEpInterrupt            0x08003824   Section        0  stm32f4xx_ll_usb.o(i.USB_ReadDevAllInEpInterrupt)
    i.USB_ReadDevAllOutEpInterrupt           0x08003832   Section        0  stm32f4xx_ll_usb.o(i.USB_ReadDevAllOutEpInterrupt)
    i.USB_ReadDevInEPInterrupt               0x08003840   Section        0  stm32f4xx_ll_usb.o(i.USB_ReadDevInEPInterrupt)
    i.USB_ReadDevOutEPInterrupt              0x0800385e   Section        0  stm32f4xx_ll_usb.o(i.USB_ReadDevOutEPInterrupt)
    i.USB_ReadInterrupts                     0x0800386e   Section        0  stm32f4xx_ll_usb.o(i.USB_ReadInterrupts)
    i.USB_ReadPacket                         0x08003876   Section        0  stm32f4xx_ll_usb.o(i.USB_ReadPacket)
    i.USB_SetCurrentMode                     0x08003896   Section        0  stm32f4xx_ll_usb.o(i.USB_SetCurrentMode)
    i.USB_SetDevAddress                      0x080038c2   Section        0  stm32f4xx_ll_usb.o(i.USB_SetDevAddress)
    i.USB_SetDevSpeed                        0x080038e2   Section        0  stm32f4xx_ll_usb.o(i.USB_SetDevSpeed)
    i.USB_WritePacket                        0x080038f4   Section        0  stm32f4xx_ll_usb.o(i.USB_WritePacket)
    i.__scatterload_copy                     0x0800391c   Section       14  handlers.o(i.__scatterload_copy)
    i.__scatterload_null                     0x0800392a   Section        2  handlers.o(i.__scatterload_null)
    i.__scatterload_zeroinit                 0x0800392c   Section       14  handlers.o(i.__scatterload_zeroinit)
    i.free                                   0x0800393c   Section        0  malloc.o(i.free)
    i.main                                   0x0800398c   Section        0  main.o(i.main)
    i.malloc                                 0x08003a68   Section        0  malloc.o(i.malloc)
    .constdata                               0x08003ad4   Section       16  stm32f4xx_hal_rcc.o(.constdata)
    .data                                    0x20000000   Section       12  main.o(.data)
    .data                                    0x2000000c   Section       16  usbd_cdc_if.o(.data)
    .data                                    0x2000001c   Section        4  usbd_cdc_if.o(.data)
    .data                                    0x20000020   Section       28  usbd_desc.o(.data)
    .data                                    0x2000003c   Section       22  usbd_desc.o(.data)
    .data                                    0x20000054   Section       20  system_stm32f4xx.o(.data)
    .data                                    0x20000068   Section        4  stm32f4xx_hal.o(.data)
    uwTick                                   0x20000068   Data           4  stm32f4xx_hal.o(.data)
    .data                                    0x2000006c   Section      215  usbd_cdc.o(.data)
    USBD_CDC_DeviceQualifierDesc             0x2000006c   Data          10  usbd_cdc.o(.data)
    .data                                    0x20000144   Section       56  usbd_cdc.o(.data)
    .data                                    0x2000017c   Section        1  usbd_ctlreq.o(.data)
    cfgidx                                   0x2000017c   Data           1  usbd_ctlreq.o(.data)
    .data                                    0x20000180   Section        4  mvars.o(.data)
    .data                                    0x20000184   Section        4  mvars.o(.data)
    .bss                                     0x20000188   Section       56  i2c.o(.bss)
    .bss                                     0x200001c0   Section       16  main.o(.bss)
    .bss                                     0x200001d0   Section       60  tim.o(.bss)
    .bss                                     0x2000020c   Section      548  usb_device.o(.bss)
    .bss                                     0x20000430   Section     1024  usbd_cdc_if.o(.bss)
    .bss                                     0x20000830   Section      944  usbd_conf.o(.bss)
    .bss                                     0x20000be0   Section      512  usbd_desc.o(.bss)
    HEAP                                     0x20000de0   Section     1024  startup_stm32f407xx.o(HEAP)
    STACK                                    0x200011e0   Section     1024  startup_stm32f407xx.o(STACK)

    Global Symbols

    Symbol Name                              Value     Ov Type        Size  Object(Section)

    BuildAttributes$$THM_ISAv4$E$P$D$K$B$S$7EM$VFPi3$EXTD16$VFPS$VFMA$PE$A:L22UL41UL21$X:L11$S22US41US21$IEEE1$IW$USESV6$~STKCKD$USESV7$~SHL$OSPACE$EBA8$MICROLIB$REQ8$PRES8$EABIv2 0x00000000   Number         0  anon$$obj.o ABSOLUTE
    __ARM_use_no_argv                        0x00000000   Number         0  main.o ABSOLUTE
    __cpp_initialize__aeabi_                  - Undefined Weak Reference
    __cxa_finalize                            - Undefined Weak Reference
    _clock_init                               - Undefined Weak Reference
    _microlib_exit                            - Undefined Weak Reference
    __Vectors_Size                           0x00000188   Number         0  startup_stm32f407xx.o ABSOLUTE
    __Vectors                                0x08000000   Data           4  startup_stm32f407xx.o(RESET)
    __Vectors_End                            0x08000188   Data           0  startup_stm32f407xx.o(RESET)
    __main                                   0x08000189   Thumb Code     0  entry.o(.ARM.Collect$$$$00000000)
    _main_stk                                0x08000189   Thumb Code     0  entry2.o(.ARM.Collect$$$$00000001)
    _main_scatterload                        0x0800018d   Thumb Code     0  entry5.o(.ARM.Collect$$$$00000004)
    __main_after_scatterload                 0x08000191   Thumb Code     0  entry5.o(.ARM.Collect$$$$00000004)
    _main_clock                              0x08000191   Thumb Code     0  entry7b.o(.ARM.Collect$$$$00000008)
    _main_cpp_init                           0x08000191   Thumb Code     0  entry8b.o(.ARM.Collect$$$$0000000A)
    _main_init                               0x08000191   Thumb Code     0  entry9a.o(.ARM.Collect$$$$0000000B)
    __rt_final_cpp                           0x08000199   Thumb Code     0  entry10a.o(.ARM.Collect$$$$0000000D)
    __rt_final_exit                          0x08000199   Thumb Code     0  entry11a.o(.ARM.Collect$$$$0000000F)
    Reset_Handler                            0x0800019d   Thumb Code     8  startup_stm32f407xx.o(.text)
    NMI_Handler                              0x080001a5   Thumb Code     2  startup_stm32f407xx.o(.text)
    HardFault_Handler                        0x080001a7   Thumb Code     2  startup_stm32f407xx.o(.text)
    MemManage_Handler                        0x080001a9   Thumb Code     2  startup_stm32f407xx.o(.text)
    BusFault_Handler                         0x080001ab   Thumb Code     2  startup_stm32f407xx.o(.text)
    UsageFault_Handler                       0x080001ad   Thumb Code     2  startup_stm32f407xx.o(.text)
    SVC_Handler                              0x080001af   Thumb Code     2  startup_stm32f407xx.o(.text)
    DebugMon_Handler                         0x080001b1   Thumb Code     2  startup_stm32f407xx.o(.text)
    PendSV_Handler                           0x080001b3   Thumb Code     2  startup_stm32f407xx.o(.text)
    ADC_IRQHandler                           0x080001b7   Thumb Code     0  startup_stm32f407xx.o(.text)
    CAN1_RX0_IRQHandler                      0x080001b7   Thumb Code     0  startup_stm32f407xx.o(.text)
    CAN1_RX1_IRQHandler                      0x080001b7   Thumb Code     0  startup_stm32f407xx.o(.text)
    CAN1_SCE_IRQHandler                      0x080001b7   Thumb Code     0  startup_stm32f407xx.o(.text)
    CAN1_TX_IRQHandler                       0x080001b7   Thumb Code     0  startup_stm32f407xx.o(.text)
    CAN2_RX0_IRQHandler                      0x080001b7   Thumb Code     0  startup_stm32f407xx.o(.text)
    CAN2_RX1_IRQHandler                      0x080001b7   Thumb Code     0  startup_stm32f407xx.o(.text)
    CAN2_SCE_IRQHandler                      0x080001b7   Thumb Code     0  startup_stm32f407xx.o(.text)
    CAN2_TX_IRQHandler                       0x080001b7   Thumb Code     0  startup_stm32f407xx.o(.text)
    DCMI_IRQHandler                          0x080001b7   Thumb Code     0  startup_stm32f407xx.o(.text)
    DMA1_Stream0_IRQHandler                  0x080001b7   Thumb Code     0  startup_stm32f407xx.o(.text)
    DMA1_Stream1_IRQHandler                  0x080001b7   Thumb Code     0  startup_stm32f407xx.o(.text)
    DMA1_Stream2_IRQHandler                  0x080001b7   Thumb Code     0  startup_stm32f407xx.o(.text)
    DMA1_Stream3_IRQHandler                  0x080001b7   Thumb Code     0  startup_stm32f407xx.o(.text)
    DMA1_Stream4_IRQHandler                  0x080001b7   Thumb Code     0  startup_stm32f407xx.o(.text)
    DMA1_Stream5_IRQHandler                  0x080001b7   Thumb Code     0  startup_stm32f407xx.o(.text)
    DMA1_Stream6_IRQHandler                  0x080001b7   Thumb Code     0  startup_stm32f407xx.o(.text)
    DMA1_Stream7_IRQHandler                  0x080001b7   Thumb Code     0  startup_stm32f407xx.o(.text)
    DMA2_Stream0_IRQHandler                  0x080001b7   Thumb Code     0  startup_stm32f407xx.o(.text)
    DMA2_Stream1_IRQHandler                  0x080001b7   Thumb Code     0  startup_stm32f407xx.o(.text)
    DMA2_Stream2_IRQHandler                  0x080001b7   Thumb Code     0  startup_stm32f407xx.o(.text)
    DMA2_Stream3_IRQHandler                  0x080001b7   Thumb Code     0  startup_stm32f407xx.o(.text)
    DMA2_Stream4_IRQHandler                  0x080001b7   Thumb Code     0  startup_stm32f407xx.o(.text)
    DMA2_Stream5_IRQHandler                  0x080001b7   Thumb Code     0  startup_stm32f407xx.o(.text)
    DMA2_Stream6_IRQHandler                  0x080001b7   Thumb Code     0  startup_stm32f407xx.o(.text)
    DMA2_Stream7_IRQHandler                  0x080001b7   Thumb Code     0  startup_stm32f407xx.o(.text)
    ETH_IRQHandler                           0x080001b7   Thumb Code     0  startup_stm32f407xx.o(.text)
    ETH_WKUP_IRQHandler                      0x080001b7   Thumb Code     0  startup_stm32f407xx.o(.text)
    EXTI0_IRQHandler                         0x080001b7   Thumb Code     0  startup_stm32f407xx.o(.text)
    EXTI15_10_IRQHandler                     0x080001b7   Thumb Code     0  startup_stm32f407xx.o(.text)
    EXTI1_IRQHandler                         0x080001b7   Thumb Code     0  startup_stm32f407xx.o(.text)
    EXTI2_IRQHandler                         0x080001b7   Thumb Code     0  startup_stm32f407xx.o(.text)
    EXTI3_IRQHandler                         0x080001b7   Thumb Code     0  startup_stm32f407xx.o(.text)
    EXTI4_IRQHandler                         0x080001b7   Thumb Code     0  startup_stm32f407xx.o(.text)
    EXTI9_5_IRQHandler                       0x080001b7   Thumb Code     0  startup_stm32f407xx.o(.text)
    FLASH_IRQHandler                         0x080001b7   Thumb Code     0  startup_stm32f407xx.o(.text)
    FMC_IRQHandler                           0x080001b7   Thumb Code     0  startup_stm32f407xx.o(.text)
    FPU_IRQHandler                           0x080001b7   Thumb Code     0  startup_stm32f407xx.o(.text)
    HASH_RNG_IRQHandler                      0x080001b7   Thumb Code     0  startup_stm32f407xx.o(.text)
    I2C1_ER_IRQHandler                       0x080001b7   Thumb Code     0  startup_stm32f407xx.o(.text)
    I2C1_EV_IRQHandler                       0x080001b7   Thumb Code     0  startup_stm32f407xx.o(.text)
    I2C2_ER_IRQHandler                       0x080001b7   Thumb Code     0  startup_stm32f407xx.o(.text)
    I2C2_EV_IRQHandler                       0x080001b7   Thumb Code     0  startup_stm32f407xx.o(.text)
    OTG_FS_WKUP_IRQHandler                   0x080001b7   Thumb Code     0  startup_stm32f407xx.o(.text)
    OTG_HS_EP1_IN_IRQHandler                 0x080001b7   Thumb Code     0  startup_stm32f407xx.o(.text)
    OTG_HS_EP1_OUT_IRQHandler                0x080001b7   Thumb Code     0  startup_stm32f407xx.o(.text)
    OTG_HS_IRQHandler                        0x080001b7   Thumb Code     0  startup_stm32f407xx.o(.text)
    OTG_HS_WKUP_IRQHandler                   0x080001b7   Thumb Code     0  startup_stm32f407xx.o(.text)
    PVD_IRQHandler                           0x080001b7   Thumb Code     0  startup_stm32f407xx.o(.text)
    RCC_IRQHandler                           0x080001b7   Thumb Code     0  startup_stm32f407xx.o(.text)
    RTC_Alarm_IRQHandler                     0x080001b7   Thumb Code     0  startup_stm32f407xx.o(.text)
    RTC_WKUP_IRQHandler                      0x080001b7   Thumb Code     0  startup_stm32f407xx.o(.text)
    SDIO_IRQHandler                          0x080001b7   Thumb Code     0  startup_stm32f407xx.o(.text)
    SPI1_IRQHandler                          0x080001b7   Thumb Code     0  startup_stm32f407xx.o(.text)
    SPI2_IRQHandler                          0x080001b7   Thumb Code     0  startup_stm32f407xx.o(.text)
    SPI3_IRQHandler                          0x080001b7   Thumb Code     0  startup_stm32f407xx.o(.text)
    TAMP_STAMP_IRQHandler                    0x080001b7   Thumb Code     0  startup_stm32f407xx.o(.text)
    TIM1_BRK_TIM9_IRQHandler                 0x080001b7   Thumb Code     0  startup_stm32f407xx.o(.text)
    TIM1_CC_IRQHandler                       0x080001b7   Thumb Code     0  startup_stm32f407xx.o(.text)
    TIM1_TRG_COM_TIM11_IRQHandler            0x080001b7   Thumb Code     0  startup_stm32f407xx.o(.text)
    TIM1_UP_TIM10_IRQHandler                 0x080001b7   Thumb Code     0  startup_stm32f407xx.o(.text)
    TIM2_IRQHandler                          0x080001b7   Thumb Code     0  startup_stm32f407xx.o(.text)
    TIM3_IRQHandler                          0x080001b7   Thumb Code     0  startup_stm32f407xx.o(.text)
    TIM4_IRQHandler                          0x080001b7   Thumb Code     0  startup_stm32f407xx.o(.text)
    TIM5_IRQHandler                          0x080001b7   Thumb Code     0  startup_stm32f407xx.o(.text)
    TIM6_DAC_IRQHandler                      0x080001b7   Thumb Code     0  startup_stm32f407xx.o(.text)
    TIM8_BRK_TIM12_IRQHandler                0x080001b7   Thumb Code     0  startup_stm32f407xx.o(.text)
    TIM8_CC_IRQHandler                       0x080001b7   Thumb Code     0  startup_stm32f407xx.o(.text)
    TIM8_TRG_COM_TIM14_IRQHandler            0x080001b7   Thumb Code     0  startup_stm32f407xx.o(.text)
    TIM8_UP_TIM13_IRQHandler                 0x080001b7   Thumb Code     0  startup_stm32f407xx.o(.text)
    UART4_IRQHandler                         0x080001b7   Thumb Code     0  startup_stm32f407xx.o(.text)
    UART5_IRQHandler                         0x080001b7   Thumb Code     0  startup_stm32f407xx.o(.text)
    USART1_IRQHandler                        0x080001b7   Thumb Code     0  startup_stm32f407xx.o(.text)
    USART2_IRQHandler                        0x080001b7   Thumb Code     0  startup_stm32f407xx.o(.text)
    USART3_IRQHandler                        0x080001b7   Thumb Code     0  startup_stm32f407xx.o(.text)
    USART6_IRQHandler                        0x080001b7   Thumb Code     0  startup_stm32f407xx.o(.text)
    WWDG_IRQHandler                          0x080001b7   Thumb Code     0  startup_stm32f407xx.o(.text)
    __aeabi_memcpy                           0x080001c1   Thumb Code    36  memcpya.o(.text)
    __aeabi_memcpy4                          0x080001c1   Thumb Code     0  memcpya.o(.text)
    __aeabi_memcpy8                          0x080001c1   Thumb Code     0  memcpya.o(.text)
    __scatterload                            0x080001e5   Thumb Code    28  init.o(.text)
    __scatterload_rt2                        0x080001e5   Thumb Code     0  init.o(.text)
    __decompress                             0x08000209   Thumb Code     0  __dczerorl2.o(.text)
    __decompress1                            0x08000209   Thumb Code    92  __dczerorl2.o(.text)
    BNO055_Error                             0x08000265   Thumb Code    12  main.o(i.BNO055_Error)
    CDC_Transmit_FS                          0x080002b1   Thumb Code    44  usbd_cdc_if.o(i.CDC_Transmit_FS)
    HAL_Delay                                0x080002e5   Thumb Code    22  stm32f4xx_hal.o(i.HAL_Delay)
    HAL_GPIO_Init                            0x080002fd   Thumb Code   404  stm32f4xx_hal_gpio.o(i.HAL_GPIO_Init)
    HAL_GPIO_TogglePin                       0x080004c5   Thumb Code     8  stm32f4xx_hal_gpio.o(i.HAL_GPIO_TogglePin)
    HAL_GetTick                              0x080004cd   Thumb Code     6  stm32f4xx_hal.o(i.HAL_GetTick)
    HAL_I2C_ER_IRQHandler                    0x080004d9   Thumb Code   250  stm32f4xx_hal_i2c.o(i.HAL_I2C_ER_IRQHandler)
    HAL_I2C_EV_IRQHandler                    0x080005d9   Thumb Code   396  stm32f4xx_hal_i2c.o(i.HAL_I2C_EV_IRQHandler)
    HAL_I2C_ErrorCallback                    0x08000769   Thumb Code     2  stm32f4xx_hal_i2c.o(i.HAL_I2C_ErrorCallback)
    HAL_I2C_GetError                         0x0800076b   Thumb Code     6  stm32f4xx_hal_i2c.o(i.HAL_I2C_GetError)
    HAL_I2C_GetState                         0x08000771   Thumb Code     6  stm32f4xx_hal_i2c.o(i.HAL_I2C_GetState)
    HAL_I2C_Init                             0x08000779   Thumb Code   240  stm32f4xx_hal_i2c.o(i.HAL_I2C_Init)
    HAL_I2C_MasterRxCpltCallback             0x08000871   Thumb Code     2  stm32f4xx_hal_i2c.o(i.HAL_I2C_MasterRxCpltCallback)
    HAL_I2C_MasterTxCpltCallback             0x08000873   Thumb Code     2  stm32f4xx_hal_i2c.o(i.HAL_I2C_MasterTxCpltCallback)
    HAL_I2C_MemRxCpltCallback                0x08000875   Thumb Code     2  stm32f4xx_hal_i2c.o(i.HAL_I2C_MemRxCpltCallback)
    HAL_I2C_MemTxCpltCallback                0x08000877   Thumb Code     2  stm32f4xx_hal_i2c.o(i.HAL_I2C_MemTxCpltCallback)
    HAL_I2C_Mem_Read                         0x08000879   Thumb Code   432  stm32f4xx_hal_i2c.o(i.HAL_I2C_Mem_Read)
    HAL_I2C_Mem_Write                        0x08000a31   Thumb Code   212  stm32f4xx_hal_i2c.o(i.HAL_I2C_Mem_Write)
    HAL_I2C_MspInit                          0x08000b0d   Thumb Code   106  i2c.o(i.HAL_I2C_MspInit)
    HAL_I2C_SlaveRxCpltCallback              0x08000b89   Thumb Code     2  stm32f4xx_hal_i2c.o(i.HAL_I2C_SlaveRxCpltCallback)
    HAL_I2C_SlaveTxCpltCallback              0x08000b8b   Thumb Code     2  stm32f4xx_hal_i2c.o(i.HAL_I2C_SlaveTxCpltCallback)
    HAL_IncTick                              0x08000b8d   Thumb Code    10  stm32f4xx_hal.o(i.HAL_IncTick)
    HAL_Init                                 0x08000b9d   Thumb Code    48  stm32f4xx_hal.o(i.HAL_Init)
    HAL_InitTick                             0x08000bd1   Thumb Code    34  stm32f4xx_hal.o(i.HAL_InitTick)
    HAL_MspInit                              0x08000bf3   Thumb Code     2  stm32f4xx_hal.o(i.HAL_MspInit)
    HAL_NVIC_ClearPendingIRQ                 0x08000bf5   Thumb Code    24  stm32f4xx_hal_cortex.o(i.HAL_NVIC_ClearPendingIRQ)
    HAL_NVIC_EnableIRQ                       0x08000c0d   Thumb Code    24  stm32f4xx_hal_cortex.o(i.HAL_NVIC_EnableIRQ)
    HAL_NVIC_SetPriority                     0x08000c25   Thumb Code    60  stm32f4xx_hal_cortex.o(i.HAL_NVIC_SetPriority)
    HAL_NVIC_SetPriorityGrouping             0x08000c65   Thumb Code    26  stm32f4xx_hal_cortex.o(i.HAL_NVIC_SetPriorityGrouping)
    HAL_PCDEx_SetRxFiFo                      0x08000c89   Thumb Code     8  stm32f4xx_hal_pcd_ex.o(i.HAL_PCDEx_SetRxFiFo)
    HAL_PCDEx_SetTxFiFo                      0x08000c91   Thumb Code    68  stm32f4xx_hal_pcd_ex.o(i.HAL_PCDEx_SetTxFiFo)
    HAL_PCD_ConnectCallback                  0x08000cd5   Thumb Code     8  usbd_conf.o(i.HAL_PCD_ConnectCallback)
    HAL_PCD_DataInStageCallback              0x08000cdd   Thumb Code    18  usbd_conf.o(i.HAL_PCD_DataInStageCallback)
    HAL_PCD_DataOutStageCallback             0x08000cef   Thumb Code    20  usbd_conf.o(i.HAL_PCD_DataOutStageCallback)
    HAL_PCD_DisconnectCallback               0x08000d03   Thumb Code     8  usbd_conf.o(i.HAL_PCD_DisconnectCallback)
    HAL_PCD_EP_Close                         0x08000d0b   Thumb Code    68  stm32f4xx_hal_pcd.o(i.HAL_PCD_EP_Close)
    HAL_PCD_EP_ClrStall                      0x08000d4f   Thumb Code    80  stm32f4xx_hal_pcd.o(i.HAL_PCD_EP_ClrStall)
    HAL_PCD_EP_GetRxCount                    0x08000d9f   Thumb Code    20  stm32f4xx_hal_pcd.o(i.HAL_PCD_EP_GetRxCount)
    HAL_PCD_EP_Open                          0x08000db3   Thumb Code    84  stm32f4xx_hal_pcd.o(i.HAL_PCD_EP_Open)
    HAL_PCD_EP_Receive                       0x08000e07   Thumb Code    86  stm32f4xx_hal_pcd.o(i.HAL_PCD_EP_Receive)
    HAL_PCD_EP_SetStall                      0x08000e5d   Thumb Code    96  stm32f4xx_hal_pcd.o(i.HAL_PCD_EP_SetStall)
    HAL_PCD_EP_Transmit                      0x08000ebd   Thumb Code    86  stm32f4xx_hal_pcd.o(i.HAL_PCD_EP_Transmit)
    HAL_PCD_IRQHandler                       0x08000f15   Thumb Code  1006  stm32f4xx_hal_pcd.o(i.HAL_PCD_IRQHandler)
    HAL_PCD_ISOINIncompleteCallback          0x08001303   Thumb Code     8  usbd_conf.o(i.HAL_PCD_ISOINIncompleteCallback)
    HAL_PCD_ISOOUTIncompleteCallback         0x0800130b   Thumb Code     8  usbd_conf.o(i.HAL_PCD_ISOOUTIncompleteCallback)
    HAL_PCD_Init                             0x08001313   Thumb Code   186  stm32f4xx_hal_pcd.o(i.HAL_PCD_Init)
    HAL_PCD_MspInit                          0x080013cd   Thumb Code   108  usbd_conf.o(i.HAL_PCD_MspInit)
    HAL_PCD_ResetCallback                    0x08001441   Thumb Code    32  usbd_conf.o(i.HAL_PCD_ResetCallback)
    HAL_PCD_ResumeCallback                   0x08001461   Thumb Code     8  usbd_conf.o(i.HAL_PCD_ResumeCallback)
    HAL_PCD_SOFCallback                      0x08001469   Thumb Code     8  usbd_conf.o(i.HAL_PCD_SOFCallback)
    HAL_PCD_SetAddress                       0x08001471   Thumb Code    36  stm32f4xx_hal_pcd.o(i.HAL_PCD_SetAddress)
    HAL_PCD_SetupStageCallback               0x08001495   Thumb Code    14  usbd_conf.o(i.HAL_PCD_SetupStageCallback)
    HAL_PCD_Start                            0x080014a3   Thumb Code    42  stm32f4xx_hal_pcd.o(i.HAL_PCD_Start)
    HAL_PCD_SuspendCallback                  0x080014cd   Thumb Code     8  usbd_conf.o(i.HAL_PCD_SuspendCallback)
    HAL_RCC_ClockConfig                      0x080014d5   Thumb Code   432  stm32f4xx_hal_rcc.o(i.HAL_RCC_ClockConfig)
    HAL_RCC_GetHCLKFreq                      0x0800168d   Thumb Code    38  stm32f4xx_hal_rcc.o(i.HAL_RCC_GetHCLKFreq)
    HAL_RCC_GetPCLK1Freq                     0x080016c1   Thumb Code    36  stm32f4xx_hal_rcc.o(i.HAL_RCC_GetPCLK1Freq)
    HAL_RCC_GetSysClockFreq                  0x080016ed   Thumb Code   120  stm32f4xx_hal_rcc.o(i.HAL_RCC_GetSysClockFreq)
    HAL_RCC_OscConfig                        0x08001771   Thumb Code   802  stm32f4xx_hal_rcc.o(i.HAL_RCC_OscConfig)
    HAL_SYSTICK_Callback                     0x08001aa9   Thumb Code     2  stm32f4xx_hal_cortex.o(i.HAL_SYSTICK_Callback)
    HAL_SYSTICK_Config                       0x08001aab   Thumb Code    40  stm32f4xx_hal_cortex.o(i.HAL_SYSTICK_Config)
    HAL_SYSTICK_IRQHandler                   0x08001ad3   Thumb Code     8  stm32f4xx_hal_cortex.o(i.HAL_SYSTICK_IRQHandler)
    HAL_TIMEx_BreakCallback                  0x08001adb   Thumb Code     2  stm32f4xx_hal_tim_ex.o(i.HAL_TIMEx_BreakCallback)
    HAL_TIMEx_CommutationCallback            0x08001add   Thumb Code     2  stm32f4xx_hal_tim_ex.o(i.HAL_TIMEx_CommutationCallback)
    HAL_TIMEx_MasterConfigSynchronization    0x08001adf   Thumb Code    80  stm32f4xx_hal_tim_ex.o(i.HAL_TIMEx_MasterConfigSynchronization)
    HAL_TIM_Base_Init                        0x08001b2f   Thumb Code    48  stm32f4xx_hal_tim.o(i.HAL_TIM_Base_Init)
    HAL_TIM_Base_MspInit                     0x08001b61   Thumb Code    48  tim.o(i.HAL_TIM_Base_MspInit)
    HAL_TIM_Base_Start_IT                    0x08001b99   Thumb Code    24  stm32f4xx_hal_tim.o(i.HAL_TIM_Base_Start_IT)
    HAL_TIM_IC_CaptureCallback               0x08001bb1   Thumb Code     2  stm32f4xx_hal_tim.o(i.HAL_TIM_IC_CaptureCallback)
    HAL_TIM_IRQHandler                       0x08001bb3   Thumb Code   358  stm32f4xx_hal_tim.o(i.HAL_TIM_IRQHandler)
    HAL_TIM_OC_DelayElapsedCallback          0x08001d19   Thumb Code     2  stm32f4xx_hal_tim.o(i.HAL_TIM_OC_DelayElapsedCallback)
    HAL_TIM_PWM_PulseFinishedCallback        0x08001d1b   Thumb Code     2  stm32f4xx_hal_tim.o(i.HAL_TIM_PWM_PulseFinishedCallback)
    HAL_TIM_PeriodElapsedCallback            0x08001d1d   Thumb Code   104  main.o(i.HAL_TIM_PeriodElapsedCallback)
    HAL_TIM_TriggerCallback                  0x08001d95   Thumb Code     2  stm32f4xx_hal_tim.o(i.HAL_TIM_TriggerCallback)
    I2C3_ER_IRQHandler                       0x08001d99   Thumb Code    18  stm32f4xx_it.o(i.I2C3_ER_IRQHandler)
    I2C3_EV_IRQHandler                       0x08001db1   Thumb Code    18  stm32f4xx_it.o(i.I2C3_EV_IRQHandler)
    MX_GPIO_Init                             0x080021cd   Thumb Code    58  gpio.o(i.MX_GPIO_Init)
    MX_I2C3_Init                             0x08002211   Thumb Code    36  i2c.o(i.MX_I2C3_Init)
    MX_TIM7_Init                             0x08002241   Thumb Code    40  tim.o(i.MX_TIM7_Init)
    MX_USB_DEVICE_Init                       0x08002271   Thumb Code    38  usb_device.o(i.MX_USB_DEVICE_Init)
    OTG_FS_IRQHandler                        0x080022c9   Thumb Code    18  stm32f4xx_it.o(i.OTG_FS_IRQHandler)
    SysTick_Handler                          0x08002379   Thumb Code    14  stm32f4xx_it.o(i.SysTick_Handler)
    SystemClock_Config                       0x08002389   Thumb Code    92  main.o(i.SystemClock_Config)
    SystemInit                               0x080023ed   Thumb Code    66  system_stm32f4xx.o(i.SystemInit)
    TIM7_IRQHandler                          0x08002441   Thumb Code    18  stm32f4xx_it.o(i.TIM7_IRQHandler)
    TIM_Base_SetConfig                       0x08002459   Thumb Code   148  stm32f4xx_hal_tim.o(i.TIM_Base_SetConfig)
    USBD_CDC_GetDeviceQualifierDescriptor    0x080025b9   Thumb Code     8  usbd_cdc.o(i.USBD_CDC_GetDeviceQualifierDescriptor)
    USBD_CDC_RegisterInterface               0x08002671   Thumb Code    16  usbd_cdc.o(i.USBD_CDC_RegisterInterface)
    USBD_CDC_SetRxBuffer                     0x08002681   Thumb Code    12  usbd_cdc.o(i.USBD_CDC_SetRxBuffer)
    USBD_CDC_SetTxBuffer                     0x0800268d   Thumb Code    16  usbd_cdc.o(i.USBD_CDC_SetTxBuffer)
    USBD_CDC_TransmitPacket                  0x080026f9   Thumb Code    46  usbd_cdc.o(i.USBD_CDC_TransmitPacket)
    USBD_ClrClassConfig                      0x08002727   Thumb Code    14  usbd_core.o(i.USBD_ClrClassConfig)
    USBD_CtlContinueRx                       0x08002735   Thumb Code    16  usbd_ioreq.o(i.USBD_CtlContinueRx)
    USBD_CtlContinueSendData                 0x08002745   Thumb Code    16  usbd_ioreq.o(i.USBD_CtlContinueSendData)
    USBD_CtlError                            0x08002755   Thumb Code    22  usbd_ctlreq.o(i.USBD_CtlError)
    USBD_CtlPrepareRx                        0x0800276b   Thumb Code    30  usbd_ioreq.o(i.USBD_CtlPrepareRx)
    USBD_CtlReceiveStatus                    0x08002789   Thumb Code    22  usbd_ioreq.o(i.USBD_CtlReceiveStatus)
    USBD_CtlSendData                         0x0800279f   Thumb Code    26  usbd_ioreq.o(i.USBD_CtlSendData)
    USBD_CtlSendStatus                       0x080027b9   Thumb Code    22  usbd_ioreq.o(i.USBD_CtlSendStatus)
    USBD_FS_ConfigStrDescriptor              0x080027d1   Thumb Code    16  usbd_desc.o(i.USBD_FS_ConfigStrDescriptor)
    USBD_FS_DeviceDescriptor                 0x080027f1   Thumb Code     8  usbd_desc.o(i.USBD_FS_DeviceDescriptor)
    USBD_FS_InterfaceStrDescriptor           0x080027fd   Thumb Code    16  usbd_desc.o(i.USBD_FS_InterfaceStrDescriptor)
    USBD_FS_LangIDStrDescriptor              0x08002821   Thumb Code     8  usbd_desc.o(i.USBD_FS_LangIDStrDescriptor)
    USBD_FS_ManufacturerStrDescriptor        0x0800282d   Thumb Code    16  usbd_desc.o(i.USBD_FS_ManufacturerStrDescriptor)
    USBD_FS_ProductStrDescriptor             0x08002855   Thumb Code    16  usbd_desc.o(i.USBD_FS_ProductStrDescriptor)
    USBD_FS_SerialStrDescriptor              0x08002881   Thumb Code    16  usbd_desc.o(i.USBD_FS_SerialStrDescriptor)
    USBD_GetString                           0x08002987   Thumb Code    70  usbd_ctlreq.o(i.USBD_GetString)
    USBD_Init                                0x080029cd   Thumb Code    42  usbd_core.o(i.USBD_Init)
    USBD_LL_ClearStallEP                     0x080029f7   Thumb Code    14  usbd_conf.o(i.USBD_LL_ClearStallEP)
    USBD_LL_CloseEP                          0x08002a05   Thumb Code    14  usbd_conf.o(i.USBD_LL_CloseEP)
    USBD_LL_DataInStage                      0x08002a13   Thumb Code   160  usbd_core.o(i.USBD_LL_DataInStage)
    USBD_LL_DataOutStage                     0x08002ab3   Thumb Code   106  usbd_core.o(i.USBD_LL_DataOutStage)
    USBD_LL_DevConnected                     0x08002b1d   Thumb Code     4  usbd_core.o(i.USBD_LL_DevConnected)
    USBD_LL_DevDisconnected                  0x08002b21   Thumb Code    22  usbd_core.o(i.USBD_LL_DevDisconnected)
    USBD_LL_GetRxDataSize                    0x08002b37   Thumb Code     8  usbd_conf.o(i.USBD_LL_GetRxDataSize)
    USBD_LL_Init                             0x08002b41   Thumb Code    88  usbd_conf.o(i.USBD_LL_Init)
    USBD_LL_IsStallEP                        0x08002b9d   Thumb Code    32  usbd_conf.o(i.USBD_LL_IsStallEP)
    USBD_LL_IsoINIncomplete                  0x08002bbd   Thumb Code     4  usbd_core.o(i.USBD_LL_IsoINIncomplete)
    USBD_LL_IsoOUTIncomplete                 0x08002bc1   Thumb Code     4  usbd_core.o(i.USBD_LL_IsoOUTIncomplete)
    USBD_LL_OpenEP                           0x08002bc5   Thumb Code    20  usbd_conf.o(i.USBD_LL_OpenEP)
    USBD_LL_PrepareReceive                   0x08002bd9   Thumb Code    14  usbd_conf.o(i.USBD_LL_PrepareReceive)
    USBD_LL_Reset                            0x08002be7   Thumb Code    62  usbd_core.o(i.USBD_LL_Reset)
    USBD_LL_Resume                           0x08002c25   Thumb Code    12  usbd_core.o(i.USBD_LL_Resume)
    USBD_LL_SOF                              0x08002c31   Thumb Code    24  usbd_core.o(i.USBD_LL_SOF)
    USBD_LL_SetSpeed                         0x08002c49   Thumb Code     6  usbd_core.o(i.USBD_LL_SetSpeed)
    USBD_LL_SetUSBAddress                    0x08002c4f   Thumb Code    14  usbd_conf.o(i.USBD_LL_SetUSBAddress)
    USBD_LL_SetupStage                       0x08002c5d   Thumb Code    90  usbd_core.o(i.USBD_LL_SetupStage)
    USBD_LL_StallEP                          0x08002cb7   Thumb Code    14  usbd_conf.o(i.USBD_LL_StallEP)
    USBD_LL_Start                            0x08002cc5   Thumb Code    14  usbd_conf.o(i.USBD_LL_Start)
    USBD_LL_Suspend                          0x08002cd3   Thumb Code    16  usbd_core.o(i.USBD_LL_Suspend)
    USBD_LL_Transmit                         0x08002ce3   Thumb Code    14  usbd_conf.o(i.USBD_LL_Transmit)
    USBD_ParseSetupRequest                   0x08002cf1   Thumb Code    40  usbd_ctlreq.o(i.USBD_ParseSetupRequest)
    USBD_RegisterClass                       0x08002d19   Thumb Code    16  usbd_core.o(i.USBD_RegisterClass)
    USBD_SetClassConfig                      0x08002d29   Thumb Code    22  usbd_core.o(i.USBD_SetClassConfig)
    USBD_Start                               0x08002db5   Thumb Code    10  usbd_core.o(i.USBD_Start)
    USBD_StdDevReq                           0x08002dbf   Thumb Code   258  usbd_ctlreq.o(i.USBD_StdDevReq)
    USBD_StdEPReq                            0x08002ec1   Thumb Code   194  usbd_ctlreq.o(i.USBD_StdEPReq)
    USBD_StdItfReq                           0x08002f83   Thumb Code    52  usbd_ctlreq.o(i.USBD_StdItfReq)
    USB_ActivateEndpoint                     0x08002fb9   Thumb Code   126  stm32f4xx_ll_usb.o(i.USB_ActivateEndpoint)
    USB_ActivateSetup                        0x0800303d   Thumb Code    54  stm32f4xx_ll_usb.o(i.USB_ActivateSetup)
    USB_CoreInit                             0x08003075   Thumb Code   104  stm32f4xx_ll_usb.o(i.USB_CoreInit)
    USB_DeactivateEndpoint                   0x08003119   Thumb Code   110  stm32f4xx_ll_usb.o(i.USB_DeactivateEndpoint)
    USB_DevConnect                           0x08003187   Thumb Code    26  stm32f4xx_ll_usb.o(i.USB_DevConnect)
    USB_DevDisconnect                        0x080031a1   Thumb Code    26  stm32f4xx_ll_usb.o(i.USB_DevDisconnect)
    USB_DevInit                              0x080031bd   Thumb Code   310  stm32f4xx_ll_usb.o(i.USB_DevInit)
    USB_DisableGlobalInt                     0x08003305   Thumb Code    12  stm32f4xx_ll_usb.o(i.USB_DisableGlobalInt)
    USB_EP0StartXfer                         0x08003311   Thumb Code   322  stm32f4xx_ll_usb.o(i.USB_EP0StartXfer)
    USB_EP0_OutStart                         0x08003459   Thumb Code    56  stm32f4xx_ll_usb.o(i.USB_EP0_OutStart)
    USB_EPClearStall                         0x08003491   Thumb Code   102  stm32f4xx_ll_usb.o(i.USB_EPClearStall)
    USB_EPSetStall                           0x080034f9   Thumb Code   100  stm32f4xx_ll_usb.o(i.USB_EPSetStall)
    USB_EPStartXfer                          0x0800355d   Thumb Code   560  stm32f4xx_ll_usb.o(i.USB_EPStartXfer)
    USB_EnableGlobalInt                      0x08003791   Thumb Code    12  stm32f4xx_ll_usb.o(i.USB_EnableGlobalInt)
    USB_FlushRxFifo                          0x0800379d   Thumb Code    28  stm32f4xx_ll_usb.o(i.USB_FlushRxFifo)
    USB_FlushTxFifo                          0x080037bd   Thumb Code    32  stm32f4xx_ll_usb.o(i.USB_FlushTxFifo)
    USB_GetDevSpeed                          0x080037e1   Thumb Code    60  stm32f4xx_ll_usb.o(i.USB_GetDevSpeed)
    USB_GetMode                              0x0800381d   Thumb Code     8  stm32f4xx_ll_usb.o(i.USB_GetMode)
    USB_ReadDevAllInEpInterrupt              0x08003825   Thumb Code    14  stm32f4xx_ll_usb.o(i.USB_ReadDevAllInEpInterrupt)
    USB_ReadDevAllOutEpInterrupt             0x08003833   Thumb Code    14  stm32f4xx_ll_usb.o(i.USB_ReadDevAllOutEpInterrupt)
    USB_ReadDevInEPInterrupt                 0x08003841   Thumb Code    30  stm32f4xx_ll_usb.o(i.USB_ReadDevInEPInterrupt)
    USB_ReadDevOutEPInterrupt                0x0800385f   Thumb Code    16  stm32f4xx_ll_usb.o(i.USB_ReadDevOutEPInterrupt)
    USB_ReadInterrupts                       0x0800386f   Thumb Code     8  stm32f4xx_ll_usb.o(i.USB_ReadInterrupts)
    USB_ReadPacket                           0x08003877   Thumb Code    32  stm32f4xx_ll_usb.o(i.USB_ReadPacket)
    USB_SetCurrentMode                       0x08003897   Thumb Code    44  stm32f4xx_ll_usb.o(i.USB_SetCurrentMode)
    USB_SetDevAddress                        0x080038c3   Thumb Code    32  stm32f4xx_ll_usb.o(i.USB_SetDevAddress)
    USB_SetDevSpeed                          0x080038e3   Thumb Code    16  stm32f4xx_ll_usb.o(i.USB_SetDevSpeed)
    USB_WritePacket                          0x080038f5   Thumb Code    40  stm32f4xx_ll_usb.o(i.USB_WritePacket)
    __scatterload_copy                       0x0800391d   Thumb Code    14  handlers.o(i.__scatterload_copy)
    __scatterload_null                       0x0800392b   Thumb Code     2  handlers.o(i.__scatterload_null)
    __scatterload_zeroinit                   0x0800392d   Thumb Code    14  handlers.o(i.__scatterload_zeroinit)
    free                                     0x0800393d   Thumb Code    76  malloc.o(i.free)
    main                                     0x0800398d   Thumb Code   200  main.o(i.main)
    malloc                                   0x08003a69   Thumb Code    92  malloc.o(i.malloc)
    APBAHBPrescTable                         0x08003ad4   Data          16  stm32f4xx_hal_rcc.o(.constdata)
    Region$$Table$$Base                      0x08003ae4   Number         0  anon$$obj.o(Region$$Table)
    Region$$Table$$Limit                     0x08003b04   Number         0  anon$$obj.o(Region$$Table)
    i2cRes                                   0x20000000   Data           1  main.o(.data)
    i2cState                                 0x20000001   Data           1  main.o(.data)
    devAddress                               0x20000002   Data           2  main.o(.data)
    IDData                                   0x20000004   Data           4  main.o(.data)
    i2cError                                 0x20000008   Data           4  main.o(.data)
    USBD_Interface_fops_FS                   0x2000000c   Data          16  usbd_cdc_if.o(.data)
    hUsbDevice_0                             0x2000001c   Data           4  usbd_cdc_if.o(.data)
    FS_Desc                                  0x20000020   Data          28  usbd_desc.o(.data)
    USBD_LangIDDesc                          0x2000003c   Data           4  usbd_desc.o(.data)
    USBD_FS_DeviceDesc                       0x20000040   Data          18  usbd_desc.o(.data)
    SystemCoreClock                          0x20000054   Data           4  system_stm32f4xx.o(.data)
    AHBPrescTable                            0x20000058   Data          16  system_stm32f4xx.o(.data)
    USBD_CDC_CfgHSDesc                       0x20000078   Data          67  usbd_cdc.o(.data)
    USBD_CDC_CfgFSDesc                       0x200000bc   Data          67  usbd_cdc.o(.data)
    USBD_CDC_OtherSpeedCfgDesc               0x20000100   Data          67  usbd_cdc.o(.data)
    USBD_CDC                                 0x20000144   Data          56  usbd_cdc.o(.data)
    __microlib_freelist                      0x20000180   Data           4  mvars.o(.data)
    __microlib_freelist_initialised          0x20000184   Data           4  mvars.o(.data)
    hi2c3                                    0x20000188   Data          56  i2c.o(.bss)
    testDataToSend                           0x200001c0   Data          16  main.o(.bss)
    htim7                                    0x200001d0   Data          60  tim.o(.bss)
    hUsbDeviceFS                             0x2000020c   Data         548  usb_device.o(.bss)
    UserRxBufferFS                           0x20000430   Data         512  usbd_cdc_if.o(.bss)
    UserTxBufferFS                           0x20000630   Data         512  usbd_cdc_if.o(.bss)
    hpcd_USB_OTG_FS                          0x20000830   Data         944  usbd_conf.o(.bss)
    USBD_StrDesc                             0x20000be0   Data         512  usbd_desc.o(.bss)
    __heap_base                              0x20000de0   Data           0  startup_stm32f407xx.o(HEAP)
    __heap_limit                             0x200011e0   Data           0  startup_stm32f407xx.o(HEAP)
    __initial_sp                             0x200015e0   Data           0  startup_stm32f407xx.o(STACK)



==============================================================================

Memory Map of the image

  Image Entry point : 0x08000189

  Load Region LR_IROM1 (Base: 0x08000000, Size: 0x00003c8c, Max: 0x00100000, ABSOLUTE, COMPRESSED[0x00003bc4])

    Execution Region ER_IROM1 (Base: 0x08000000, Size: 0x00003b04, Max: 0x00100000, ABSOLUTE)

    Base Addr    Size         Type   Attr      Idx    E Section Name        Object

    0x08000000   0x00000188   Data   RO            3    RESET               startup_stm32f407xx.o
    0x08000188   0x00000000   Code   RO         3612  * .ARM.Collect$$$$00000000  mc_w.l(entry.o)
    0x08000188   0x00000004   Code   RO         3647    .ARM.Collect$$$$00000001  mc_w.l(entry2.o)
    0x0800018c   0x00000004   Code   RO         3650    .ARM.Collect$$$$00000004  mc_w.l(entry5.o)
    0x08000190   0x00000000   Code   RO         3652    .ARM.Collect$$$$00000008  mc_w.l(entry7b.o)
    0x08000190   0x00000000   Code   RO         3654    .ARM.Collect$$$$0000000A  mc_w.l(entry8b.o)
    0x08000190   0x00000008   Code   RO         3655    .ARM.Collect$$$$0000000B  mc_w.l(entry9a.o)
    0x08000198   0x00000000   Code   RO         3657    .ARM.Collect$$$$0000000D  mc_w.l(entry10a.o)
    0x08000198   0x00000000   Code   RO         3659    .ARM.Collect$$$$0000000F  mc_w.l(entry11a.o)
    0x08000198   0x00000004   Code   RO         3648    .ARM.Collect$$$$00002712  mc_w.l(entry2.o)
    0x0800019c   0x00000024   Code   RO            4    .text               startup_stm32f407xx.o
    0x080001c0   0x00000024   Code   RO         3615    .text               mc_w.l(memcpya.o)
    0x080001e4   0x00000024   Code   RO         3663    .text               mc_w.l(init.o)
    0x08000208   0x0000005c   Code   RO         3673    .text               mc_w.l(__dczerorl2.o)
    0x08000264   0x00000014   Code   RO          166    i.BNO055_Error      main.o
    0x08000278   0x00000004   Code   RO          372    i.CDC_Control_FS    usbd_cdc_if.o
    0x0800027c   0x00000004   Code   RO          373    i.CDC_DeInit_FS     usbd_cdc_if.o
    0x08000280   0x0000002c   Code   RO          374    i.CDC_Init_FS       usbd_cdc_if.o
    0x080002ac   0x00000004   Code   RO          375    i.CDC_Receive_FS    usbd_cdc_if.o
    0x080002b0   0x00000034   Code   RO          376    i.CDC_Transmit_FS   usbd_cdc_if.o
    0x080002e4   0x00000016   Code   RO          721    i.HAL_Delay         stm32f4xx_hal.o
    0x080002fa   0x00000002   PAD
    0x080002fc   0x000001c8   Code   RO         1266    i.HAL_GPIO_Init     stm32f4xx_hal_gpio.o
    0x080004c4   0x00000008   Code   RO         1269    i.HAL_GPIO_TogglePin  stm32f4xx_hal_gpio.o
    0x080004cc   0x0000000c   Code   RO          733    i.HAL_GetTick       stm32f4xx_hal.o
    0x080004d8   0x00000100   Code   RO         1326    i.HAL_I2C_ER_IRQHandler  stm32f4xx_hal_i2c.o
    0x080005d8   0x00000190   Code   RO         1327    i.HAL_I2C_EV_IRQHandler  stm32f4xx_hal_i2c.o
    0x08000768   0x00000002   Code   RO         1328    i.HAL_I2C_ErrorCallback  stm32f4xx_hal_i2c.o
    0x0800076a   0x00000006   Code   RO         1329    i.HAL_I2C_GetError  stm32f4xx_hal_i2c.o
    0x08000770   0x00000006   Code   RO         1330    i.HAL_I2C_GetState  stm32f4xx_hal_i2c.o
    0x08000776   0x00000002   PAD
    0x08000778   0x000000f8   Code   RO         1331    i.HAL_I2C_Init      stm32f4xx_hal_i2c.o
    0x08000870   0x00000002   Code   RO         1333    i.HAL_I2C_MasterRxCpltCallback  stm32f4xx_hal_i2c.o
    0x08000872   0x00000002   Code   RO         1334    i.HAL_I2C_MasterTxCpltCallback  stm32f4xx_hal_i2c.o
    0x08000874   0x00000002   Code   RO         1341    i.HAL_I2C_MemRxCpltCallback  stm32f4xx_hal_i2c.o
    0x08000876   0x00000002   Code   RO         1342    i.HAL_I2C_MemTxCpltCallback  stm32f4xx_hal_i2c.o
    0x08000878   0x000001b8   Code   RO         1343    i.HAL_I2C_Mem_Read  stm32f4xx_hal_i2c.o
    0x08000a30   0x000000dc   Code   RO         1346    i.HAL_I2C_Mem_Write  stm32f4xx_hal_i2c.o
    0x08000b0c   0x0000007c   Code   RO          129    i.HAL_I2C_MspInit   i2c.o
    0x08000b88   0x00000002   Code   RO         1351    i.HAL_I2C_SlaveRxCpltCallback  stm32f4xx_hal_i2c.o
    0x08000b8a   0x00000002   Code   RO         1352    i.HAL_I2C_SlaveTxCpltCallback  stm32f4xx_hal_i2c.o
    0x08000b8c   0x00000010   Code   RO          734    i.HAL_IncTick       stm32f4xx_hal.o
    0x08000b9c   0x00000034   Code   RO          735    i.HAL_Init          stm32f4xx_hal.o
    0x08000bd0   0x00000022   Code   RO          736    i.HAL_InitTick      stm32f4xx_hal.o
    0x08000bf2   0x00000002   Code   RO          738    i.HAL_MspInit       stm32f4xx_hal.o
    0x08000bf4   0x00000018   Code   RO          862    i.HAL_NVIC_ClearPendingIRQ  stm32f4xx_hal_cortex.o
    0x08000c0c   0x00000018   Code   RO          864    i.HAL_NVIC_EnableIRQ  stm32f4xx_hal_cortex.o
    0x08000c24   0x00000040   Code   RO          870    i.HAL_NVIC_SetPriority  stm32f4xx_hal_cortex.o
    0x08000c64   0x00000024   Code   RO          871    i.HAL_NVIC_SetPriorityGrouping  stm32f4xx_hal_cortex.o
    0x08000c88   0x00000008   Code   RO         1848    i.HAL_PCDEx_SetRxFiFo  stm32f4xx_hal_pcd_ex.o
    0x08000c90   0x00000044   Code   RO         1849    i.HAL_PCDEx_SetTxFiFo  stm32f4xx_hal_pcd_ex.o
    0x08000cd4   0x00000008   Code   RO          439    i.HAL_PCD_ConnectCallback  usbd_conf.o
    0x08000cdc   0x00000012   Code   RO          440    i.HAL_PCD_DataInStageCallback  usbd_conf.o
    0x08000cee   0x00000014   Code   RO          441    i.HAL_PCD_DataOutStageCallback  usbd_conf.o
    0x08000d02   0x00000008   Code   RO          442    i.HAL_PCD_DisconnectCallback  usbd_conf.o
    0x08000d0a   0x00000044   Code   RO         1646    i.HAL_PCD_EP_Close  stm32f4xx_hal_pcd.o
    0x08000d4e   0x00000050   Code   RO         1647    i.HAL_PCD_EP_ClrStall  stm32f4xx_hal_pcd.o
    0x08000d9e   0x00000014   Code   RO         1649    i.HAL_PCD_EP_GetRxCount  stm32f4xx_hal_pcd.o
    0x08000db2   0x00000054   Code   RO         1650    i.HAL_PCD_EP_Open   stm32f4xx_hal_pcd.o
    0x08000e06   0x00000056   Code   RO         1651    i.HAL_PCD_EP_Receive  stm32f4xx_hal_pcd.o
    0x08000e5c   0x00000060   Code   RO         1652    i.HAL_PCD_EP_SetStall  stm32f4xx_hal_pcd.o
    0x08000ebc   0x00000056   Code   RO         1653    i.HAL_PCD_EP_Transmit  stm32f4xx_hal_pcd.o
    0x08000f12   0x00000002   PAD
    0x08000f14   0x000003ee   Code   RO         1655    i.HAL_PCD_IRQHandler  stm32f4xx_hal_pcd.o
    0x08001302   0x00000008   Code   RO          443    i.HAL_PCD_ISOINIncompleteCallback  usbd_conf.o
    0x0800130a   0x00000008   Code   RO          444    i.HAL_PCD_ISOOUTIncompleteCallback  usbd_conf.o
    0x08001312   0x000000ba   Code   RO         1658    i.HAL_PCD_Init      stm32f4xx_hal_pcd.o
    0x080013cc   0x00000074   Code   RO          446    i.HAL_PCD_MspInit   usbd_conf.o
    0x08001440   0x00000020   Code   RO          447    i.HAL_PCD_ResetCallback  usbd_conf.o
    0x08001460   0x00000008   Code   RO          448    i.HAL_PCD_ResumeCallback  usbd_conf.o
    0x08001468   0x00000008   Code   RO          449    i.HAL_PCD_SOFCallback  usbd_conf.o
    0x08001470   0x00000024   Code   RO         1664    i.HAL_PCD_SetAddress  stm32f4xx_hal_pcd.o
    0x08001494   0x0000000e   Code   RO          450    i.HAL_PCD_SetupStageCallback  usbd_conf.o
    0x080014a2   0x0000002a   Code   RO         1666    i.HAL_PCD_Start     stm32f4xx_hal_pcd.o
    0x080014cc   0x00000008   Code   RO          451    i.HAL_PCD_SuspendCallback  usbd_conf.o
    0x080014d4   0x000001b8   Code   RO         2005    i.HAL_RCC_ClockConfig  stm32f4xx_hal_rcc.o
    0x0800168c   0x00000034   Code   RO         2010    i.HAL_RCC_GetHCLKFreq  stm32f4xx_hal_rcc.o
    0x080016c0   0x0000002c   Code   RO         2012    i.HAL_RCC_GetPCLK1Freq  stm32f4xx_hal_rcc.o
    0x080016ec   0x00000084   Code   RO         2014    i.HAL_RCC_GetSysClockFreq  stm32f4xx_hal_rcc.o
    0x08001770   0x00000338   Code   RO         2017    i.HAL_RCC_OscConfig  stm32f4xx_hal_rcc.o
    0x08001aa8   0x00000002   Code   RO          874    i.HAL_SYSTICK_Callback  stm32f4xx_hal_cortex.o
    0x08001aaa   0x00000028   Code   RO          875    i.HAL_SYSTICK_Config  stm32f4xx_hal_cortex.o
    0x08001ad2   0x00000008   Code   RO          876    i.HAL_SYSTICK_IRQHandler  stm32f4xx_hal_cortex.o
    0x08001ada   0x00000002   Code   RO         2747    i.HAL_TIMEx_BreakCallback  stm32f4xx_hal_tim_ex.o
    0x08001adc   0x00000002   Code   RO         2748    i.HAL_TIMEx_CommutationCallback  stm32f4xx_hal_tim_ex.o
    0x08001ade   0x00000050   Code   RO         2765    i.HAL_TIMEx_MasterConfigSynchronization  stm32f4xx_hal_tim_ex.o
    0x08001b2e   0x00000030   Code   RO         2133    i.HAL_TIM_Base_Init  stm32f4xx_hal_tim.o
    0x08001b5e   0x00000002   PAD
    0x08001b60   0x00000038   Code   RO          305    i.HAL_TIM_Base_MspInit  tim.o
    0x08001b98   0x00000018   Code   RO         2138    i.HAL_TIM_Base_Start_IT  stm32f4xx_hal_tim.o
    0x08001bb0   0x00000002   Code   RO         2165    i.HAL_TIM_IC_CaptureCallback  stm32f4xx_hal_tim.o
    0x08001bb2   0x00000166   Code   RO         2178    i.HAL_TIM_IRQHandler  stm32f4xx_hal_tim.o
    0x08001d18   0x00000002   Code   RO         2181    i.HAL_TIM_OC_DelayElapsedCallback  stm32f4xx_hal_tim.o
    0x08001d1a   0x00000002   Code   RO         2208    i.HAL_TIM_PWM_PulseFinishedCallback  stm32f4xx_hal_tim.o
    0x08001d1c   0x00000078   Code   RO          167    i.HAL_TIM_PeriodElapsedCallback  main.o
    0x08001d94   0x00000002   Code   RO         2218    i.HAL_TIM_TriggerCallback  stm32f4xx_hal_tim.o
    0x08001d96   0x00000002   PAD
    0x08001d98   0x00000018   Code   RO          256    i.I2C3_ER_IRQHandler  stm32f4xx_it.o
    0x08001db0   0x00000018   Code   RO          257    i.I2C3_EV_IRQHandler  stm32f4xx_it.o
    0x08001dc8   0x0000009c   Code   RO         1366    i.I2C_MasterReceive_BTF  stm32f4xx_hal_i2c.o
    0x08001e64   0x00000080   Code   RO         1367    i.I2C_MasterReceive_RXNE  stm32f4xx_hal_i2c.o
    0x08001ee4   0x00000064   Code   RO         1370    i.I2C_MasterTransmit_BTF  stm32f4xx_hal_i2c.o
    0x08001f48   0x000000e0   Code   RO         1371    i.I2C_RequestMemoryRead  stm32f4xx_hal_i2c.o
    0x08002028   0x00000090   Code   RO         1372    i.I2C_RequestMemoryWrite  stm32f4xx_hal_i2c.o
    0x080020b8   0x0000008a   Code   RO         1373    i.I2C_WaitOnFlagUntilTimeout  stm32f4xx_hal_i2c.o
    0x08002142   0x00000088   Code   RO         1374    i.I2C_WaitOnMasterAddressFlagUntilTimeout  stm32f4xx_hal_i2c.o
    0x080021ca   0x00000002   PAD
    0x080021cc   0x00000044   Code   RO           12    i.MX_GPIO_Init      gpio.o
    0x08002210   0x00000030   Code   RO          130    i.MX_I2C3_Init      i2c.o
    0x08002240   0x00000030   Code   RO          306    i.MX_TIM7_Init      tim.o
    0x08002270   0x00000038   Code   RO          342    i.MX_USB_DEVICE_Init  usb_device.o
    0x080022a8   0x00000020   Code   RO          877    i.NVIC_SetPriority  stm32f4xx_hal_cortex.o
    0x080022c8   0x00000018   Code   RO          258    i.OTG_FS_IRQHandler  stm32f4xx_it.o
    0x080022e0   0x00000098   Code   RO         1669    i.PCD_WriteEmptyTxFifo  stm32f4xx_hal_pcd.o
    0x08002378   0x0000000e   Code   RO          259    i.SysTick_Handler   stm32f4xx_it.o
    0x08002386   0x00000002   PAD
    0x08002388   0x00000064   Code   RO          168    i.SystemClock_Config  main.o
    0x080023ec   0x00000054   Code   RO          689    i.SystemInit        system_stm32f4xx.o
    0x08002440   0x00000018   Code   RO          260    i.TIM7_IRQHandler   stm32f4xx_it.o
    0x08002458   0x000000c0   Code   RO         2219    i.TIM_Base_SetConfig  stm32f4xx_hal_tim.o
    0x08002518   0x00000014   Code   RO         3261    i.USBD_CDC_DataIn   usbd_cdc.o
    0x0800252c   0x0000002e   Code   RO         3262    i.USBD_CDC_DataOut  usbd_cdc.o
    0x0800255a   0x0000003a   Code   RO         3263    i.USBD_CDC_DeInit   usbd_cdc.o
    0x08002594   0x00000024   Code   RO         3264    i.USBD_CDC_EP0_RxReady  usbd_cdc.o
    0x080025b8   0x0000000c   Code   RO         3265    i.USBD_CDC_GetDeviceQualifierDescriptor  usbd_cdc.o
    0x080025c4   0x0000000c   Code   RO         3266    i.USBD_CDC_GetFSCfgDesc  usbd_cdc.o
    0x080025d0   0x0000000c   Code   RO         3267    i.USBD_CDC_GetHSCfgDesc  usbd_cdc.o
    0x080025dc   0x0000000c   Code   RO         3268    i.USBD_CDC_GetOtherSpeedCfgDesc  usbd_cdc.o
    0x080025e8   0x00000088   Code   RO         3269    i.USBD_CDC_Init     usbd_cdc.o
    0x08002670   0x00000010   Code   RO         3271    i.USBD_CDC_RegisterInterface  usbd_cdc.o
    0x08002680   0x0000000c   Code   RO         3272    i.USBD_CDC_SetRxBuffer  usbd_cdc.o
    0x0800268c   0x00000010   Code   RO         3273    i.USBD_CDC_SetTxBuffer  usbd_cdc.o
    0x0800269c   0x0000005c   Code   RO         3274    i.USBD_CDC_Setup    usbd_cdc.o
    0x080026f8   0x0000002e   Code   RO         3275    i.USBD_CDC_TransmitPacket  usbd_cdc.o
    0x08002726   0x0000000e   Code   RO         3363    i.USBD_ClrClassConfig  usbd_core.o
    0x08002734   0x00000010   Code   RO         3558    i.USBD_CtlContinueRx  usbd_ioreq.o
    0x08002744   0x00000010   Code   RO         3559    i.USBD_CtlContinueSendData  usbd_ioreq.o
    0x08002754   0x00000016   Code   RO         3497    i.USBD_CtlError     usbd_ctlreq.o
    0x0800276a   0x0000001e   Code   RO         3560    i.USBD_CtlPrepareRx  usbd_ioreq.o
    0x08002788   0x00000016   Code   RO         3561    i.USBD_CtlReceiveStatus  usbd_ioreq.o
    0x0800279e   0x0000001a   Code   RO         3562    i.USBD_CtlSendData  usbd_ioreq.o
    0x080027b8   0x00000016   Code   RO         3563    i.USBD_CtlSendStatus  usbd_ioreq.o
    0x080027ce   0x00000002   PAD
    0x080027d0   0x00000020   Code   RO          624    i.USBD_FS_ConfigStrDescriptor  usbd_desc.o
    0x080027f0   0x0000000c   Code   RO          625    i.USBD_FS_DeviceDescriptor  usbd_desc.o
    0x080027fc   0x00000024   Code   RO          626    i.USBD_FS_InterfaceStrDescriptor  usbd_desc.o
    0x08002820   0x0000000c   Code   RO          627    i.USBD_FS_LangIDStrDescriptor  usbd_desc.o
    0x0800282c   0x00000028   Code   RO          628    i.USBD_FS_ManufacturerStrDescriptor  usbd_desc.o
    0x08002854   0x0000002c   Code   RO          629    i.USBD_FS_ProductStrDescriptor  usbd_desc.o
    0x08002880   0x00000024   Code   RO          630    i.USBD_FS_SerialStrDescriptor  usbd_desc.o
    0x080028a4   0x000000e2   Code   RO         3498    i.USBD_GetDescriptor  usbd_ctlreq.o
    0x08002986   0x00000046   Code   RO         3499    i.USBD_GetString    usbd_ctlreq.o
    0x080029cc   0x0000002a   Code   RO         3365    i.USBD_Init         usbd_core.o
    0x080029f6   0x0000000e   Code   RO          452    i.USBD_LL_ClearStallEP  usbd_conf.o
    0x08002a04   0x0000000e   Code   RO          453    i.USBD_LL_CloseEP   usbd_conf.o
    0x08002a12   0x000000a0   Code   RO         3366    i.USBD_LL_DataInStage  usbd_core.o
    0x08002ab2   0x0000006a   Code   RO         3367    i.USBD_LL_DataOutStage  usbd_core.o
    0x08002b1c   0x00000004   Code   RO         3368    i.USBD_LL_DevConnected  usbd_core.o
    0x08002b20   0x00000016   Code   RO         3369    i.USBD_LL_DevDisconnected  usbd_core.o
    0x08002b36   0x00000008   Code   RO          457    i.USBD_LL_GetRxDataSize  usbd_conf.o
    0x08002b3e   0x00000002   PAD
    0x08002b40   0x0000005c   Code   RO          458    i.USBD_LL_Init      usbd_conf.o
    0x08002b9c   0x00000020   Code   RO          459    i.USBD_LL_IsStallEP  usbd_conf.o
    0x08002bbc   0x00000004   Code   RO         3370    i.USBD_LL_IsoINIncomplete  usbd_core.o
    0x08002bc0   0x00000004   Code   RO         3371    i.USBD_LL_IsoOUTIncomplete  usbd_core.o
    0x08002bc4   0x00000014   Code   RO          460    i.USBD_LL_OpenEP    usbd_conf.o
    0x08002bd8   0x0000000e   Code   RO          461    i.USBD_LL_PrepareReceive  usbd_conf.o
    0x08002be6   0x0000003e   Code   RO         3372    i.USBD_LL_Reset     usbd_core.o
    0x08002c24   0x0000000c   Code   RO         3373    i.USBD_LL_Resume    usbd_core.o
    0x08002c30   0x00000018   Code   RO         3374    i.USBD_LL_SOF       usbd_core.o
    0x08002c48   0x00000006   Code   RO         3375    i.USBD_LL_SetSpeed  usbd_core.o
    0x08002c4e   0x0000000e   Code   RO          462    i.USBD_LL_SetUSBAddress  usbd_conf.o
    0x08002c5c   0x0000005a   Code   RO         3376    i.USBD_LL_SetupStage  usbd_core.o
    0x08002cb6   0x0000000e   Code   RO          463    i.USBD_LL_StallEP   usbd_conf.o
    0x08002cc4   0x0000000e   Code   RO          464    i.USBD_LL_Start     usbd_conf.o
    0x08002cd2   0x00000010   Code   RO         3377    i.USBD_LL_Suspend   usbd_core.o
    0x08002ce2   0x0000000e   Code   RO          466    i.USBD_LL_Transmit  usbd_conf.o
    0x08002cf0   0x00000028   Code   RO         3500    i.USBD_ParseSetupRequest  usbd_ctlreq.o
    0x08002d18   0x00000010   Code   RO         3378    i.USBD_RegisterClass  usbd_core.o
    0x08002d28   0x00000016   Code   RO         3380    i.USBD_SetClassConfig  usbd_core.o
    0x08002d3e   0x00000002   PAD
    0x08002d40   0x00000074   Code   RO         3501    i.USBD_SetConfig    usbd_ctlreq.o
    0x08002db4   0x0000000a   Code   RO         3381    i.USBD_Start        usbd_core.o
    0x08002dbe   0x00000102   Code   RO         3502    i.USBD_StdDevReq    usbd_ctlreq.o
    0x08002ec0   0x000000c2   Code   RO         3503    i.USBD_StdEPReq     usbd_ctlreq.o
    0x08002f82   0x00000034   Code   RO         3504    i.USBD_StdItfReq    usbd_ctlreq.o
    0x08002fb6   0x00000002   PAD
    0x08002fb8   0x00000084   Code   RO         2983    i.USB_ActivateEndpoint  stm32f4xx_ll_usb.o
    0x0800303c   0x00000036   Code   RO         2984    i.USB_ActivateSetup  stm32f4xx_ll_usb.o
    0x08003072   0x00000002   PAD
    0x08003074   0x0000006c   Code   RO         2986    i.USB_CoreInit      stm32f4xx_ll_usb.o
    0x080030e0   0x00000038   Code   RO         2987    i.USB_CoreReset     stm32f4xx_ll_usb.o
    0x08003118   0x0000006e   Code   RO         2989    i.USB_DeactivateEndpoint  stm32f4xx_ll_usb.o
    0x08003186   0x0000001a   Code   RO         2990    i.USB_DevConnect    stm32f4xx_ll_usb.o
    0x080031a0   0x0000001a   Code   RO         2991    i.USB_DevDisconnect  stm32f4xx_ll_usb.o
    0x080031ba   0x00000002   PAD
    0x080031bc   0x00000148   Code   RO         2992    i.USB_DevInit       stm32f4xx_ll_usb.o
    0x08003304   0x0000000c   Code   RO         2993    i.USB_DisableGlobalInt  stm32f4xx_ll_usb.o
    0x08003310   0x00000148   Code   RO         2996    i.USB_EP0StartXfer  stm32f4xx_ll_usb.o
    0x08003458   0x00000038   Code   RO         2997    i.USB_EP0_OutStart  stm32f4xx_ll_usb.o
    0x08003490   0x00000066   Code   RO         2998    i.USB_EPClearStall  stm32f4xx_ll_usb.o
    0x080034f6   0x00000002   PAD
    0x080034f8   0x00000064   Code   RO         2999    i.USB_EPSetStall    stm32f4xx_ll_usb.o
    0x0800355c   0x00000234   Code   RO         3000    i.USB_EPStartXfer   stm32f4xx_ll_usb.o
    0x08003790   0x0000000c   Code   RO         3001    i.USB_EnableGlobalInt  stm32f4xx_ll_usb.o
    0x0800379c   0x00000020   Code   RO         3002    i.USB_FlushRxFifo   stm32f4xx_ll_usb.o
    0x080037bc   0x00000024   Code   RO         3003    i.USB_FlushTxFifo   stm32f4xx_ll_usb.o
    0x080037e0   0x0000003c   Code   RO         3005    i.USB_GetDevSpeed   stm32f4xx_ll_usb.o
    0x0800381c   0x00000008   Code   RO         3007    i.USB_GetMode       stm32f4xx_ll_usb.o
    0x08003824   0x0000000e   Code   RO         3014    i.USB_ReadDevAllInEpInterrupt  stm32f4xx_ll_usb.o
    0x08003832   0x0000000e   Code   RO         3015    i.USB_ReadDevAllOutEpInterrupt  stm32f4xx_ll_usb.o
    0x08003840   0x0000001e   Code   RO         3016    i.USB_ReadDevInEPInterrupt  stm32f4xx_ll_usb.o
    0x0800385e   0x00000010   Code   RO         3017    i.USB_ReadDevOutEPInterrupt  stm32f4xx_ll_usb.o
    0x0800386e   0x00000008   Code   RO         3018    i.USB_ReadInterrupts  stm32f4xx_ll_usb.o
    0x08003876   0x00000020   Code   RO         3019    i.USB_ReadPacket    stm32f4xx_ll_usb.o
    0x08003896   0x0000002c   Code   RO         3021    i.USB_SetCurrentMode  stm32f4xx_ll_usb.o
    0x080038c2   0x00000020   Code   RO         3022    i.USB_SetDevAddress  stm32f4xx_ll_usb.o
    0x080038e2   0x00000010   Code   RO         3023    i.USB_SetDevSpeed   stm32f4xx_ll_usb.o
    0x080038f2   0x00000002   PAD
    0x080038f4   0x00000028   Code   RO         3026    i.USB_WritePacket   stm32f4xx_ll_usb.o
    0x0800391c   0x0000000e   Code   RO         3667    i.__scatterload_copy  mc_w.l(handlers.o)
    0x0800392a   0x00000002   Code   RO         3668    i.__scatterload_null  mc_w.l(handlers.o)
    0x0800392c   0x0000000e   Code   RO         3669    i.__scatterload_zeroinit  mc_w.l(handlers.o)
    0x0800393a   0x00000002   PAD
    0x0800393c   0x00000050   Code   RO         3619    i.free              mc_w.l(malloc.o)
    0x0800398c   0x000000dc   Code   RO          169    i.main              main.o
    0x08003a68   0x0000006c   Code   RO         3620    i.malloc            mc_w.l(malloc.o)
    0x08003ad4   0x00000010   Data   RO         2018    .constdata          stm32f4xx_hal_rcc.o
    0x08003ae4   0x00000020   Data   RO         3665    Region$$Table       anon$$obj.o


    Execution Region RW_IRAM1 (Base: 0x20000000, Size: 0x000015e0, Max: 0x00020000, ABSOLUTE, COMPRESSED[0x000000c0])

    Base Addr    Size         Type   Attr      Idx    E Section Name        Object

    0x20000000   0x0000000c   Data   RW          171    .data               main.o
    0x2000000c   0x00000010   Data   RW          378    .data               usbd_cdc_if.o
    0x2000001c   0x00000004   Data   RW          379    .data               usbd_cdc_if.o
    0x20000020   0x0000001c   Data   RW          632    .data               usbd_desc.o
    0x2000003c   0x00000016   Data   RW          633    .data               usbd_desc.o
    0x20000052   0x00000002   PAD
    0x20000054   0x00000014   Data   RW          690    .data               system_stm32f4xx.o
    0x20000068   0x00000004   Data   RW          741    .data               stm32f4xx_hal.o
    0x2000006c   0x000000d7   Data   RW         3276    .data               usbd_cdc.o
    0x20000143   0x00000001   PAD
    0x20000144   0x00000038   Data   RW         3277    .data               usbd_cdc.o
    0x2000017c   0x00000001   Data   RW         3505    .data               usbd_ctlreq.o
    0x2000017d   0x00000003   PAD
    0x20000180   0x00000004   Data   RW         3661    .data               mc_w.l(mvars.o)
    0x20000184   0x00000004   Data   RW         3662    .data               mc_w.l(mvars.o)
    0x20000188   0x00000038   Zero   RW          131    .bss                i2c.o
    0x200001c0   0x00000010   Zero   RW          170    .bss                main.o
    0x200001d0   0x0000003c   Zero   RW          307    .bss                tim.o
    0x2000020c   0x00000224   Zero   RW          343    .bss                usb_device.o
    0x20000430   0x00000400   Zero   RW          377    .bss                usbd_cdc_if.o
    0x20000830   0x000003b0   Zero   RW          467    .bss                usbd_conf.o
    0x20000be0   0x00000200   Zero   RW          631    .bss                usbd_desc.o
    0x20000de0   0x00000400   Zero   RW            2    HEAP                startup_stm32f407xx.o
    0x200011e0   0x00000400   Zero   RW            1    STACK               startup_stm32f407xx.o


==============================================================================

Image component sizes


      Code (inc. data)   RO Data    RW Data    ZI Data      Debug   Object Name

        68         10          0          0          0     333371   gpio.o
       172         30          0          0         56       1429   i2c.o
       460         52          0         12         16       9010   main.o
        36          8        392          0       2048        932   startup_stm32f407xx.o
       138         16          0          4          0       4428   stm32f4xx_hal.o
       230         24          0          0          0      31454   stm32f4xx_hal_cortex.o
       464         52          0          0          0       2989   stm32f4xx_hal_gpio.o
      2616         60          0          0          0      15810   stm32f4xx_hal_i2c.o
      1942          0          0          0          0       9601   stm32f4xx_hal_pcd.o
        76          0          0          0          0       1644   stm32f4xx_hal_pcd_ex.o
      1492         64         16          0          0       5268   stm32f4xx_hal_rcc.o
       630         44          0          0          0       6327   stm32f4xx_hal_tim.o
        84          0          0          0          0       2290   stm32f4xx_hal_tim_ex.o
       110         24          0          0          0       2422   stm32f4xx_it.o
      2396         52          0          0          0      18656   stm32f4xx_ll_usb.o
        84         18          0         20          0       1289   system_stm32f4xx.o
       104         16          0          0         60       1406   tim.o
        56         18          0          0        548        684   usb_device.o
       526         16          0        271          0      11353   usbd_cdc.o
       108         24          0         20       1024       3105   usbd_cdc_if.o
       506         12          0          0        944      12262   usbd_conf.o
       614          0          0          0          0      10970   usbd_core.o
       978         30          0          1          0       6612   usbd_ctlreq.o
       212        116          0         50        512       4715   usbd_desc.o
       132          0          0          0          0       4076   usbd_ioreq.o

    ----------------------------------------------------------------------
     14264        686        440        384       5208     502103   Object Totals
         0          0         32          0          0          0   (incl. Generated)
        30          0          0          6          0          0   (incl. Padding)

    ----------------------------------------------------------------------

      Code (inc. data)   RO Data    RW Data    ZI Data      Debug   Library Member Name

        92          0          0          0          0          0   __dczerorl2.o
         0          0          0          0          0          0   entry.o
         0          0          0          0          0          0   entry10a.o
         0          0          0          0          0          0   entry11a.o
         8          4          0          0          0          0   entry2.o
         4          0          0          0          0          0   entry5.o
         0          0          0          0          0          0   entry7b.o
         0          0          0          0          0          0   entry8b.o
         8          4          0          0          0          0   entry9a.o
        30          0          0          0          0          0   handlers.o
        36          8          0          0          0         68   init.o
       188         20          0          0          0        160   malloc.o
        36          0          0          0          0         68   memcpya.o
         0          0          0          8          0          0   mvars.o

    ----------------------------------------------------------------------
       404         36          0          8          0        296   Library Totals
         2          0          0          0          0          0   (incl. Padding)

    ----------------------------------------------------------------------

      Code (inc. data)   RO Data    RW Data    ZI Data      Debug   Library Name

       402         36          0          8          0        296   mc_w.l

    ----------------------------------------------------------------------
       404         36          0          8          0        296   Library Totals

    ----------------------------------------------------------------------

==============================================================================


      Code (inc. data)   RO Data    RW Data    ZI Data      Debug   

     14668        722        440        392       5208     483695   Grand Totals
     14668        722        440        192       5208     483695   ELF Image Totals (compressed)
     14668        722        440        192          0          0   ROM Totals

==============================================================================

    Total RO  Size (Code + RO Data)                15108 (  14.75kB)
    Total RW  Size (RW Data + ZI Data)              5600 (   5.47kB)
    Total ROM Size (Code + RO Data + RW Data)      15300 (  14.94kB)

==============================================================================

