<html>
<body>
<pre>
<h1>µVision Build Log</h1>
<h2>Project:</h2>
D:\MyPROG\LSD_SLAM\STM\BMO055SensorTest\Projects\MDK-ARM\BMO055SensorTest.uvproj
Project File Date:  05/23/2015

<h2>Output:</h2>
Rebuild target 'BMO055SensorTest Configuration'
assembling startup_stm32f407xx.s...
compiling gpio.c...
compiling i2c.c...
compiling main.c...
..\..\Src\main.c(134): warning:  #177-D: variable "reg" was declared but never referenced
        uint16_t reg = 0x01;
..\..\Src\main.c: 1 warning, 0 errors
compiling stm32f4xx_it.c...
compiling tim.c...
compiling usb_device.c...
compiling usbd_cdc_if.c...
compiling usbd_conf.c...
compiling usbd_desc.c...
compiling system_stm32f4xx.c...
compiling stm32f4xx_hal.c...
compiling stm32f4xx_hal_cortex.c...
compiling stm32f4xx_hal_dma.c...
compiling stm32f4xx_hal_dma_ex.c...
compiling stm32f4xx_hal_flash.c...
compiling stm32f4xx_hal_flash_ex.c...
compiling stm32f4xx_hal_flash_ramfunc.c...
compiling stm32f4xx_hal_gpio.c...
compiling stm32f4xx_hal_i2c.c...
compiling stm32f4xx_hal_i2c_ex.c...
compiling stm32f4xx_hal_pcd.c...
compiling stm32f4xx_hal_pcd_ex.c...
compiling stm32f4xx_hal_pwr.c...
compiling stm32f4xx_hal_pwr_ex.c...
compiling stm32f4xx_hal_rcc.c...
compiling stm32f4xx_hal_rcc_ex.c...
compiling stm32f4xx_hal_tim.c...
compiling stm32f4xx_hal_tim_ex.c...
compiling stm32f4xx_ll_usb.c...
compiling usbd_cdc.c...
compiling usbd_core.c...
compiling usbd_ctlreq.c...
compiling usbd_ioreq.c...
linking...
Program Size: Code=14668 RO-data=440 RW-data=392 ZI-data=5208  
"BMO055SensorTest Configuration\BMO055SensorTest Configuration.axf" - 0 Error(s), 1 Warning(s).
Load "BMO055SensorTest Configuration\\BMO055SensorTest Configuration.axf" 
Erase Done.
Programming Done.
Verify OK.
Application running ...
</pre>
</body>
</html>
figuration\\BMO055SensorTest Configuration.axf" 
Erase Done.
Programming Done.
Verify OK.
Application running ...
