<html>
<body>
<pre>
<h1>µVision Build Log</h1>
<h2>Project:</h2>
D:\MyPROG\LSD_SLAM\STM\BMO055SensorTest\Projects\MDK-ARM\BMO055SensorTest.uvproj
Project File Date:  06/06/2015

<h2>Output:</h2>
Build target 'BMO055SensorTest Configuration'
compiling main.c...
..\..\Src\main.c(322): warning:  #111-D: statement is unreachable
                BNO055_Error();         
..\..\Src\main.c(334): warning:  #111-D: statement is unreachable
                BNO055_Error();                         
..\..\Src\main.c(366): warning:  #111-D: statement is unreachable
                BNO055_Error();
..\..\Src\main.c(394): warning:  #111-D: statement is unreachable
                BNO055_Error();
..\..\Src\main.c(420): warning:  #111-D: statement is unreachable
                BNO055_Error();
..\..\Src\main.c(431): warning:  #177-D: variable "res" was declared but never referenced
        int8_t res;     
..\..\Src\main.c: 6 warnings, 0 errors
linking...
Program Size: Code=19284 RO-data=440 RW-data=404 ZI-data=4484  
"BMO055SensorTest Configuration\BMO055SensorTest Configuration.axf" - 0 Error(s), 6 Warning(s).
t Configuration.axf" - 1 Error(s), 6 Warning(s).
Target not created
xf" 
Erase Done.
Programming Done.
Verify OK.
..\..\Src\main.c(391): error:  #137: expression must be a modifiable lvalue
        moduleState = WaitData;
..\..\Src\main.c(405): warning:  #111-D: statement is unreachable
                BNO055_Error();
..\..\Src\main.c(408): error:  #137: expression must be a modifiable lvalue
        moduleState = RecieveData;
..\..\Src\main.c(418): error:  #70: incomplete type is not allowed
        switch ( moduleState )
..\..\Src\main.c(426): error:  #137: expression must be a modifiable lvalue
                        moduleState = Idl;
..\..\Src\main.c(434): error:  #137: expression must be a modifiable lvalue
                        moduleState = Idl;
..\..\Src\main.c(440): error:  #137: expression must be a modifiable lvalue
                        moduleState = Idl;
..\..\Src\main.c(416): warning:  #177-D: variable "res" was declared but never referenced
        int8_t res;     
..\..\Src\main.c(104): error:  #235: variable "moduleState" was declared with a never-completed type
  enum bno055ModuleState moduleState;
..\..\Src\main.c: 6 warnings, 12 errors
"BMO055SensorTest Configuration\BMO055SensorTest Configuration.axf" - 12 Error(s), 6 Warning(s).
Target not created
compiling main.c...
..\..\Src\main.c(296): error:  #137: expression must be a modifiable lvalue
        moduleState = Idl;
..\..\Src\main.c(307): warning:  #111-D: statement is unreachable
                BNO055_Error();         
..\..\Src\main.c(319): warning:  #111-D: statement is unreachable
                BNO055_Error();                         
..\..\Src\main.c(334): error:  #137: expression must be a modifiable lvalue
        moduleState = WaitID;
..\..\Src\main.c(351): warning:  #111-D: statement is unreachable
                BNO055_Error();
..\..\Src\main.c(355): error:  #137: expression must be a modifiable lvalue
        moduleState = RecieveID;
..\..\Src\main.c(364): error:  #137: expression must be a modifiable lvalue
        moduleState = ChangeState;
..\..\Src\main.c(379): warning:  #111-D: statement is unreachable
                BNO055_Error();
..\..\Src\main.c(382): error:  #137: expression must be a modifiable lvalue
        moduleState = StateChanged;
..\..\Src\main.c(391): error:  #137: expression must be a modifiable lvalue
        moduleState = WaitData;
..\..\Src\main.c(405): warning:  #111-D: statement is unreachable
                BNO055_Error();
..\..\Src\main.c(408): error:  #137: expression must be a modifiable lvalue
        moduleState = RecieveData;
..\..\Src\main.c(418): error:  #70: incomplete type is not allowed
        switch ( moduleState )
..\..\Src\main.c(426): error:  #137: expression must be a modifiable lvalue
                        moduleState = Idl;
..\..\Src\main.c(434): error:  #137: expression must be a modifiable lvalue
                        moduleState = Idl;
..\..\Src\main.c(440): error:  #137: expression must be a modifiable lvalue
                        moduleState = Idl;
..\..\Src\main.c(416): warning:  #177-D: variable "res" was declared but never referenced
        int8_t res;     
..\..\Src\main.c(104): error:  #235: variable "moduleState" was declared with a never-completed type
  enum bno055ModuleState moduleState;
..\..\Src\main.c: 6 warnings, 12 errors
"..\..\Src\main.c" - 12 Error(s), 6 Warning(s).
