ARM Linker, 5.03 [Build 76] [MDK-ARM Professional]

==============================================================================

Section Cross References

    gpio.o(i.MX_GPIO_Init) refers to stm32f4xx_hal_gpio.o(i.HAL_GPIO_Init) for HAL_GPIO_Init
    i2c.o(i.HAL_I2C_MspDeInit) refers to stm32f4xx_hal_gpio.o(i.HAL_GPIO_DeInit) for HAL_GPIO_DeInit
    i2c.o(i.HAL_I2C_MspDeInit) refers to stm32f4xx_hal_dma.o(i.HAL_DMA_DeInit) for HAL_DMA_DeInit
    i2c.o(i.HAL_I2C_MspDeInit) refers to stm32f4xx_hal_cortex.o(i.HAL_NVIC_DisableIRQ) for HAL_NVIC_DisableIRQ
    i2c.o(i.HAL_I2C_MspInit) refers to stm32f4xx_hal_gpio.o(i.HAL_GPIO_Init) for HAL_GPIO_Init
    i2c.o(i.HAL_I2C_MspInit) refers to stm32f4xx_hal_dma.o(i.HAL_DMA_Init) for HAL_DMA_Init
    i2c.o(i.HAL_I2C_MspInit) refers to stm32f4xx_hal_cortex.o(i.HAL_NVIC_SetPriorityGrouping) for HAL_NVIC_SetPriorityGrouping
    i2c.o(i.HAL_I2C_MspInit) refers to stm32f4xx_hal_cortex.o(i.HAL_NVIC_SetPriority) for HAL_NVIC_SetPriority
    i2c.o(i.HAL_I2C_MspInit) refers to stm32f4xx_hal_cortex.o(i.HAL_NVIC_EnableIRQ) for HAL_NVIC_EnableIRQ
    i2c.o(i.HAL_I2C_MspInit) refers to i2c.o(.bss) for hdma_i2c1_tx
    i2c.o(i.MX_I2C1_Init) refers to stm32f4xx_hal_i2c.o(i.HAL_I2C_Init) for HAL_I2C_Init
    i2c.o(i.MX_I2C1_Init) refers to i2c.o(.bss) for hi2c1
    main.o(i.BNO055_Error) refers to stm32f4xx_hal_i2c.o(i.HAL_I2C_GetError) for HAL_I2C_GetError
    main.o(i.BNO055_Error) refers to i2c.o(.bss) for hi2c1
    main.o(i.BNO055_Error) refers to main.o(.data) for i2cError
    main.o(i.HAL_I2C_MemRxCpltCallback) refers to main.o(.data) for moduleState
    main.o(i.HAL_TIM_PeriodElapsedCallback) refers to main.o(i.recieveData) for recieveData
    main.o(i.SystemClock_Config) refers to stm32f4xx_hal_rcc.o(i.HAL_RCC_OscConfig) for HAL_RCC_OscConfig
    main.o(i.SystemClock_Config) refers to stm32f4xx_hal_rcc.o(i.HAL_RCC_ClockConfig) for HAL_RCC_ClockConfig
    main.o(i.calculatePosition) refers to stm32f4xx_hal_gpio.o(i.HAL_GPIO_TogglePin) for HAL_GPIO_TogglePin
    main.o(i.calculatePosition) refers to usbd_cdc_if.o(i.CDC_Transmit_FS) for CDC_Transmit_FS
    main.o(i.calculatePosition) refers to main.o(.bss) for globalPostionData
    main.o(i.calculatePosition) refers to main.o(.data) for usbDataTransmitCounter
    main.o(i.changeState) refers to stm32f4xx_hal_i2c.o(i.HAL_I2C_Mem_Write) for HAL_I2C_Mem_Write
    main.o(i.changeState) refers to main.o(i.processData) for processData
    main.o(i.changeState) refers to main.o(.data) for moduleState
    main.o(i.changeState) refers to i2c.o(.bss) for hi2c1
    main.o(i.initBNO055) refers to stm32f4xx_hal_i2c.o(i.HAL_I2C_GetState) for HAL_I2C_GetState
    main.o(i.initBNO055) refers to stm32f4xx_hal_i2c.o(i.HAL_I2C_IsDeviceReady) for HAL_I2C_IsDeviceReady
    main.o(i.initBNO055) refers to main.o(i.recieveID) for recieveID
    main.o(i.initBNO055) refers to main.o(i.changeState) for changeState
    main.o(i.initBNO055) refers to main.o(.data) for moduleState
    main.o(i.initBNO055) refers to i2c.o(.bss) for hi2c1
    main.o(i.main) refers to stm32f4xx_hal.o(i.HAL_Init) for HAL_Init
    main.o(i.main) refers to main.o(i.SystemClock_Config) for SystemClock_Config
    main.o(i.main) refers to stm32f4xx_hal_cortex.o(i.HAL_NVIC_SetPriorityGrouping) for HAL_NVIC_SetPriorityGrouping
    main.o(i.main) refers to stm32f4xx_hal_cortex.o(i.HAL_NVIC_SetPriority) for HAL_NVIC_SetPriority
    main.o(i.main) refers to gpio.o(i.MX_GPIO_Init) for MX_GPIO_Init
    main.o(i.main) refers to dma.o(i.MX_DMA_Init) for MX_DMA_Init
    main.o(i.main) refers to crc.o(i.MX_CRC_Init) for MX_CRC_Init
    main.o(i.main) refers to i2c.o(i.MX_I2C1_Init) for MX_I2C1_Init
    main.o(i.main) refers to tim.o(i.MX_TIM7_Init) for MX_TIM7_Init
    main.o(i.main) refers to usb_device.o(i.MX_USB_DEVICE_Init) for MX_USB_DEVICE_Init
    main.o(i.main) refers to stm32f4xx_hal_gpio.o(i.HAL_GPIO_WritePin) for HAL_GPIO_WritePin
    main.o(i.main) refers to stm32f4xx_hal.o(i.HAL_Delay) for HAL_Delay
    main.o(i.main) refers to main.o(i.initBNO055) for initBNO055
    main.o(i.main) refers to stm32f4xx_hal_tim.o(i.HAL_TIM_Base_Start_IT) for HAL_TIM_Base_Start_IT
    main.o(i.main) refers to main.o(i.processData) for processData
    main.o(i.main) refers to tim.o(.bss) for htim7
    main.o(i.processData) refers to main.o(i.calculatePosition) for calculatePosition
    main.o(i.processData) refers to main.o(.data) for moduleState
    main.o(i.recieveData) refers to stm32f4xx_hal_i2c.o(i.HAL_I2C_Mem_Read_DMA) for HAL_I2C_Mem_Read_DMA
    main.o(i.recieveData) refers to main.o(.data) for moduleState
    main.o(i.recieveData) refers to main.o(.bss) for fusionData
    main.o(i.recieveData) refers to i2c.o(.bss) for hi2c1
    main.o(i.recieveID) refers to stm32f4xx_hal_i2c.o(i.HAL_I2C_Mem_Read) for HAL_I2C_Mem_Read
    main.o(i.recieveID) refers to main.o(i.processData) for processData
    main.o(i.recieveID) refers to main.o(.data) for moduleState
[...]
    i.HAL_PCD_SOFCallback                    0x080043bc   Section        0  usbd_conf.o(i.HAL_PCD_SOFCallback)
    i.HAL_PCD_SetAddress                     0x080043ca   Section        0  stm32f4xx_hal_pcd.o(i.HAL_PCD_SetAddress)
    i.HAL_PCD_SetupStageCallback             0x080043fc   Section        0  usbd_conf.o(i.HAL_PCD_SetupStageCallback)
    i.HAL_PCD_Start                          0x0800440e   Section        0  stm32f4xx_hal_pcd.o(i.HAL_PCD_Start)
    i.HAL_PCD_SuspendCallback                0x08004442   Section        0  usbd_conf.o(i.HAL_PCD_SuspendCallback)
    i.HAL_RCC_ClockConfig                    0x08004450   Section        0  stm32f4xx_hal_rcc.o(i.HAL_RCC_ClockConfig)
    i.HAL_RCC_GetHCLKFreq                    0x0800469c   Section        0  stm32f4xx_hal_rcc.o(i.HAL_RCC_GetHCLKFreq)
    i.HAL_RCC_GetPCLK1Freq                   0x080046d4   Section        0  stm32f4xx_hal_rcc.o(i.HAL_RCC_GetPCLK1Freq)
    i.HAL_RCC_GetSysClockFreq                0x08004700   Section        0  stm32f4xx_hal_rcc.o(i.HAL_RCC_GetSysClockFreq)
    i.HAL_RCC_OscConfig                      0x080047c4   Section        0  stm32f4xx_hal_rcc.o(i.HAL_RCC_OscConfig)
    i.HAL_SYSTICK_Callback                   0x08004bbc   Section        0  stm32f4xx_hal_cortex.o(i.HAL_SYSTICK_Callback)
    i.HAL_SYSTICK_Config                     0x08004bbe   Section        0  stm32f4xx_hal_cortex.o(i.HAL_SYSTICK_Config)
    i.HAL_SYSTICK_IRQHandler                 0x08004bf2   Section        0  stm32f4xx_hal_cortex.o(i.HAL_SYSTICK_IRQHandler)
    i.HAL_TIMEx_BreakCallback                0x08004bfa   Section        0  stm32f4xx_hal_tim_ex.o(i.HAL_TIMEx_BreakCallback)
    i.HAL_TIMEx_CommutationCallback          0x08004bfc   Section        0  stm32f4xx_hal_tim_ex.o(i.HAL_TIMEx_CommutationCallback)
    i.HAL_TIMEx_MasterConfigSynchronization  0x08004bfe   Section        0  stm32f4xx_hal_tim_ex.o(i.HAL_TIMEx_MasterConfigSynchronization)
    i.HAL_TIM_Base_Init                      0x08004c60   Section        0  stm32f4xx_hal_tim.o(i.HAL_TIM_Base_Init)
    i.HAL_TIM_Base_MspInit                   0x08004c90   Section        0  tim.o(i.HAL_TIM_Base_MspInit)
    i.HAL_TIM_Base_Start_IT                  0x08004cc8   Section        0  stm32f4xx_hal_tim.o(i.HAL_TIM_Base_Start_IT)
    i.HAL_TIM_IC_CaptureCallback             0x08004ce6   Section        0  stm32f4xx_hal_tim.o(i.HAL_TIM_IC_CaptureCallback)
    i.HAL_TIM_IRQHandler                     0x08004ce8   Section        0  stm32f4xx_hal_tim.o(i.HAL_TIM_IRQHandler)
    i.HAL_TIM_OC_DelayElapsedCallback        0x08004e7e   Section        0  stm32f4xx_hal_tim.o(i.HAL_TIM_OC_DelayElapsedCallback)
    i.HAL_TIM_PWM_PulseFinishedCallback      0x08004e80   Section        0  stm32f4xx_hal_tim.o(i.HAL_TIM_PWM_PulseFinishedCallback)
    i.HAL_TIM_PeriodElapsedCallback          0x08004e82   Section        0  main.o(i.HAL_TIM_PeriodElapsedCallback)
    i.HAL_TIM_TriggerCallback                0x08004e8c   Section        0  stm32f4xx_hal_tim.o(i.HAL_TIM_TriggerCallback)
    i.I2C1_ER_IRQHandler                     0x08004e90   Section        0  stm32f4xx_it.o(i.I2C1_ER_IRQHandler)
    i.I2C1_EV_IRQHandler                     0x08004ea4   Section        0  stm32f4xx_it.o(i.I2C1_EV_IRQHandler)
    i.I2C_DMAError                           0x08004eb8   Section        0  stm32f4xx_hal_i2c.o(i.I2C_DMAError)
    I2C_DMAError                             0x08004eb9   Thumb Code    48  stm32f4xx_hal_i2c.o(i.I2C_DMAError)
    i.I2C_DMAMemReceiveCplt                  0x08004ee8   Section        0  stm32f4xx_hal_i2c.o(i.I2C_DMAMemReceiveCplt)
    I2C_DMAMemReceiveCplt                    0x08004ee9   Thumb Code   112  stm32f4xx_hal_i2c.o(i.I2C_DMAMemReceiveCplt)
    i.I2C_MasterReceive_BTF                  0x08004f5c   Section        0  stm32f4xx_hal_i2c.o(i.I2C_MasterReceive_BTF)
    I2C_MasterReceive_BTF                    0x08004f5d   Thumb Code   192  stm32f4xx_hal_i2c.o(i.I2C_MasterReceive_BTF)
    i.I2C_MasterReceive_RXNE                 0x08005020   Section        0  stm32f4xx_hal_i2c.o(i.I2C_MasterReceive_RXNE)
    I2C_MasterReceive_RXNE                   0x08005021   Thumb Code   144  stm32f4xx_hal_i2c.o(i.I2C_MasterReceive_RXNE)
    i.I2C_MasterTransmit_BTF                 0x080050b4   Section        0  stm32f4xx_hal_i2c.o(i.I2C_MasterTransmit_BTF)
    I2C_MasterTransmit_BTF                   0x080050b5   Thumb Code   108  stm32f4xx_hal_i2c.o(i.I2C_MasterTransmit_BTF)
    i.I2C_MasterTransmit_TXE                 0x08005124   Section        0  stm32f4xx_hal_i2c.o(i.I2C_MasterTransmit_TXE)
    I2C_MasterTransmit_TXE                   0x08005125   Thumb Code    40  stm32f4xx_hal_i2c.o(i.I2C_MasterTransmit_TXE)
    i.I2C_RequestMemoryRead                  0x0800514c   Section        0  stm32f4xx_hal_i2c.o(i.I2C_RequestMemoryRead)
    I2C_RequestMemoryRead                    0x0800514d   Thumb Code   270  stm32f4xx_hal_i2c.o(i.I2C_RequestMemoryRead)
    i.I2C_RequestMemoryWrite                 0x08005260   Section        0  stm32f4xx_hal_i2c.o(i.I2C_RequestMemoryWrite)
    I2C_RequestMemoryWrite                   0x08005261   Thumb Code   168  stm32f4xx_hal_i2c.o(i.I2C_RequestMemoryWrite)
    i.I2C_SlaveReceive_BTF                   0x0800530c   Section        0  stm32f4xx_hal_i2c.o(i.I2C_SlaveReceive_BTF)
    I2C_SlaveReceive_BTF                     0x0800530d   Thumb Code    30  stm32f4xx_hal_i2c.o(i.I2C_SlaveReceive_BTF)
    i.I2C_SlaveReceive_RXNE                  0x0800532a   Section        0  stm32f4xx_hal_i2c.o(i.I2C_SlaveReceive_RXNE)
    I2C_SlaveReceive_RXNE                    0x0800532b   Thumb Code    30  stm32f4xx_hal_i2c.o(i.I2C_SlaveReceive_RXNE)
    i.I2C_SlaveTransmit_BTF                  0x08005348   Section        0  stm32f4xx_hal_i2c.o(i.I2C_SlaveTransmit_BTF)
    I2C_SlaveTransmit_BTF                    0x08005349   Thumb Code    28  stm32f4xx_hal_i2c.o(i.I2C_SlaveTransmit_BTF)
    i.I2C_SlaveTransmit_TXE                  0x08005364   Section        0  stm32f4xx_hal_i2c.o(i.I2C_SlaveTransmit_TXE)
    I2C_SlaveTransmit_TXE                    0x08005365   Thumb Code    28  stm32f4xx_hal_i2c.o(i.I2C_SlaveTransmit_TXE)
    i.I2C_Slave_ADDR                         0x08005380   Section        0  stm32f4xx_hal_i2c.o(i.I2C_Slave_ADDR)
    I2C_Slave_ADDR                           0x08005381   Thumb Code    18  stm32f4xx_hal_i2c.o(i.I2C_Slave_ADDR)
    i.I2C_Slave_AF                           0x08005394   Section        0  stm32f4xx_hal_i2c.o(i.I2C_Slave_AF)
    I2C_Slave_AF                             0x08005395   Thumb Code    70  stm32f4xx_hal_i2c.o(i.I2C_Slave_AF)
    i.I2C_Slave_STOPF                        0x080053e0   Section        0  stm32f4xx_hal_i2c.o(i.I2C_Slave_STOPF)
    I2C_Slave_STOPF                          0x080053e1   Thumb Code    82  stm32f4xx_hal_i2c.o(i.I2C_Slave_STOPF)
    i.I2C_WaitOnFlagUntilTimeout             0x08005438   Section        0  stm32f4xx_hal_i2c.o(i.I2C_WaitOnFlagUntilTimeout)
    I2C_WaitOnFlagUntilTimeout               0x08005439   Thumb Code   222  stm32f4xx_hal_i2c.o(i.I2C_WaitOnFlagUntilTimeout)
    i.I2C_WaitOnMasterAddressFlagUntilTimeout 0x08005516   Section        0  stm32f4xx_hal_i2c.o(i.I2C_WaitOnMasterAddressFlagUntilTimeout)
    I2C_WaitOnMasterAddressFlagUntilTimeout  0x08005517   Thumb Code   172  stm32f4xx_hal_i2c.o(i.I2C_WaitOnMasterAddressFlagUntilTimeout)
    i.MX_CRC_Init                            0x080055c4   Section        0  crc.o(i.MX_CRC_Init)
    i.MX_DMA_Init                            0x080055dc   Section        0  dma.o(i.MX_DMA_Init)
    i.MX_GPIO_Init                           0x08005634   Section        0  gpio.o(i.MX_GPIO_Init)
    i.MX_I2C1_Init                           0x0800567c   Section        0  i2c.o(i.MX_I2C1_Init)
    i.MX_TIM7_Init                           0x080056b4   Section        0  tim.o(i.MX_TIM7_Init)
    i.MX_USB_DEVICE_Init                     0x080056e8   Section        0  usb_device.o(i.MX_USB_DEVICE_Init)
    i.NVIC_GetPriorityGrouping               0x0800571c   Section        0  stm32f4xx_hal_cortex.o(i.NVIC_GetPriorityGrouping)
    NVIC_GetPriorityGrouping                 0x0800571d   Thumb Code    10  stm32f4xx_hal_cortex.o(i.NVIC_GetPriorityGrouping)
    i.NVIC_SetPriority                       0x0800572c   Section        0  stm32f4xx_hal_cortex.o(i.NVIC_SetPriority)
    NVIC_SetPriority                         0x0800572d   Thumb Code    32  stm32f4xx_hal_cortex.o(i.NVIC_SetPriority)
    i.OTG_FS_IRQHandler                      0x08005754   Section        0  stm32f4xx_it.o(i.OTG_FS_IRQHandler)
    i.PCD_WriteEmptyTxFifo                   0x08005768   Section        0  stm32f4xx_hal_pcd.o(i.PCD_WriteEmptyTxFifo)
    PCD_WriteEmptyTxFifo                     0x08005769   Thumb Code   176  stm32f4xx_hal_pcd.o(i.PCD_WriteEmptyTxFifo)
    i.SysTick_Handler                        0x08005818   Section        0  stm32f4xx_it.o(i.SysTick_Handler)
    i.SystemClock_Config                     0x08005824   Section        0  main.o(i.SystemClock_Config)
    i.SystemInit                             0x08005898   Section        0  system_stm32f4xx.o(i.SystemInit)
    i.TIM7_IRQHandler                        0x080058fc   Section        0  stm32f4xx_it.o(i.TIM7_IRQHandler)
    i.TIM_Base_SetConfig                     0x08005910   Section        0  stm32f4xx_hal_tim.o(i.TIM_Base_SetConfig)
    i.USBD_CDC_DataIn                        0x080059f4   Section        0  usbd_cdc.o(i.USBD_CDC_DataIn)
    USBD_CDC_DataIn                          0x080059f5   Thumb Code    26  usbd_cdc.o(i.USBD_CDC_DataIn)
    i.USBD_CDC_DataOut                       0x08005a0e   Section        0  usbd_cdc.o(i.USBD_CDC_DataOut)
    USBD_CDC_DataOut                         0x08005a0f   Thumb Code    52  usbd_cdc.o(i.USBD_CDC_DataOut)
    i.USBD_CDC_DeInit                        0x08005a42   Section        0  usbd_cdc.o(i.USBD_CDC_DeInit)
    USBD_CDC_DeInit                          0x08005a43   Thumb Code    64  usbd_cdc.o(i.USBD_CDC_DeInit)
    i.USBD_CDC_EP0_RxReady                   0x08005a82   Section        0  usbd_cdc.o(i.USBD_CDC_EP0_RxReady)
    USBD_CDC_EP0_RxReady                     0x08005a83   Thumb Code    50  usbd_cdc.o(i.USBD_CDC_EP0_RxReady)
    i.USBD_CDC_GetDeviceQualifierDescriptor  0x08005ab4   Section        0  usbd_cdc.o(i.USBD_CDC_GetDeviceQualifierDescriptor)
    i.USBD_CDC_GetFSCfgDesc                  0x08005ac4   Section        0  usbd_cdc.o(i.USBD_CDC_GetFSCfgDesc)
    USBD_CDC_GetFSCfgDesc                    0x08005ac5   Thumb Code    10  usbd_cdc.o(i.USBD_CDC_GetFSCfgDesc)
    i.USBD_CDC_GetHSCfgDesc                  0x08005ad4   Section        0  usbd_cdc.o(i.USBD_CDC_GetHSCfgDesc)
    USBD_CDC_GetHSCfgDesc                    0x08005ad5   Thumb Code    10  usbd_cdc.o(i.USBD_CDC_GetHSCfgDesc)
    i.USBD_CDC_GetOtherSpeedCfgDesc          0x08005ae4   Section        0  usbd_cdc.o(i.USBD_CDC_GetOtherSpeedCfgDesc)
    USBD_CDC_GetOtherSpeedCfgDesc            0x08005ae5   Thumb Code    10  usbd_cdc.o(i.USBD_CDC_GetOtherSpeedCfgDesc)
    i.USBD_CDC_Init                          0x08005af4   Section        0  usbd_cdc.o(i.USBD_CDC_Init)
    USBD_CDC_Init                            0x08005af5   Thumb Code   166  usbd_cdc.o(i.USBD_CDC_Init)
    i.USBD_CDC_RegisterInterface             0x08005b9a   Section        0  usbd_cdc.o(i.USBD_CDC_RegisterInterface)
    i.USBD_CDC_SetRxBuffer                   0x08005ba8   Section        0  usbd_cdc.o(i.USBD_CDC_SetRxBuffer)
    i.USBD_CDC_SetTxBuffer                   0x08005bb6   Section        0  usbd_cdc.o(i.USBD_CDC_SetTxBuffer)
    i.USBD_CDC_Setup                         0x08005bca   Section        0  usbd_cdc.o(i.USBD_CDC_Setup)
    USBD_CDC_Setup                           0x08005bcb   Thumb Code   106  usbd_cdc.o(i.USBD_CDC_Setup)
    i.USBD_CDC_TransmitPacket                0x08005c34   Section        0  usbd_cdc.o(i.USBD_CDC_TransmitPacket)
    i.USBD_ClrClassConfig                    0x08005c6c   Section        0  usbd_core.o(i.USBD_ClrClassConfig)
    i.USBD_ClrFeature                        0x08005c82   Section        0  usbd_ctlreq.o(i.USBD_ClrFeature)
    USBD_ClrFeature                          0x08005c83   Thumb Code    68  usbd_ctlreq.o(i.USBD_ClrFeature)
    i.USBD_CtlContinueRx                     0x08005cc6   Section        0  usbd_ioreq.o(i.USBD_CtlContinueRx)
    i.USBD_CtlContinueSendData               0x08005cde   Section        0  usbd_ioreq.o(i.USBD_CtlContinueSendData)
    i.USBD_CtlError                          0x08005cf6   Section        0  usbd_ctlreq.o(i.USBD_CtlError)
    i.USBD_CtlPrepareRx                      0x08005d0e   Section        0  usbd_ioreq.o(i.USBD_CtlPrepareRx)
    i.USBD_CtlReceiveStatus                  0x08005d36   Section        0  usbd_ioreq.o(i.USBD_CtlReceiveStatus)
    i.USBD_CtlSendData                       0x08005d50   Section        0  usbd_ioreq.o(i.USBD_CtlSendData)
    i.USBD_CtlSendStatus                     0x08005d72   Section        0  usbd_ioreq.o(i.USBD_CtlSendStatus)
    i.USBD_FS_ConfigStrDescriptor            0x08005d8c   Section        0  usbd_desc.o(i.USBD_FS_ConfigStrDescriptor)
    i.USBD_FS_DeviceDescriptor               0x08005dc0   Section        0  usbd_desc.o(i.USBD_FS_DeviceDescriptor)
    i.USBD_FS_InterfaceStrDescriptor         0x08005dd0   Section        0  usbd_desc.o(i.USBD_FS_InterfaceStrDescriptor)
    i.USBD_FS_LangIDStrDescriptor            0x08005e08   Section        0  usbd_desc.o(i.USBD_FS_LangIDStrDescriptor)
    i.USBD_FS_ManufacturerStrDescriptor      0x08005e18   Section        0  usbd_desc.o(i.USBD_FS_ManufacturerStrDescriptor)
    i.USBD_FS_ProductStrDescriptor           0x08005e44   Section        0  usbd_desc.o(i.USBD_FS_ProductStrDescriptor)
    i.USBD_FS_SerialStrDescriptor            0x08005e84   Section        0  usbd_desc.o(i.USBD_FS_SerialStrDescriptor)
    i.USBD_GetConfig                         0x08005ebc   Section        0  usbd_ctlreq.o(i.USBD_GetConfig)
    USBD_GetConfig                           0x08005ebd   Thumb Code    80  usbd_ctlreq.o(i.USBD_GetConfig)
    i.USBD_GetDescriptor                     0x08005f0c   Section        0  usbd_ctlreq.o(i.USBD_GetDescriptor)
    USBD_GetDescriptor                       0x08005f0d   Thumb Code   328  usbd_ctlreq.o(i.USBD_GetDescriptor)
    i.USBD_GetLen                            0x08006054   Section        0  usbd_ctlreq.o(i.USBD_GetLen)
    USBD_GetLen                              0x08006055   Thumb Code    20  usbd_ctlreq.o(i.USBD_GetLen)
    i.USBD_GetStatus                         0x08006068   Section        0  usbd_ctlreq.o(i.USBD_GetStatus)
    USBD_GetStatus                           0x08006069   Thumb Code    68  usbd_ctlreq.o(i.USBD_GetStatus)
    i.USBD_GetString                         0x080060ac   Section        0  usbd_ctlreq.o(i.USBD_GetString)
    i.USBD_Init                              0x080060fe   Section        0  usbd_core.o(i.USBD_Init)
    i.USBD_LL_ClearStallEP                   0x08006130   Section        0  usbd_conf.o(i.USBD_LL_ClearStallEP)
    i.USBD_LL_CloseEP                        0x08006144   Section        0  usbd_conf.o(i.USBD_LL_CloseEP)
    i.USBD_LL_DataInStage                    0x08006158   Section        0  usbd_core.o(i.USBD_LL_DataInStage)
    i.USBD_LL_DataOutStage                   0x0800621a   Section        0  usbd_core.o(i.USBD_LL_DataOutStage)
    i.USBD_LL_DevConnected                   0x080062a0   Section        0  usbd_core.o(i.USBD_LL_DevConnected)
    i.USBD_LL_DevDisconnected                0x080062a6   Section        0  usbd_core.o(i.USBD_LL_DevDisconnected)
    i.USBD_LL_GetRxDataSize                  0x080062c0   Section        0  usbd_conf.o(i.USBD_LL_GetRxDataSize)
    i.USBD_LL_Init                           0x080062d4   Section        0  usbd_conf.o(i.USBD_LL_Init)
    i.USBD_LL_IsStallEP                      0x08006340   Section        0  usbd_conf.o(i.USBD_LL_IsStallEP)
    i.USBD_LL_IsoINIncomplete                0x08006378   Section        0  usbd_core.o(i.USBD_LL_IsoINIncomplete)
    i.USBD_LL_IsoOUTIncomplete               0x0800637e   Section        0  usbd_core.o(i.USBD_LL_IsoOUTIncomplete)
    i.USBD_LL_OpenEP                         0x08006384   Section        0  usbd_conf.o(i.USBD_LL_OpenEP)
    i.USBD_LL_PrepareReceive                 0x080063a4   Section        0  usbd_conf.o(i.USBD_LL_PrepareReceive)
    i.USBD_LL_Reset                          0x080063c4   Section        0  usbd_core.o(i.USBD_LL_Reset)
    i.USBD_LL_Resume                         0x08006408   Section        0  usbd_core.o(i.USBD_LL_Resume)
    i.USBD_LL_SOF                            0x08006416   Section        0  usbd_core.o(i.USBD_LL_SOF)
    i.USBD_LL_SetSpeed                       0x08006438   Section        0  usbd_core.o(i.USBD_LL_SetSpeed)
    i.USBD_LL_SetUSBAddress                  0x08006440   Section        0  usbd_conf.o(i.USBD_LL_SetUSBAddress)
    i.USBD_LL_SetupStage                     0x08006454   Section        0  usbd_core.o(i.USBD_LL_SetupStage)
    i.USBD_LL_StallEP                        0x080064c2   Section        0  usbd_conf.o(i.USBD_LL_StallEP)
    i.USBD_LL_Start                          0x080064d6   Section        0  usbd_conf.o(i.USBD_LL_Start)
    i.USBD_LL_Suspend                        0x080064e6   Section        0  usbd_core.o(i.USBD_LL_Suspend)
    i.USBD_LL_Transmit                       0x080064fa   Section        0  usbd_conf.o(i.USBD_LL_Transmit)
    i.USBD_ParseSetupRequest                 0x0800651a   Section        0  usbd_ctlreq.o(i.USBD_ParseSetupRequest)
    i.USBD_RegisterClass                     0x08006542   Section        0  usbd_core.o(i.USBD_RegisterClass)
    i.USBD_RunTestMode                       0x08006552   Section        0  usbd_core.o(i.USBD_RunTestMode)
    i.USBD_SetAddress                        0x08006558   Section        0  usbd_ctlreq.o(i.USBD_SetAddress)
    USBD_SetAddress                          0x08006559   Thumb Code    84  usbd_ctlreq.o(i.USBD_SetAddress)
    i.USBD_SetClassConfig                    0x080065ac   Section        0  usbd_core.o(i.USBD_SetClassConfig)
    i.USBD_SetConfig                         0x080065d0   Section        0  usbd_ctlreq.o(i.USBD_SetConfig)
    USBD_SetConfig                           0x080065d1   Thumb Code   218  usbd_ctlreq.o(i.USBD_SetConfig)
    i.USBD_SetFeature                        0x080066b0   Section        0  usbd_ctlreq.o(i.USBD_SetFeature)
    USBD_SetFeature                          0x080066b1   Thumb Code    36  usbd_ctlreq.o(i.USBD_SetFeature)
    i.USBD_Start                             0x080066d4   Section        0  usbd_core.o(i.USBD_Start)
    i.USBD_StdDevReq                         0x080066e2   Section        0  usbd_ctlreq.o(i.USBD_StdDevReq)
    i.USBD_StdEPReq                          0x08006754   Section        0  usbd_ctlreq.o(i.USBD_StdEPReq)
    i.USBD_StdItfReq                         0x08006890   Section        0  usbd_ctlreq.o(i.USBD_StdItfReq)
    i.USB_ActivateEndpoint                   0x080068dc   Section        0  stm32f4xx_ll_usb.o(i.USB_ActivateEndpoint)
    i.USB_ActivateSetup                      0x0800699c   Section        0  stm32f4xx_ll_usb.o(i.USB_ActivateSetup)
    i.USB_CoreInit                           0x080069e0   Section        0  stm32f4xx_ll_usb.o(i.USB_CoreInit)
    i.USB_CoreReset                          0x08006a50   Section        0  stm32f4xx_ll_usb.o(i.USB_CoreReset)
    USB_CoreReset                            0x08006a51   Thumb Code    66  stm32f4xx_ll_usb.o(i.USB_CoreReset)
    i.USB_DeactivateEndpoint                 0x08006a98   Section        0  stm32f4xx_ll_usb.o(i.USB_DeactivateEndpoint)
    i.USB_DevConnect                         0x08006b40   Section        0  stm32f4xx_ll_usb.o(i.USB_DevConnect)
    i.USB_DevDisconnect                      0x08006b5e   Section        0  stm32f4xx_ll_usb.o(i.USB_DevDisconnect)
    i.USB_DevInit                            0x08006b7c   Section        0  stm32f4xx_ll_usb.o(i.USB_DevInit)
    i.USB_DisableGlobalInt                   0x08006d20   Section        0  stm32f4xx_ll_usb.o(i.USB_DisableGlobalInt)
    i.USB_EP0StartXfer                       0x08006d30   Section        0  stm32f4xx_ll_usb.o(i.USB_EP0StartXfer)
    i.USB_EP0_OutStart                       0x08006ee0   Section        0  stm32f4xx_ll_usb.o(i.USB_EP0_OutStart)
    i.USB_EPClearStall                       0x08006f24   Section        0  stm32f4xx_ll_usb.o(i.USB_EPClearStall)
    i.USB_EPSetStall                         0x08006fac   Section        0  stm32f4xx_ll_usb.o(i.USB_EPSetStall)
    i.USB_EPStartXfer                        0x08007038   Section        0  stm32f4xx_ll_usb.o(i.USB_EPStartXfer)
    i.USB_EnableGlobalInt                    0x08007308   Section        0  stm32f4xx_ll_usb.o(i.USB_EnableGlobalInt)
    i.USB_FlushRxFifo                        0x08007318   Section        0  stm32f4xx_ll_usb.o(i.USB_FlushRxFifo)
    i.USB_FlushTxFifo                        0x08007344   Section        0  stm32f4xx_ll_usb.o(i.USB_FlushTxFifo)
    i.USB_GetDevSpeed                        0x08007374   Section        0  stm32f4xx_ll_usb.o(i.USB_GetDevSpeed)
    i.USB_GetMode                            0x080073b8   Section        0  stm32f4xx_ll_usb.o(i.USB_GetMode)
    i.USB_ReadDevAllInEpInterrupt            0x080073c2   Section        0  stm32f4xx_ll_usb.o(i.USB_ReadDevAllInEpInterrupt)
    i.USB_ReadDevAllOutEpInterrupt           0x080073d4   Section        0  stm32f4xx_ll_usb.o(i.USB_ReadDevAllOutEpInterrupt)
    i.USB_ReadDevInEPInterrupt               0x080073e6   Section        0  stm32f4xx_ll_usb.o(i.USB_ReadDevInEPInterrupt)
    i.USB_ReadDevOutEPInterrupt              0x08007412   Section        0  stm32f4xx_ll_usb.o(i.USB_ReadDevOutEPInterrupt)
    i.USB_ReadInterrupts                     0x08007428   Section        0  stm32f4xx_ll_usb.o(i.USB_ReadInterrupts)
    i.USB_ReadPacket                         0x08007434   Section        0  stm32f4xx_ll_usb.o(i.USB_ReadPacket)
    i.USB_SetCurrentMode                     0x0800745c   Section        0  stm32f4xx_ll_usb.o(i.USB_SetCurrentMode)
    i.USB_SetDevAddress                      0x0800748c   Section        0  stm32f4xx_ll_usb.o(i.USB_SetDevAddress)
    i.USB_SetDevSpeed                        0x080074b4   Section        0  stm32f4xx_ll_usb.o(i.USB_SetDevSpeed)
    i.USB_WritePacket                        0x080074c8   Section        0  stm32f4xx_ll_usb.o(i.USB_WritePacket)
    i.__scatterload_copy                     0x08007502   Section       14  handlers.o(i.__scatterload_copy)
    i.__scatterload_null                     0x08007510   Section        2  handlers.o(i.__scatterload_null)
    i.__scatterload_zeroinit                 0x08007512   Section       14  handlers.o(i.__scatterload_zeroinit)
    i.calculatePosition                      0x08007520   Section        0  main.o(i.calculatePosition)
    i.changeState                            0x08007608   Section        0  main.o(i.changeState)
    i.free                                   0x08007654   Section        0  malloc.o(i.free)
    i.initBNO055                             0x080076a4   Section        0  main.o(i.initBNO055)
    i.main                                   0x080076f8   Section        0  main.o(i.main)
    i.malloc                                 0x08007768   Section        0  malloc.o(i.malloc)
    i.processData                            0x080077d4   Section        0  main.o(i.processData)
    i.recieveData                            0x08007810   Section        0  main.o(i.recieveData)
    i.recieveID                              0x08007858   Section        0  main.o(i.recieveID)
    .constdata                               0x080078a4   Section       16  stm32f4xx_hal_rcc.o(.constdata)
    .data                                    0x20000000   Section       23  main.o(.data)
    .data                                    0x20000018   Section       20  usbd_cdc_if.o(.data)
    .data                                    0x2000002c   Section       52  usbd_desc.o(.data)
    .data                                    0x20000060   Section        8  crc.o(.data)
    .data                                    0x20000068   Section       20  system_stm32f4xx.o(.data)
    .data                                    0x2000007c   Section        4  stm32f4xx_hal.o(.data)
    uwTick                                   0x2000007c   Data           4  stm32f4xx_hal.o(.data)
    .data                                    0x20000080   Section      271  usbd_cdc.o(.data)
    USBD_CDC_DeviceQualifierDesc             0x20000080   Data          10  usbd_cdc.o(.data)
    .data                                    0x2000018f   Section        1  usbd_ctlreq.o(.data)
    cfgidx                                   0x2000018f   Data           1  usbd_ctlreq.o(.data)
    .data                                    0x20000190   Section        4  mvars.o(.data)
    .data                                    0x20000194   Section        4  mvars.o(.data)
    .bss                                     0x20000198   Section      216  i2c.o(.bss)
    .bss                                     0x20000270   Section      120  main.o(.bss)
    .bss                                     0x200002e8   Section       60  tim.o(.bss)
    .bss                                     0x20000324   Section      548  usb_device.o(.bss)
    .bss                                     0x20000548   Section      128  usbd_cdc_if.o(.bss)
    .bss                                     0x200005c8   Section      944  usbd_conf.o(.bss)
    .bss                                     0x20000978   Section      512  usbd_desc.o(.bss)
    HEAP                                     0x20000b78   Section     1024  startup_stm32f407xx.o(HEAP)
    STACK                                    0x20000f78   Section     1024  startup_stm32f407xx.o(STACK)

    Global Symbols

    Symbol Name                              Value     Ov Type        Size  Object(Section)

    BuildAttributes$$THM_ISAv4$E$P$D$K$B$S$7EM$VFPi3$EXTD16$VFPS$VFMA$PE$A:L22UL41UL21$X:L11$S22US41US21$IEEE1$IW$USESV6$~STKCKD$USESV7$~SHL$OSPACE$EBA8$MICROLIB$REQ8$PRES8$EABIv2 0x00000000   Number         0  anon$$obj.o ABSOLUTE
    __ARM_use_no_argv                        0x00000000   Number         0  main.o ABSOLUTE
    __cpp_initialize__aeabi_                  - Undefined Weak Reference
    __cxa_finalize                            - Undefined Weak Reference
    _clock_init                               - Undefined Weak Reference
    _microlib_exit                            - Undefined Weak Reference
    __Vectors_Size                           0x00000188   Number         0  startup_stm32f407xx.o ABSOLUTE
    __Vectors                                0x08000000   Data           4  startup_stm32f407xx.o(RESET)
    __Vectors_End                            0x08000188   Data           0  startup_stm32f407xx.o(RESET)
    __main                                   0x08000189   Thumb Code     0  entry.o(.ARM.Collect$$$$00000000)
    _main_stk                                0x08000189   Thumb Code     0  entry2.o(.ARM.Collect$$$$00000001)
    _main_scatterload                        0x0800018d   Thumb Code     0  entry5.o(.ARM.Collect$$$$00000004)
    __main_after_scatterload                 0x08000191   Thumb Code     0  entry5.o(.ARM.Collect$$$$00000004)
    _main_clock                              0x08000191   Thumb Code     0  entry7b.o(.ARM.Collect$$$$00000008)
    _main_cpp_init                           0x08000191   Thumb Code     0  entry8b.o(.ARM.Collect$$$$0000000A)
    _main_init                               0x08000191   Thumb Code     0  entry9a.o(.ARM.Collect$$$$0000000B)
    __rt_final_cpp                           0x08000199   Thumb Code     0  entry10a.o(.ARM.Collect$$$$0000000D)
    __rt_final_exit                          0x08000199   Thumb Code     0  entry11a.o(.ARM.Collect$$$$0000000F)
    Reset_Handler                            0x0800019d   Thumb Code     8  startup_stm32f407xx.o(.text)
    NMI_Handler                              0x080001a5   Thumb Code     2  startup_stm32f407xx.o(.text)
    HardFault_Handler                        0x080001a7   Thumb Code     2  startup_stm32f407xx.o(.text)
    MemManage_Handler                        0x080001a9   Thumb Code     2  startup_stm32f407xx.o(.text)
    BusFault_Handler                         0x080001ab   Thumb Code     2  startup_stm32f407xx.o(.text)
    UsageFault_Handler                       0x080001ad   Thumb Code     2  startup_stm32f407xx.o(.text)
    SVC_Handler                              0x080001af   Thumb Code     2  startup_stm32f407xx.o(.text)
    DebugMon_Handler                         0x080001b1   Thumb Code     2  startup_stm32f407xx.o(.text)
    PendSV_Handler                           0x080001b3   Thumb Code     2  startup_stm32f407xx.o(.text)
    ADC_IRQHandler                           0x080001b7   Thumb Code     0  startup_stm32f407xx.o(.text)
    CAN1_RX0_IRQHandler                      0x080001b7   Thumb Code     0  startup_stm32f407xx.o(.text)
    CAN1_RX1_IRQHandler                      0x080001b7   Thumb Code     0  startup_stm32f407xx.o(.text)
    CAN1_SCE_IRQHandler                      0x080001b7   Thumb Code     0  startup_stm32f407xx.o(.text)
    CAN1_TX_IRQHandler                       0x080001b7   Thumb Code     0  startup_stm32f407xx.o(.text)
    CAN2_RX0_IRQHandler                      0x080001b7   Thumb Code     0  startup_stm32f407xx.o(.text)
    CAN2_RX1_IRQHandler                      0x080001b7   Thumb Code     0  startup_stm32f407xx.o(.text)
    CAN2_SCE_IRQHandler                      0x080001b7   Thumb Code     0  startup_stm32f407xx.o(.text)
    CAN2_TX_IRQHandler                       0x080001b7   Thumb Code     0  startup_stm32f407xx.o(.text)
    DCMI_IRQHandler                          0x080001b7   Thumb Code     0  startup_stm32f407xx.o(.text)
    DMA1_Stream1_IRQHandler                  0x080001b7   Thumb Code     0  startup_stm32f407xx.o(.text)
    DMA1_Stream2_IRQHandler                  0x080001b7   Thumb Code     0  startup_stm32f407xx.o(.text)
    DMA1_Stream3_IRQHandler                  0x080001b7   Thumb Code     0  startup_stm32f407xx.o(.text)
    DMA1_Stream4_IRQHandler                  0x080001b7   Thumb Code     0  startup_stm32f407xx.o(.text)
    DMA1_Stream5_IRQHandler                  0x080001b7   Thumb Code     0  startup_stm32f407xx.o(.text)
    DMA1_Stream7_IRQHandler                  0x080001b7   Thumb Code     0  startup_stm32f407xx.o(.text)
    DMA2_Stream0_IRQHandler                  0x080001b7   Thumb Code     0  startup_stm32f407xx.o(.text)
    DMA2_Stream2_IRQHandler                  0x080001b7   Thumb Code     0  startup_stm32f407xx.o(.text)
    DMA2_Stream3_IRQHandler                  0x080001b7   Thumb Code     0  startup_stm32f407xx.o(.text)
    DMA2_Stream4_IRQHandler                  0x080001b7   Thumb Code     0  startup_stm32f407xx.o(.text)
    DMA2_Stream5_IRQHandler                  0x080001b7   Thumb Code     0  startup_stm32f407xx.o(.text)
    DMA2_Stream6_IRQHandler                  0x080001b7   Thumb Code     0  startup_stm32f407xx.o(.text)
    DMA2_Stream7_IRQHandler                  0x080001b7   Thumb Code     0  startup_stm32f407xx.o(.text)
    ETH_IRQHandler                           0x080001b7   Thumb Code     0  startup_stm32f407xx.o(.text)
    ETH_WKUP_IRQHandler                      0x080001b7   Thumb Code     0  startup_stm32f407xx.o(.text)
    EXTI0_IRQHandler                         0x080001b7   Thumb Code     0  startup_stm32f407xx.o(.text)
    EXTI15_10_IRQHandler                     0x080001b7   Thumb Code     0  startup_stm32f407xx.o(.text)
    EXTI1_IRQHandler                         0x080001b7   Thumb Code     0  startup_stm32f407xx.o(.text)
    EXTI2_IRQHandler                         0x080001b7   Thumb Code     0  startup_stm32f407xx.o(.text)
    EXTI3_IRQHandler                         0x080001b7   Thumb Code     0  startup_stm32f407xx.o(.text)
    EXTI4_IRQHandler                         0x080001b7   Thumb Code     0  startup_stm32f407xx.o(.text)
    EXTI9_5_IRQHandler                       0x080001b7   Thumb Code     0  startup_stm32f407xx.o(.text)
    FLASH_IRQHandler                         0x080001b7   Thumb Code     0  startup_stm32f407xx.o(.text)
    FMC_IRQHandler                           0x080001b7   Thumb Code     0  startup_stm32f407xx.o(.text)
    FPU_IRQHandler                           0x080001b7   Thumb Code     0  startup_stm32f407xx.o(.text)
    HASH_RNG_IRQHandler                      0x080001b7   Thumb Code     0  startup_stm32f407xx.o(.text)
    I2C2_ER_IRQHandler                       0x080001b7   Thumb Code     0  startup_stm32f407xx.o(.text)
    I2C2_EV_IRQHandler                       0x080001b7   Thumb Code     0  startup_stm32f407xx.o(.text)
    I2C3_ER_IRQHandler                       0x080001b7   Thumb Code     0  startup_stm32f407xx.o(.text)
    I2C3_EV_IRQHandler                       0x080001b7   Thumb Code     0  startup_stm32f407xx.o(.text)
    OTG_FS_WKUP_IRQHandler                   0x080001b7   Thumb Code     0  startup_stm32f407xx.o(.text)
    OTG_HS_EP1_IN_IRQHandler                 0x080001b7   Thumb Code     0  startup_stm32f407xx.o(.text)
    OTG_HS_EP1_OUT_IRQHandler                0x080001b7   Thumb Code     0  startup_stm32f407xx.o(.text)
    OTG_HS_IRQHandler                        0x080001b7   Thumb Code     0  startup_stm32f407xx.o(.text)
    OTG_HS_WKUP_IRQHandler                   0x080001b7   Thumb Code     0  startup_stm32f407xx.o(.text)
    PVD_IRQHandler                           0x080001b7   Thumb Code     0  startup_stm32f407xx.o(.text)
    RCC_IRQHandler                           0x080001b7   Thumb Code     0  startup_stm32f407xx.o(.text)
    RTC_Alarm_IRQHandler                     0x080001b7   Thumb Code     0  startup_stm32f407xx.o(.text)
    RTC_WKUP_IRQHandler                      0x080001b7   Thumb Code     0  startup_stm32f407xx.o(.text)
    SDIO_IRQHandler                          0x080001b7   Thumb Code     0  startup_stm32f407xx.o(.text)
    SPI1_IRQHandler                          0x080001b7   Thumb Code     0  startup_stm32f407xx.o(.text)
    SPI2_IRQHandler                          0x080001b7   Thumb Code     0  startup_stm32f407xx.o(.text)
    SPI3_IRQHandler                          0x080001b7   Thumb Code     0  startup_stm32f407xx.o(.text)
    TAMP_STAMP_IRQHandler                    0x080001b7   Thumb Code     0  startup_stm32f407xx.o(.text)
    TIM1_BRK_TIM9_IRQHandler                 0x080001b7   Thumb Code     0  startup_stm32f407xx.o(.text)
    TIM1_CC_IRQHandler                       0x080001b7   Thumb Code     0  startup_stm32f407xx.o(.text)
    TIM1_TRG_COM_TIM11_IRQHandler            0x080001b7   Thumb Code     0  startup_stm32f407xx.o(.text)
    TIM1_UP_TIM10_IRQHandler                 0x080001b7   Thumb Code     0  startup_stm32f407xx.o(.text)
    TIM2_IRQHandler                          0x080001b7   Thumb Code     0  startup_stm32f407xx.o(.text)
    TIM3_IRQHandler                          0x080001b7   Thumb Code     0  startup_stm32f407xx.o(.text)
    TIM4_IRQHandler                          0x080001b7   Thumb Code     0  startup_stm32f407xx.o(.text)
    TIM5_IRQHandler                          0x080001b7   Thumb Code     0  startup_stm32f407xx.o(.text)
    TIM6_DAC_IRQHandler                      0x080001b7   Thumb Code     0  startup_stm32f407xx.o(.text)
    TIM8_BRK_TIM12_IRQHandler                0x080001b7   Thumb Code     0  startup_stm32f407xx.o(.text)
    TIM8_CC_IRQHandler                       0x080001b7   Thumb Code     0  startup_stm32f407xx.o(.text)
    TIM8_TRG_COM_TIM14_IRQHandler            0x080001b7   Thumb Code     0  startup_stm32f407xx.o(.text)
    TIM8_UP_TIM13_IRQHandler                 0x080001b7   Thumb Code     0  startup_stm32f407xx.o(.text)
    UART4_IRQHandler                         0x080001b7   Thumb Code     0  startup_stm32f407xx.o(.text)
    UART5_IRQHandler                         0x080001b7   Thumb Code     0  startup_stm32f407xx.o(.text)
    USART1_IRQHandler                        0x080001b7   Thumb Code     0  startup_stm32f407xx.o(.text)
    USART2_IRQHandler                        0x080001b7   Thumb Code     0  startup_stm32f407xx.o(.text)
    USART3_IRQHandler                        0x080001b7   Thumb Code     0  startup_stm32f407xx.o(.text)
    USART6_IRQHandler                        0x080001b7   Thumb Code     0  startup_stm32f407xx.o(.text)
    WWDG_IRQHandler                          0x080001b7   Thumb Code     0  startup_stm32f407xx.o(.text)
    __aeabi_memcpy                           0x080001c1   Thumb Code    36  memcpya.o(.text)
    __aeabi_memcpy4                          0x080001c1   Thumb Code     0  memcpya.o(.text)
    __aeabi_memcpy8                          0x080001c1   Thumb Code     0  memcpya.o(.text)
    __scatterload                            0x080001e5   Thumb Code    28  init.o(.text)
    __scatterload_rt2                        0x080001e5   Thumb Code     0  init.o(.text)
    __decompress                             0x08000209   Thumb Code     0  __dczerorl2.o(.text)
    __decompress1                            0x08000209   Thumb Code    92  __dczerorl2.o(.text)
    CDC_Transmit_FS                          0x080002e9   Thumb Code    54  usbd_cdc_if.o(i.CDC_Transmit_FS)
    DMA1_Stream0_IRQHandler                  0x08000329   Thumb Code    16  stm32f4xx_it.o(i.DMA1_Stream0_IRQHandler)
    DMA1_Stream6_IRQHandler                  0x0800033d   Thumb Code    16  stm32f4xx_it.o(i.DMA1_Stream6_IRQHandler)
    DMA2_Stream1_IRQHandler                  0x08000351   Thumb Code    10  stm32f4xx_it.o(i.DMA2_Stream1_IRQHandler)
    HAL_CRC_Init                             0x0800037b   Thumb Code    32  stm32f4xx_hal_crc.o(i.HAL_CRC_Init)
    HAL_CRC_MspInit                          0x0800039d   Thumb Code    22  crc.o(i.HAL_CRC_MspInit)
    HAL_DMA_IRQHandler                       0x080003bd   Thumb Code  9772  stm32f4xx_hal_dma.o(i.HAL_DMA_IRQHandler)
    HAL_DMA_Init                             0x080029f1   Thumb Code   120  stm32f4xx_hal_dma.o(i.HAL_DMA_Init)
    HAL_DMA_Start_IT                         0x08002a6d   Thumb Code   142  stm32f4xx_hal_dma.o(i.HAL_DMA_Start_IT)
    HAL_Delay                                0x08002afb   Thumb Code    26  stm32f4xx_hal.o(i.HAL_Delay)
    HAL_GPIO_Init                            0x08002b15   Thumb Code   466  stm32f4xx_hal_gpio.o(i.HAL_GPIO_Init)
    HAL_GPIO_TogglePin                       0x08002d1d   Thumb Code     8  stm32f4xx_hal_gpio.o(i.HAL_GPIO_TogglePin)
    HAL_GPIO_WritePin                        0x08002d25   Thumb Code    10  stm32f4xx_hal_gpio.o(i.HAL_GPIO_WritePin)
    HAL_GetTick                              0x08002d31   Thumb Code     6  stm32f4xx_hal.o(i.HAL_GetTick)
    HAL_I2C_ER_IRQHandler                    0x08002d3d   Thumb Code   232  stm32f4xx_hal_i2c.o(i.HAL_I2C_ER_IRQHandler)
    HAL_I2C_EV_IRQHandler                    0x08002e25   Thumb Code   368  stm32f4xx_hal_i2c.o(i.HAL_I2C_EV_IRQHandler)
    HAL_I2C_ErrorCallback                    0x08002f95   Thumb Code     2  stm32f4xx_hal_i2c.o(i.HAL_I2C_ErrorCallback)
    HAL_I2C_GetState                         0x08002f97   Thumb Code     8  stm32f4xx_hal_i2c.o(i.HAL_I2C_GetState)
    HAL_I2C_Init                             0x08002fa1   Thumb Code   274  stm32f4xx_hal_i2c.o(i.HAL_I2C_Init)
    HAL_I2C_IsDeviceReady                    0x080030bd   Thumb Code   362  stm32f4xx_hal_i2c.o(i.HAL_I2C_IsDeviceReady)
    HAL_I2C_MasterRxCpltCallback             0x0800322d   Thumb Code     2  stm32f4xx_hal_i2c.o(i.HAL_I2C_MasterRxCpltCallback)
    HAL_I2C_MasterTxCpltCallback             0x0800322f   Thumb Code     2  stm32f4xx_hal_i2c.o(i.HAL_I2C_MasterTxCpltCallback)
    HAL_I2C_MemRxCpltCallback                0x08003231   Thumb Code    22  main.o(i.HAL_I2C_MemRxCpltCallback)
    HAL_I2C_MemTxCpltCallback                0x0800324d   Thumb Code     2  main.o(i.HAL_I2C_MemTxCpltCallback)
    HAL_I2C_Mem_Read                         0x08003251   Thumb Code   546  stm32f4xx_hal_i2c.o(i.HAL_I2C_Mem_Read)
    HAL_I2C_Mem_Read_DMA                     0x0800347d   Thumb Code   240  stm32f4xx_hal_i2c.o(i.HAL_I2C_Mem_Read_DMA)
    HAL_I2C_Mem_Write                        0x08003575   Thumb Code   266  stm32f4xx_hal_i2c.o(i.HAL_I2C_Mem_Write)
    HAL_I2C_MspInit                          0x08003689   Thumb Code   216  i2c.o(i.HAL_I2C_MspInit)
    HAL_I2C_SlaveRxCpltCallback              0x08003779   Thumb Code     2  stm32f4xx_hal_i2c.o(i.HAL_I2C_SlaveRxCpltCallback)
    HAL_I2C_SlaveTxCpltCallback              0x0800377b   Thumb Code     2  stm32f4xx_hal_i2c.o(i.HAL_I2C_SlaveTxCpltCallback)
    HAL_IncTick                              0x0800377d   Thumb Code    12  stm32f4xx_hal.o(i.HAL_IncTick)
    HAL_Init                                 0x0800378d   Thumb Code    54  stm32f4xx_hal.o(i.HAL_Init)
    HAL_InitTick                             0x080037c9   Thumb Code    36  stm32f4xx_hal.o(i.HAL_InitTick)
    HAL_MspInit                              0x080037ed   Thumb Code     2  stm32f4xx_hal.o(i.HAL_MspInit)
    HAL_NVIC_ClearPendingIRQ                 0x080037f1   Thumb Code    22  stm32f4xx_hal_cortex.o(i.HAL_NVIC_ClearPendingIRQ)
    HAL_NVIC_EnableIRQ                       0x0800380d   Thumb Code    28  stm32f4xx_hal_cortex.o(i.HAL_NVIC_EnableIRQ)
    HAL_NVIC_SetPriority                     0x08003829   Thumb Code   124  stm32f4xx_hal_cortex.o(i.HAL_NVIC_SetPriority)
    HAL_NVIC_SetPriorityGrouping             0x080038a5   Thumb Code    32  stm32f4xx_hal_cortex.o(i.HAL_NVIC_SetPriorityGrouping)
    HAL_PCDEx_SetRxFiFo                      0x080038cd   Thumb Code    10  stm32f4xx_hal_pcd_ex.o(i.HAL_PCDEx_SetRxFiFo)
    HAL_PCDEx_SetTxFiFo                      0x080038d7   Thumb Code    82  stm32f4xx_hal_pcd_ex.o(i.HAL_PCDEx_SetTxFiFo)
    HAL_PCD_ConnectCallback                  0x08003929   Thumb Code    14  usbd_conf.o(i.HAL_PCD_ConnectCallback)
    HAL_PCD_DataInStageCallback              0x08003937   Thumb Code    32  usbd_conf.o(i.HAL_PCD_DataInStageCallback)
    HAL_PCD_DataOutStageCallback             0x08003957   Thumb Code    32  usbd_conf.o(i.HAL_PCD_DataOutStageCallback)
    HAL_PCD_DisconnectCallback               0x08003977   Thumb Code    14  usbd_conf.o(i.HAL_PCD_DisconnectCallback)
    HAL_PCD_EP_Close                         0x08003985   Thumb Code   106  stm32f4xx_hal_pcd.o(i.HAL_PCD_EP_Close)
    HAL_PCD_EP_ClrStall                      0x080039ef   Thumb Code   104  stm32f4xx_hal_pcd.o(i.HAL_PCD_EP_ClrStall)
    HAL_PCD_EP_GetRxCount                    0x08003a57   Thumb Code    24  stm32f4xx_hal_pcd.o(i.HAL_PCD_EP_GetRxCount)
    HAL_PCD_EP_Open                          0x08003a6f   Thumb Code   140  stm32f4xx_hal_pcd.o(i.HAL_PCD_EP_Open)
    HAL_PCD_EP_Receive                       0x08003afb   Thumb Code   120  stm32f4xx_hal_pcd.o(i.HAL_PCD_EP_Receive)
    HAL_PCD_EP_SetStall                      0x08003b73   Thumb Code   122  stm32f4xx_hal_pcd.o(i.HAL_PCD_EP_SetStall)
    HAL_PCD_EP_Transmit                      0x08003bed   Thumb Code   122  stm32f4xx_hal_pcd.o(i.HAL_PCD_EP_Transmit)
    HAL_PCD_IRQHandler                       0x08003c67   Thumb Code  1328  stm32f4xx_hal_pcd.o(i.HAL_PCD_IRQHandler)
    HAL_PCD_ISOINIncompleteCallback          0x08004197   Thumb Code    18  usbd_conf.o(i.HAL_PCD_ISOINIncompleteCallback)
    HAL_PCD_ISOOUTIncompleteCallback         0x080041a9   Thumb Code    18  usbd_conf.o(i.HAL_PCD_ISOOUTIncompleteCallback)
    HAL_PCD_Init                             0x080041bb   Thumb Code   322  stm32f4xx_hal_pcd.o(i.HAL_PCD_Init)
    HAL_PCD_MspInit                          0x080042fd   Thumb Code   120  usbd_conf.o(i.HAL_PCD_MspInit)
    HAL_PCD_ResetCallback                    0x0800437d   Thumb Code    50  usbd_conf.o(i.HAL_PCD_ResetCallback)
    HAL_PCD_ResumeCallback                   0x080043af   Thumb Code    14  usbd_conf.o(i.HAL_PCD_ResumeCallback)
    HAL_PCD_SOFCallback                      0x080043bd   Thumb Code    14  usbd_conf.o(i.HAL_PCD_SOFCallback)
    HAL_PCD_SetAddress                       0x080043cb   Thumb Code    50  stm32f4xx_hal_pcd.o(i.HAL_PCD_SetAddress)
    HAL_PCD_SetupStageCallback               0x080043fd   Thumb Code    18  usbd_conf.o(i.HAL_PCD_SetupStageCallback)
    HAL_PCD_Start                            0x0800440f   Thumb Code    52  stm32f4xx_hal_pcd.o(i.HAL_PCD_Start)
    HAL_PCD_SuspendCallback                  0x08004443   Thumb Code    14  usbd_conf.o(i.HAL_PCD_SuspendCallback)
    HAL_RCC_ClockConfig                      0x08004451   Thumb Code   580  stm32f4xx_hal_rcc.o(i.HAL_RCC_ClockConfig)
    HAL_RCC_GetHCLKFreq                      0x0800469d   Thumb Code    42  stm32f4xx_hal_rcc.o(i.HAL_RCC_GetHCLKFreq)
    HAL_RCC_GetPCLK1Freq                     0x080046d5   Thumb Code    36  stm32f4xx_hal_rcc.o(i.HAL_RCC_GetPCLK1Freq)
    HAL_RCC_GetSysClockFreq                  0x08004701   Thumb Code   182  stm32f4xx_hal_rcc.o(i.HAL_RCC_GetSysClockFreq)
    HAL_RCC_OscConfig                        0x080047c5   Thumb Code   998  stm32f4xx_hal_rcc.o(i.HAL_RCC_OscConfig)
    HAL_SYSTICK_Callback                     0x08004bbd   Thumb Code     2  stm32f4xx_hal_cortex.o(i.HAL_SYSTICK_Callback)
    HAL_SYSTICK_Config                       0x08004bbf   Thumb Code    52  stm32f4xx_hal_cortex.o(i.HAL_SYSTICK_Config)
    HAL_SYSTICK_IRQHandler                   0x08004bf3   Thumb Code     8  stm32f4xx_hal_cortex.o(i.HAL_SYSTICK_IRQHandler)
    HAL_TIMEx_BreakCallback                  0x08004bfb   Thumb Code     2  stm32f4xx_hal_tim_ex.o(i.HAL_TIMEx_BreakCallback)
    HAL_TIMEx_CommutationCallback            0x08004bfd   Thumb Code     2  stm32f4xx_hal_tim_ex.o(i.HAL_TIMEx_CommutationCallback)
    HAL_TIMEx_MasterConfigSynchronization    0x08004bff   Thumb Code    98  stm32f4xx_hal_tim_ex.o(i.HAL_TIMEx_MasterConfigSynchronization)
    HAL_TIM_Base_Init                        0x08004c61   Thumb Code    46  stm32f4xx_hal_tim.o(i.HAL_TIM_Base_Init)
    HAL_TIM_Base_MspInit                     0x08004c91   Thumb Code    48  tim.o(i.HAL_TIM_Base_MspInit)
    HAL_TIM_Base_Start_IT                    0x08004cc9   Thumb Code    30  stm32f4xx_hal_tim.o(i.HAL_TIM_Base_Start_IT)
    HAL_TIM_IC_CaptureCallback               0x08004ce7   Thumb Code     2  stm32f4xx_hal_tim.o(i.HAL_TIM_IC_CaptureCallback)
    HAL_TIM_IRQHandler                       0x08004ce9   Thumb Code   406  stm32f4xx_hal_tim.o(i.HAL_TIM_IRQHandler)
    HAL_TIM_OC_DelayElapsedCallback          0x08004e7f   Thumb Code     2  stm32f4xx_hal_tim.o(i.HAL_TIM_OC_DelayElapsedCallback)
    HAL_TIM_PWM_PulseFinishedCallback        0x08004e81   Thumb Code     2  stm32f4xx_hal_tim.o(i.HAL_TIM_PWM_PulseFinishedCallback)
    HAL_TIM_PeriodElapsedCallback            0x08004e83   Thumb Code    10  main.o(i.HAL_TIM_PeriodElapsedCallback)
    HAL_TIM_TriggerCallback                  0x08004e8d   Thumb Code     2  stm32f4xx_hal_tim.o(i.HAL_TIM_TriggerCallback)
    I2C1_ER_IRQHandler                       0x08004e91   Thumb Code    16  stm32f4xx_it.o(i.I2C1_ER_IRQHandler)
    I2C1_EV_IRQHandler                       0x08004ea5   Thumb Code    16  stm32f4xx_it.o(i.I2C1_EV_IRQHandler)
    MX_CRC_Init                              0x080055c5   Thumb Code    16  crc.o(i.MX_CRC_Init)
    MX_DMA_Init                              0x080055dd   Thumb Code    82  dma.o(i.MX_DMA_Init)
    MX_GPIO_Init                             0x08005635   Thumb Code    64  gpio.o(i.MX_GPIO_Init)
    MX_I2C1_Init                             0x0800567d   Thumb Code    42  i2c.o(i.MX_I2C1_Init)
    MX_TIM7_Init                             0x080056b5   Thumb Code    44  tim.o(i.MX_TIM7_Init)
    MX_USB_DEVICE_Init                       0x080056e9   Thumb Code    36  usb_device.o(i.MX_USB_DEVICE_Init)
    OTG_FS_IRQHandler                        0x08005755   Thumb Code    16  stm32f4xx_it.o(i.OTG_FS_IRQHandler)
    SysTick_Handler                          0x08005819   Thumb Code    12  stm32f4xx_it.o(i.SysTick_Handler)
    SystemClock_Config                       0x08005825   Thumb Code   108  main.o(i.SystemClock_Config)
    SystemInit                               0x08005899   Thumb Code    82  system_stm32f4xx.o(i.SystemInit)
    TIM7_IRQHandler                          0x080058fd   Thumb Code    16  stm32f4xx_it.o(i.TIM7_IRQHandler)
    TIM_Base_SetConfig                       0x08005911   Thumb Code   184  stm32f4xx_hal_tim.o(i.TIM_Base_SetConfig)
    USBD_CDC_GetDeviceQualifierDescriptor    0x08005ab5   Thumb Code    10  usbd_cdc.o(i.USBD_CDC_GetDeviceQualifierDescriptor)
    USBD_CDC_RegisterInterface               0x08005b9b   Thumb Code    14  usbd_cdc.o(i.USBD_CDC_RegisterInterface)
    USBD_CDC_SetRxBuffer                     0x08005ba9   Thumb Code    14  usbd_cdc.o(i.USBD_CDC_SetRxBuffer)
    USBD_CDC_SetTxBuffer                     0x08005bb7   Thumb Code    20  usbd_cdc.o(i.USBD_CDC_SetTxBuffer)
    USBD_CDC_TransmitPacket                  0x08005c35   Thumb Code    56  usbd_cdc.o(i.USBD_CDC_TransmitPacket)
    USBD_ClrClassConfig                      0x08005c6d   Thumb Code    22  usbd_core.o(i.USBD_ClrClassConfig)
    USBD_CtlContinueRx                       0x08005cc7   Thumb Code    24  usbd_ioreq.o(i.USBD_CtlContinueRx)
    USBD_CtlContinueSendData                 0x08005cdf   Thumb Code    24  usbd_ioreq.o(i.USBD_CtlContinueSendData)
    USBD_CtlError                            0x08005cf7   Thumb Code    24  usbd_ctlreq.o(i.USBD_CtlError)
    USBD_CtlPrepareRx                        0x08005d0f   Thumb Code    40  usbd_ioreq.o(i.USBD_CtlPrepareRx)
    USBD_CtlReceiveStatus                    0x08005d37   Thumb Code    26  usbd_ioreq.o(i.USBD_CtlReceiveStatus)
    USBD_CtlSendData                         0x08005d51   Thumb Code    34  usbd_ioreq.o(i.USBD_CtlSendData)
    USBD_CtlSendStatus                       0x08005d73   Thumb Code    26  usbd_ioreq.o(i.USBD_CtlSendStatus)
    USBD_FS_ConfigStrDescriptor              0x08005d8d   Thumb Code    34  usbd_desc.o(i.USBD_FS_ConfigStrDescriptor)
    USBD_FS_DeviceDescriptor                 0x08005dc1   Thumb Code    10  usbd_desc.o(i.USBD_FS_DeviceDescriptor)
    USBD_FS_InterfaceStrDescriptor           0x08005dd1   Thumb Code    34  usbd_desc.o(i.USBD_FS_InterfaceStrDescriptor)
    USBD_FS_LangIDStrDescriptor              0x08005e09   Thumb Code    10  usbd_desc.o(i.USBD_FS_LangIDStrDescriptor)
    USBD_FS_ManufacturerStrDescriptor        0x08005e19   Thumb Code    20  usbd_desc.o(i.USBD_FS_ManufacturerStrDescriptor)
    USBD_FS_ProductStrDescriptor             0x08005e45   Thumb Code    34  usbd_desc.o(i.USBD_FS_ProductStrDescriptor)
    USBD_FS_SerialStrDescriptor              0x08005e85   Thumb Code    34  usbd_desc.o(i.USBD_FS_SerialStrDescriptor)
    USBD_GetString                           0x080060ad   Thumb Code    82  usbd_ctlreq.o(i.USBD_GetString)
    USBD_Init                                0x080060ff   Thumb Code    50  usbd_core.o(i.USBD_Init)
    USBD_LL_ClearStallEP                     0x08006131   Thumb Code    20  usbd_conf.o(i.USBD_LL_ClearStallEP)
    USBD_LL_CloseEP                          0x08006145   Thumb Code    20  usbd_conf.o(i.USBD_LL_CloseEP)
    USBD_LL_DataInStage                      0x08006159   Thumb Code   194  usbd_core.o(i.USBD_LL_DataInStage)
    USBD_LL_DataOutStage                     0x0800621b   Thumb Code   134  usbd_core.o(i.USBD_LL_DataOutStage)
    USBD_LL_DevConnected                     0x080062a1   Thumb Code     6  usbd_core.o(i.USBD_LL_DevConnected)
    USBD_LL_DevDisconnected                  0x080062a7   Thumb Code    26  usbd_core.o(i.USBD_LL_DevDisconnected)
    USBD_LL_GetRxDataSize                    0x080062c1   Thumb Code    18  usbd_conf.o(i.USBD_LL_GetRxDataSize)
    USBD_LL_Init                             0x080062d5   Thumb Code   102  usbd_conf.o(i.USBD_LL_Init)
    USBD_LL_IsStallEP                        0x08006341   Thumb Code    56  usbd_conf.o(i.USBD_LL_IsStallEP)
    USBD_LL_IsoINIncomplete                  0x08006379   Thumb Code     6  usbd_core.o(i.USBD_LL_IsoINIncomplete)
    USBD_LL_IsoOUTIncomplete                 0x0800637f   Thumb Code     6  usbd_core.o(i.USBD_LL_IsoOUTIncomplete)
    USBD_LL_OpenEP                           0x08006385   Thumb Code    32  usbd_conf.o(i.USBD_LL_OpenEP)
    USBD_LL_PrepareReceive                   0x080063a5   Thumb Code    32  usbd_conf.o(i.USBD_LL_PrepareReceive)
    USBD_LL_Reset                            0x080063c5   Thumb Code    68  usbd_core.o(i.USBD_LL_Reset)
    USBD_LL_Resume                           0x08006409   Thumb Code    14  usbd_core.o(i.USBD_LL_Resume)
    USBD_LL_SOF                              0x08006417   Thumb Code    34  usbd_core.o(i.USBD_LL_SOF)
    USBD_LL_SetSpeed                         0x08006439   Thumb Code     8  usbd_core.o(i.USBD_LL_SetSpeed)
    USBD_LL_SetUSBAddress                    0x08006441   Thumb Code    20  usbd_conf.o(i.USBD_LL_SetUSBAddress)
    USBD_LL_SetupStage                       0x08006455   Thumb Code   110  usbd_core.o(i.USBD_LL_SetupStage)
    USBD_LL_StallEP                          0x080064c3   Thumb Code    20  usbd_conf.o(i.USBD_LL_StallEP)
    USBD_LL_Start                            0x080064d7   Thumb Code    16  usbd_conf.o(i.USBD_LL_Start)
    USBD_LL_Suspend                          0x080064e7   Thumb Code    20  usbd_core.o(i.USBD_LL_Suspend)
    USBD_LL_Transmit                         0x080064fb   Thumb Code    32  usbd_conf.o(i.USBD_LL_Transmit)
    USBD_ParseSetupRequest                   0x0800651b   Thumb Code    40  usbd_ctlreq.o(i.USBD_ParseSetupRequest)
    USBD_RegisterClass                       0x08006543   Thumb Code    16  usbd_core.o(i.USBD_RegisterClass)
    USBD_RunTestMode                         0x08006553   Thumb Code     6  usbd_core.o(i.USBD_RunTestMode)
    USBD_SetClassConfig                      0x080065ad   Thumb Code    34  usbd_core.o(i.USBD_SetClassConfig)
    USBD_Start                               0x080066d5   Thumb Code    14  usbd_core.o(i.USBD_Start)
    USBD_StdDevReq                           0x080066e3   Thumb Code   114  usbd_ctlreq.o(i.USBD_StdDevReq)
    USBD_StdEPReq                            0x08006755   Thumb Code   316  usbd_ctlreq.o(i.USBD_StdEPReq)
    USBD_StdItfReq                           0x08006891   Thumb Code    74  usbd_ctlreq.o(i.USBD_StdItfReq)
    USB_ActivateEndpoint                     0x080068dd   Thumb Code   188  stm32f4xx_ll_usb.o(i.USB_ActivateEndpoint)
    USB_ActivateSetup                        0x0800699d   Thumb Code    68  stm32f4xx_ll_usb.o(i.USB_ActivateSetup)
    USB_CoreInit                             0x080069e1   Thumb Code   108  stm32f4xx_ll_usb.o(i.USB_CoreInit)
    USB_DeactivateEndpoint                   0x08006a99   Thumb Code   162  stm32f4xx_ll_usb.o(i.USB_DeactivateEndpoint)
    USB_DevConnect                           0x08006b41   Thumb Code    30  stm32f4xx_ll_usb.o(i.USB_DevConnect)
    USB_DevDisconnect                        0x08006b5f   Thumb Code    30  stm32f4xx_ll_usb.o(i.USB_DevDisconnect)
    USB_DevInit                              0x08006b7d   Thumb Code   402  stm32f4xx_ll_usb.o(i.USB_DevInit)
    USB_DisableGlobalInt                     0x08006d21   Thumb Code    14  stm32f4xx_ll_usb.o(i.USB_DisableGlobalInt)
    USB_EP0StartXfer                         0x08006d31   Thumb Code   426  stm32f4xx_ll_usb.o(i.USB_EP0StartXfer)
    USB_EP0_OutStart                         0x08006ee1   Thumb Code    68  stm32f4xx_ll_usb.o(i.USB_EP0_OutStart)
    USB_EPClearStall                         0x08006f25   Thumb Code   136  stm32f4xx_ll_usb.o(i.USB_EPClearStall)
    USB_EPSetStall                           0x08006fad   Thumb Code   140  stm32f4xx_ll_usb.o(i.USB_EPSetStall)
    USB_EPStartXfer                          0x08007039   Thumb Code   714  stm32f4xx_ll_usb.o(i.USB_EPStartXfer)
    USB_EnableGlobalInt                      0x08007309   Thumb Code    14  stm32f4xx_ll_usb.o(i.USB_EnableGlobalInt)
    USB_FlushRxFifo                          0x08007319   Thumb Code    38  stm32f4xx_ll_usb.o(i.USB_FlushRxFifo)
    USB_FlushTxFifo                          0x08007345   Thumb Code    44  stm32f4xx_ll_usb.o(i.USB_FlushTxFifo)
    USB_GetDevSpeed                          0x08007375   Thumb Code    68  stm32f4xx_ll_usb.o(i.USB_GetDevSpeed)
    USB_GetMode                              0x080073b9   Thumb Code    10  stm32f4xx_ll_usb.o(i.USB_GetMode)
    USB_ReadDevAllInEpInterrupt              0x080073c3   Thumb Code    18  stm32f4xx_ll_usb.o(i.USB_ReadDevAllInEpInterrupt)
    USB_ReadDevAllOutEpInterrupt             0x080073d5   Thumb Code    18  stm32f4xx_ll_usb.o(i.USB_ReadDevAllOutEpInterrupt)
    USB_ReadDevInEPInterrupt                 0x080073e7   Thumb Code    44  stm32f4xx_ll_usb.o(i.USB_ReadDevInEPInterrupt)
    USB_ReadDevOutEPInterrupt                0x08007413   Thumb Code    22  stm32f4xx_ll_usb.o(i.USB_ReadDevOutEPInterrupt)
    USB_ReadInterrupts                       0x08007429   Thumb Code    12  stm32f4xx_ll_usb.o(i.USB_ReadInterrupts)
    USB_ReadPacket                           0x08007435   Thumb Code    40  stm32f4xx_ll_usb.o(i.USB_ReadPacket)
    USB_SetCurrentMode                       0x0800745d   Thumb Code    48  stm32f4xx_ll_usb.o(i.USB_SetCurrentMode)
    USB_SetDevAddress                        0x0800748d   Thumb Code    40  stm32f4xx_ll_usb.o(i.USB_SetDevAddress)
    USB_SetDevSpeed                          0x080074b5   Thumb Code    20  stm32f4xx_ll_usb.o(i.USB_SetDevSpeed)
    USB_WritePacket                          0x080074c9   Thumb Code    58  stm32f4xx_ll_usb.o(i.USB_WritePacket)
    __scatterload_copy                       0x08007503   Thumb Code    14  handlers.o(i.__scatterload_copy)
    __scatterload_null                       0x08007511   Thumb Code     2  handlers.o(i.__scatterload_null)
    __scatterload_zeroinit                   0x08007513   Thumb Code    14  handlers.o(i.__scatterload_zeroinit)
    calculatePosition                        0x08007521   Thumb Code   142  main.o(i.calculatePosition)
    changeState                              0x08007609   Thumb Code    62  main.o(i.changeState)
    free                                     0x08007655   Thumb Code    76  malloc.o(i.free)
    initBNO055                               0x080076a5   Thumb Code    68  main.o(i.initBNO055)
    main                                     0x080076f9   Thumb Code   104  main.o(i.main)
    malloc                                   0x08007769   Thumb Code    92  malloc.o(i.malloc)
    processData                              0x080077d5   Thumb Code    54  main.o(i.processData)
    recieveData                              0x08007811   Thumb Code    54  main.o(i.recieveData)
    recieveID                                0x08007859   Thumb Code    58  main.o(i.recieveID)
    APBAHBPrescTable                         0x080078a4   Data          16  stm32f4xx_hal_rcc.o(.constdata)
    Region$$Table$$Base                      0x080078b4   Number         0  anon$$obj.o(Region$$Table)
    Region$$Table$$Limit                     0x080078d4   Number         0  anon$$obj.o(Region$$Table)
    globalPostionDataSize                    0x20000000   Data           2  main.o(.data)
    usbDataTransmitCounter                   0x20000002   Data           2  main.o(.data)
    halStatus                                0x20000004   Data           1  main.o(.data)
    i2cState                                 0x20000005   Data           1  main.o(.data)
    i2cError                                 0x20000008   Data           4  main.o(.data)
    moduleState                              0x2000000c   Data           1  main.o(.data)
    bno055IDStruct                           0x2000000e   Data           8  main.o(.data)
    BNO055AllDataStruct                      0x20000016   Data           1  main.o(.data)
    USBD_Interface_fops_FS                   0x20000018   Data          16  usbd_cdc_if.o(.data)
    hUsbDevice_0                             0x20000028   Data           4  usbd_cdc_if.o(.data)
    FS_Desc                                  0x2000002c   Data          28  usbd_desc.o(.data)
    USBD_FS_DeviceDesc                       0x20000048   Data          18  usbd_desc.o(.data)
    USBD_LangIDDesc                          0x2000005c   Data           4  usbd_desc.o(.data)
    hcrc                                     0x20000060   Data           8  crc.o(.data)
    SystemCoreClock                          0x20000068   Data           4  system_stm32f4xx.o(.data)
    AHBPrescTable                            0x2000006c   Data          16  system_stm32f4xx.o(.data)
    USBD_CDC                                 0x2000008c   Data          56  usbd_cdc.o(.data)
    USBD_CDC_CfgHSDesc                       0x200000c4   Data          67  usbd_cdc.o(.data)
    USBD_CDC_CfgFSDesc                       0x20000108   Data          67  usbd_cdc.o(.data)
    USBD_CDC_OtherSpeedCfgDesc               0x2000014c   Data          67  usbd_cdc.o(.data)
    __microlib_freelist                      0x20000190   Data           4  mvars.o(.data)
    __microlib_freelist_initialised          0x20000194   Data           4  mvars.o(.data)
    hi2c1                                    0x20000198   Data          56  i2c.o(.bss)
    hdma_i2c1_tx                             0x200001d0   Data          80  i2c.o(.bss)
    hdma_i2c1_rx                             0x20000220   Data          80  i2c.o(.bss)
    fusionData                               0x20000270   Data          26  main.o(.bss)
    globalPostionData                        0x20000290   Data          88  main.o(.bss)
    htim7                                    0x200002e8   Data          60  tim.o(.bss)
    hUsbDeviceFS                             0x20000324   Data         548  usb_device.o(.bss)
    UserRxBufferFS                           0x20000548   Data          64  usbd_cdc_if.o(.bss)
    UserTxBufferFS                           0x20000588   Data          64  usbd_cdc_if.o(.bss)
    hpcd_USB_OTG_FS                          0x200005c8   Data         944  usbd_conf.o(.bss)
    USBD_StrDesc                             0x20000978   Data         512  usbd_desc.o(.bss)
    __heap_base                              0x20000b78   Data           0  startup_stm32f407xx.o(HEAP)
    __heap_limit                             0x20000f78   Data           0  startup_stm32f407xx.o(HEAP)
    __initial_sp                             0x20001378   Data           0  startup_stm32f407xx.o(STACK)



==============================================================================

Memory Map of the image

  Image Entry point : 0x08000189

  Load Region LR_IROM1 (Base: 0x08000000, Size: 0x00007a6c, Max: 0x00100000, ABSOLUTE, COMPRESSED[0x00007998])

    Execution Region ER_IROM1 (Base: 0x08000000, Size: 0x000078d4, Max: 0x00100000, ABSOLUTE)

    Base Addr    Size         Type   Attr      Idx    E Section Name        Object

    0x08000000   0x00000188   Data   RO         3932    RESET               startup_stm32f407xx.o
    0x08000188   0x00000000   Code   RO         3937  * .ARM.Collect$$$$00000000  mc_w.l(entry.o)
    0x08000188   0x00000004   Code   RO         3972    .ARM.Collect$$$$00000001  mc_w.l(entry2.o)
    0x0800018c   0x00000004   Code   RO         3975    .ARM.Collect$$$$00000004  mc_w.l(entry5.o)
    0x08000190   0x00000000   Code   RO         3977    .ARM.Collect$$$$00000008  mc_w.l(entry7b.o)
    0x08000190   0x00000000   Code   RO         3979    .ARM.Collect$$$$0000000A  mc_w.l(entry8b.o)
    0x08000190   0x00000008   Code   RO         3980    .ARM.Collect$$$$0000000B  mc_w.l(entry9a.o)
    0x08000198   0x00000000   Code   RO         3982    .ARM.Collect$$$$0000000D  mc_w.l(entry10a.o)
    0x08000198   0x00000000   Code   RO         3984    .ARM.Collect$$$$0000000F  mc_w.l(entry11a.o)
    0x08000198   0x00000004   Code   RO         3973    .ARM.Collect$$$$00002712  mc_w.l(entry2.o)
    0x0800019c   0x00000024   Code   RO         3933    .text               startup_stm32f407xx.o
    0x080001c0   0x00000024   Code   RO         3940    .text               mc_w.l(memcpya.o)
    0x080001e4   0x00000024   Code   RO         3988    .text               mc_w.l(init.o)
    0x08000208   0x0000005c   Code   RO         3998    .text               mc_w.l(__dczerorl2.o)
    0x08000264   0x00000044   Code   RO          441    i.CDC_Control_FS    usbd_cdc_if.o
    0x080002a8   0x00000004   Code   RO          442    i.CDC_DeInit_FS     usbd_cdc_if.o
    0x080002ac   0x00000034   Code   RO          443    i.CDC_Init_FS       usbd_cdc_if.o
    0x080002e0   0x00000006   Code   RO          444    i.CDC_Receive_FS    usbd_cdc_if.o
    0x080002e6   0x00000002   PAD
    0x080002e8   0x00000040   Code   RO          445    i.CDC_Transmit_FS   usbd_cdc_if.o
    0x08000328   0x00000014   Code   RO          307    i.DMA1_Stream0_IRQHandler  stm32f4xx_it.o
    0x0800033c   0x00000014   Code   RO          308    i.DMA1_Stream6_IRQHandler  stm32f4xx_it.o
    0x08000350   0x0000000a   Code   RO          309    i.DMA2_Stream1_IRQHandler  stm32f4xx_it.o
    0x0800035a   0x00000020   Code   RO         1108    i.DMA_SetConfig     stm32f4xx_hal_dma.o
    0x0800037a   0x00000020   Code   RO         3498    i.HAL_CRC_Init      stm32f4xx_hal_crc.o
    0x0800039a   0x00000002   PAD
    0x0800039c   0x00000020   Code   RO          759    i.HAL_CRC_MspInit   crc.o
    0x080003bc   0x00002634   Code   RO         1113    i.HAL_DMA_IRQHandler  stm32f4xx_hal_dma.o
    0x080029f0   0x0000007c   Code   RO         1114    i.HAL_DMA_Init      stm32f4xx_hal_dma.o
    0x08002a6c   0x0000008e   Code   RO         1117    i.HAL_DMA_Start_IT  stm32f4xx_hal_dma.o
    0x08002afa   0x0000001a   Code   RO          849    i.HAL_Delay         stm32f4xx_hal.o
    0x08002b14   0x00000208   Code   RO         1444    i.HAL_GPIO_Init     stm32f4xx_hal_gpio.o
    0x08002d1c   0x00000008   Code   RO         1447    i.HAL_GPIO_TogglePin  stm32f4xx_hal_gpio.o
    0x08002d24   0x0000000a   Code   RO         1448    i.HAL_GPIO_WritePin  stm32f4xx_hal_gpio.o
    0x08002d2e   0x00000002   PAD
    0x08002d30   0x0000000c   Code   RO          861    i.HAL_GetTick       stm32f4xx_hal.o
    0x08002d3c   0x000000e8   Code   RO         1504    i.HAL_I2C_ER_IRQHandler  stm32f4xx_hal_i2c.o
    0x08002e24   0x00000170   Code   RO         1505    i.HAL_I2C_EV_IRQHandler  stm32f4xx_hal_i2c.o
    0x08002f94   0x00000002   Code   RO         1506    i.HAL_I2C_ErrorCallback  stm32f4xx_hal_i2c.o
    0x08002f96   0x00000008   Code   RO         1508    i.HAL_I2C_GetState  stm32f4xx_hal_i2c.o
    0x08002f9e   0x00000002   PAD
    0x08002fa0   0x0000011c   Code   RO         1509    i.HAL_I2C_Init      stm32f4xx_hal_i2c.o
    0x080030bc   0x00000170   Code   RO         1510    i.HAL_I2C_IsDeviceReady  stm32f4xx_hal_i2c.o
    0x0800322c   0x00000002   Code   RO         1511    i.HAL_I2C_MasterRxCpltCallback  stm32f4xx_hal_i2c.o
    0x0800322e   0x00000002   Code   RO         1512    i.HAL_I2C_MasterTxCpltCallback  stm32f4xx_hal_i2c.o
    0x08003230   0x0000001c   Code   RO          166    i.HAL_I2C_MemRxCpltCallback  main.o
    0x0800324c   0x00000002   Code   RO          167    i.HAL_I2C_MemTxCpltCallback  main.o
    0x0800324e   0x00000002   PAD
    0x08003250   0x0000022c   Code   RO         1521    i.HAL_I2C_Mem_Read  stm32f4xx_hal_i2c.o
    0x0800347c   0x000000f8   Code   RO         1522    i.HAL_I2C_Mem_Read_DMA  stm32f4xx_hal_i2c.o
    0x08003574   0x00000114   Code   RO         1524    i.HAL_I2C_Mem_Write  stm32f4xx_hal_i2c.o
    0x08003688   0x000000f0   Code   RO          125    i.HAL_I2C_MspInit   i2c.o
    0x08003778   0x00000002   Code   RO         1529    i.HAL_I2C_SlaveRxCpltCallback  stm32f4xx_hal_i2c.o
    0x0800377a   0x00000002   Code   RO         1530    i.HAL_I2C_SlaveTxCpltCallback  stm32f4xx_hal_i2c.o
    0x0800377c   0x00000010   Code   RO          862    i.HAL_IncTick       stm32f4xx_hal.o
    0x0800378c   0x0000003c   Code   RO          863    i.HAL_Init          stm32f4xx_hal.o
    0x080037c8   0x00000024   Code   RO          864    i.HAL_InitTick      stm32f4xx_hal.o
    0x080037ec   0x00000002   Code   RO          866    i.HAL_MspInit       stm32f4xx_hal.o
    0x080037ee   0x00000002   PAD
    0x080037f0   0x0000001c   Code   RO          990    i.HAL_NVIC_ClearPendingIRQ  stm32f4xx_hal_cortex.o
    0x0800380c   0x0000001c   Code   RO          992    i.HAL_NVIC_EnableIRQ  stm32f4xx_hal_cortex.o
    0x08003828   0x0000007c   Code   RO          998    i.HAL_NVIC_SetPriority  stm32f4xx_hal_cortex.o
    0x080038a4   0x00000028   Code   RO          999    i.HAL_NVIC_SetPriorityGrouping  stm32f4xx_hal_cortex.o
    0x080038cc   0x0000000a   Code   RO         2066    i.HAL_PCDEx_SetRxFiFo  stm32f4xx_hal_pcd_ex.o
    0x080038d6   0x00000052   Code   RO         2067    i.HAL_PCDEx_SetTxFiFo  stm32f4xx_hal_pcd_ex.o
    0x08003928   0x0000000e   Code   RO          510    i.HAL_PCD_ConnectCallback  usbd_conf.o
    0x08003936   0x00000020   Code   RO          511    i.HAL_PCD_DataInStageCallback  usbd_conf.o
    0x08003956   0x00000020   Code   RO          512    i.HAL_PCD_DataOutStageCallback  usbd_conf.o
    0x08003976   0x0000000e   Code   RO          513    i.HAL_PCD_DisconnectCallback  usbd_conf.o
    0x08003984   0x0000006a   Code   RO         1864    i.HAL_PCD_EP_Close  stm32f4xx_hal_pcd.o
    0x080039ee   0x00000068   Code   RO         1865    i.HAL_PCD_EP_ClrStall  stm32f4xx_hal_pcd.o
    0x08003a56   0x00000018   Code   RO         1867    i.HAL_PCD_EP_GetRxCount  stm32f4xx_hal_pcd.o
    0x08003a6e   0x0000008c   Code   RO         1868    i.HAL_PCD_EP_Open   stm32f4xx_hal_pcd.o
    0x08003afa   0x00000078   Code   RO         1869    i.HAL_PCD_EP_Receive  stm32f4xx_hal_pcd.o
    0x08003b72   0x0000007a   Code   RO         1870    i.HAL_PCD_EP_SetStall  stm32f4xx_hal_pcd.o
    0x08003bec   0x0000007a   Code   RO         1871    i.HAL_PCD_EP_Transmit  stm32f4xx_hal_pcd.o
    0x08003c66   0x00000530   Code   RO         1873    i.HAL_PCD_IRQHandler  stm32f4xx_hal_pcd.o
    0x08004196   0x00000012   Code   RO          514    i.HAL_PCD_ISOINIncompleteCallback  usbd_conf.o
    0x080041a8   0x00000012   Code   RO          515    i.HAL_PCD_ISOOUTIncompleteCallback  usbd_conf.o
    0x080041ba   0x00000142   Code   RO         1876    i.HAL_PCD_Init      stm32f4xx_hal_pcd.o
    0x080042fc   0x00000080   Code   RO          517    i.HAL_PCD_MspInit   usbd_conf.o
    0x0800437c   0x00000032   Code   RO          518    i.HAL_PCD_ResetCallback  usbd_conf.o
    0x080043ae   0x0000000e   Code   RO          519    i.HAL_PCD_ResumeCallback  usbd_conf.o
    0x080043bc   0x0000000e   Code   RO          520    i.HAL_PCD_SOFCallback  usbd_conf.o
    0x080043ca   0x00000032   Code   RO         1882    i.HAL_PCD_SetAddress  stm32f4xx_hal_pcd.o
    0x080043fc   0x00000012   Code   RO          521    i.HAL_PCD_SetupStageCallback  usbd_conf.o
    0x0800440e   0x00000034   Code   RO         1884    i.HAL_PCD_Start     stm32f4xx_hal_pcd.o
    0x08004442   0x0000000e   Code   RO          522    i.HAL_PCD_SuspendCallback  usbd_conf.o
    0x08004450   0x0000024c   Code   RO         2223    i.HAL_RCC_ClockConfig  stm32f4xx_hal_rcc.o
    0x0800469c   0x00000038   Code   RO         2228    i.HAL_RCC_GetHCLKFreq  stm32f4xx_hal_rcc.o
    0x080046d4   0x0000002c   Code   RO         2230    i.HAL_RCC_GetPCLK1Freq  stm32f4xx_hal_rcc.o
    0x08004700   0x000000c4   Code   RO         2232    i.HAL_RCC_GetSysClockFreq  stm32f4xx_hal_rcc.o
    0x080047c4   0x000003f8   Code   RO         2235    i.HAL_RCC_OscConfig  stm32f4xx_hal_rcc.o
    0x08004bbc   0x00000002   Code   RO         1002    i.HAL_SYSTICK_Callback  stm32f4xx_hal_cortex.o
    0x08004bbe   0x00000034   Code   RO         1003    i.HAL_SYSTICK_Config  stm32f4xx_hal_cortex.o
    0x08004bf2   0x00000008   Code   RO         1004    i.HAL_SYSTICK_IRQHandler  stm32f4xx_hal_cortex.o
    0x08004bfa   0x00000002   Code   RO         2975    i.HAL_TIMEx_BreakCallback  stm32f4xx_hal_tim_ex.o
    0x08004bfc   0x00000002   Code   RO         2976    i.HAL_TIMEx_CommutationCallback  stm32f4xx_hal_tim_ex.o
    0x08004bfe   0x00000062   Code   RO         2993    i.HAL_TIMEx_MasterConfigSynchronization  stm32f4xx_hal_tim_ex.o
    0x08004c60   0x0000002e   Code   RO         2351    i.HAL_TIM_Base_Init  stm32f4xx_hal_tim.o
    0x08004c8e   0x00000002   PAD
    0x08004c90   0x00000038   Code   RO          374    i.HAL_TIM_Base_MspInit  tim.o
    0x08004cc8   0x0000001e   Code   RO         2356    i.HAL_TIM_Base_Start_IT  stm32f4xx_hal_tim.o
    0x08004ce6   0x00000002   Code   RO         2383    i.HAL_TIM_IC_CaptureCallback  stm32f4xx_hal_tim.o
    0x08004ce8   0x00000196   Code   RO         2396    i.HAL_TIM_IRQHandler  stm32f4xx_hal_tim.o
    0x08004e7e   0x00000002   Code   RO         2399    i.HAL_TIM_OC_DelayElapsedCallback  stm32f4xx_hal_tim.o
    0x08004e80   0x00000002   Code   RO         2426    i.HAL_TIM_PWM_PulseFinishedCallback  stm32f4xx_hal_tim.o
    0x08004e82   0x0000000a   Code   RO          168    i.HAL_TIM_PeriodElapsedCallback  main.o
    0x08004e8c   0x00000002   Code   RO         2436    i.HAL_TIM_TriggerCallback  stm32f4xx_hal_tim.o
    0x08004e8e   0x00000002   PAD
    0x08004e90   0x00000014   Code   RO          310    i.I2C1_ER_IRQHandler  stm32f4xx_it.o
    0x08004ea4   0x00000014   Code   RO          311    i.I2C1_EV_IRQHandler  stm32f4xx_it.o
    0x08004eb8   0x00000030   Code   RO         1537    i.I2C_DMAError      stm32f4xx_hal_i2c.o
    0x08004ee8   0x00000074   Code   RO         1540    i.I2C_DMAMemReceiveCplt  stm32f4xx_hal_i2c.o
    0x08004f5c   0x000000c4   Code   RO         1544    i.I2C_MasterReceive_BTF  stm32f4xx_hal_i2c.o
    0x08005020   0x00000094   Code   RO         1545    i.I2C_MasterReceive_RXNE  stm32f4xx_hal_i2c.o
    0x080050b4   0x00000070   Code   RO         1548    i.I2C_MasterTransmit_BTF  stm32f4xx_hal_i2c.o
    0x08005124   0x00000028   Code   RO         1549    i.I2C_MasterTransmit_TXE  stm32f4xx_hal_i2c.o
    0x0800514c   0x00000114   Code   RO         1550    i.I2C_RequestMemoryRead  stm32f4xx_hal_i2c.o
    0x08005260   0x000000ac   Code   RO         1551    i.I2C_RequestMemoryWrite  stm32f4xx_hal_i2c.o
    0x0800530c   0x0000001e   Code   RO         1552    i.I2C_SlaveReceive_BTF  stm32f4xx_hal_i2c.o
    0x0800532a   0x0000001e   Code   RO         1553    i.I2C_SlaveReceive_RXNE  stm32f4xx_hal_i2c.o
    0x08005348   0x0000001c   Code   RO         1554    i.I2C_SlaveTransmit_BTF  stm32f4xx_hal_i2c.o
    0x08005364   0x0000001c   Code   RO         1555    i.I2C_SlaveTransmit_TXE  stm32f4xx_hal_i2c.o
    0x08005380   0x00000012   Code   RO         1556    i.I2C_Slave_ADDR    stm32f4xx_hal_i2c.o
    0x08005392   0x00000002   PAD
    0x08005394   0x0000004c   Code   RO         1557    i.I2C_Slave_AF      stm32f4xx_hal_i2c.o
    0x080053e0   0x00000058   Code   RO         1558    i.I2C_Slave_STOPF   stm32f4xx_hal_i2c.o
    0x08005438   0x000000de   Code   RO         1559    i.I2C_WaitOnFlagUntilTimeout  stm32f4xx_hal_i2c.o
    0x08005516   0x000000ac   Code   RO         1560    i.I2C_WaitOnMasterAddressFlagUntilTimeout  stm32f4xx_hal_i2c.o
    0x080055c2   0x00000002   PAD
    0x080055c4   0x00000018   Code   RO          760    i.MX_CRC_Init       crc.o
    0x080055dc   0x00000058   Code   RO          796    i.MX_DMA_Init       dma.o
    0x08005634   0x00000048   Code   RO            3    i.MX_GPIO_Init      gpio.o
    0x0800567c   0x00000038   Code   RO          126    i.MX_I2C1_Init      i2c.o
    0x080056b4   0x00000034   Code   RO          375    i.MX_TIM7_Init      tim.o
    0x080056e8   0x00000034   Code   RO          411    i.MX_USB_DEVICE_Init  usb_device.o
    0x0800571c   0x00000010   Code   RO         1005    i.NVIC_GetPriorityGrouping  stm32f4xx_hal_cortex.o
    0x0800572c   0x00000028   Code   RO         1006    i.NVIC_SetPriority  stm32f4xx_hal_cortex.o
    0x08005754   0x00000014   Code   RO          312    i.OTG_FS_IRQHandler  stm32f4xx_it.o
    0x08005768   0x000000b0   Code   RO         1887    i.PCD_WriteEmptyTxFifo  stm32f4xx_hal_pcd.o
    0x08005818   0x0000000c   Code   RO          313    i.SysTick_Handler   stm32f4xx_it.o
    0x08005824   0x00000074   Code   RO          169    i.SystemClock_Config  main.o
    0x08005898   0x00000064   Code   RO          817    i.SystemInit        system_stm32f4xx.o
    0x080058fc   0x00000014   Code   RO          314    i.TIM7_IRQHandler   stm32f4xx_it.o
    0x08005910   0x000000e4   Code   RO         2437    i.TIM_Base_SetConfig  stm32f4xx_hal_tim.o
    0x080059f4   0x0000001a   Code   RO         3550    i.USBD_CDC_DataIn   usbd_cdc.o
    0x08005a0e   0x00000034   Code   RO         3551    i.USBD_CDC_DataOut  usbd_cdc.o
    0x08005a42   0x00000040   Code   RO         3552    i.USBD_CDC_DeInit   usbd_cdc.o
    0x08005a82   0x00000032   Code   RO         3553    i.USBD_CDC_EP0_RxReady  usbd_cdc.o
    0x08005ab4   0x00000010   Code   RO         3554    i.USBD_CDC_GetDeviceQualifierDescriptor  usbd_cdc.o
    0x08005ac4   0x00000010   Code   RO         3555    i.USBD_CDC_GetFSCfgDesc  usbd_cdc.o
    0x08005ad4   0x00000010   Code   RO         3556    i.USBD_CDC_GetHSCfgDesc  usbd_cdc.o
    0x08005ae4   0x00000010   Code   RO         3557    i.USBD_CDC_GetOtherSpeedCfgDesc  usbd_cdc.o
    0x08005af4   0x000000a6   Code   RO         3558    i.USBD_CDC_Init     usbd_cdc.o
    0x08005b9a   0x0000000e   Code   RO         3560    i.USBD_CDC_RegisterInterface  usbd_cdc.o
    0x08005ba8   0x0000000e   Code   RO         3561    i.USBD_CDC_SetRxBuffer  usbd_cdc.o
    0x08005bb6   0x00000014   Code   RO         3562    i.USBD_CDC_SetTxBuffer  usbd_cdc.o
    0x08005bca   0x0000006a   Code   RO         3563    i.USBD_CDC_Setup    usbd_cdc.o
    0x08005c34   0x00000038   Code   RO         3564    i.USBD_CDC_TransmitPacket  usbd_cdc.o
    0x08005c6c   0x00000016   Code   RO         3651    i.USBD_ClrClassConfig  usbd_core.o
    0x08005c82   0x00000044   Code   RO         3785    i.USBD_ClrFeature   usbd_ctlreq.o
    0x08005cc6   0x00000018   Code   RO         3876    i.USBD_CtlContinueRx  usbd_ioreq.o
    0x08005cde   0x00000018   Code   RO         3877    i.USBD_CtlContinueSendData  usbd_ioreq.o
    0x08005cf6   0x00000018   Code   RO         3786    i.USBD_CtlError     usbd_ctlreq.o
    0x08005d0e   0x00000028   Code   RO         3878    i.USBD_CtlPrepareRx  usbd_ioreq.o
    0x08005d36   0x0000001a   Code   RO         3879    i.USBD_CtlReceiveStatus  usbd_ioreq.o
    0x08005d50   0x00000022   Code   RO         3880    i.USBD_CtlSendData  usbd_ioreq.o
    0x08005d72   0x0000001a   Code   RO         3881    i.USBD_CtlSendStatus  usbd_ioreq.o
    0x08005d8c   0x00000034   Code   RO          695    i.USBD_FS_ConfigStrDescriptor  usbd_desc.o
    0x08005dc0   0x00000010   Code   RO          696    i.USBD_FS_DeviceDescriptor  usbd_desc.o
    0x08005dd0   0x00000038   Code   RO          697    i.USBD_FS_InterfaceStrDescriptor  usbd_desc.o
    0x08005e08   0x00000010   Code   RO          698    i.USBD_FS_LangIDStrDescriptor  usbd_desc.o
    0x08005e18   0x0000002c   Code   RO          699    i.USBD_FS_ManufacturerStrDescriptor  usbd_desc.o
    0x08005e44   0x00000040   Code   RO          700    i.USBD_FS_ProductStrDescriptor  usbd_desc.o
    0x08005e84   0x00000038   Code   RO          701    i.USBD_FS_SerialStrDescriptor  usbd_desc.o
    0x08005ebc   0x00000050   Code   RO         3787    i.USBD_GetConfig    usbd_ctlreq.o
    0x08005f0c   0x00000148   Code   RO         3788    i.USBD_GetDescriptor  usbd_ctlreq.o
    0x08006054   0x00000014   Code   RO         3789    i.USBD_GetLen       usbd_ctlreq.o
    0x08006068   0x00000044   Code   RO         3790    i.USBD_GetStatus    usbd_ctlreq.o
    0x080060ac   0x00000052   Code   RO         3791    i.USBD_GetString    usbd_ctlreq.o
    0x080060fe   0x00000032   Code   RO         3653    i.USBD_Init         usbd_core.o
    0x08006130   0x00000014   Code   RO          523    i.USBD_LL_ClearStallEP  usbd_conf.o
    0x08006144   0x00000014   Code   RO          524    i.USBD_LL_CloseEP   usbd_conf.o
    0x08006158   0x000000c2   Code   RO         3654    i.USBD_LL_DataInStage  usbd_core.o
    0x0800621a   0x00000086   Code   RO         3655    i.USBD_LL_DataOutStage  usbd_core.o
    0x080062a0   0x00000006   Code   RO         3656    i.USBD_LL_DevConnected  usbd_core.o
    0x080062a6   0x0000001a   Code   RO         3657    i.USBD_LL_DevDisconnected  usbd_core.o
    0x080062c0   0x00000012   Code   RO          528    i.USBD_LL_GetRxDataSize  usbd_conf.o
    0x080062d2   0x00000002   PAD
    0x080062d4   0x0000006c   Code   RO          529    i.USBD_LL_Init      usbd_conf.o
    0x08006340   0x00000038   Code   RO          530    i.USBD_LL_IsStallEP  usbd_conf.o
    0x08006378   0x00000006   Code   RO         3658    i.USBD_LL_IsoINIncomplete  usbd_core.o
    0x0800637e   0x00000006   Code   RO         3659    i.USBD_LL_IsoOUTIncomplete  usbd_core.o
    0x08006384   0x00000020   Code   RO          531    i.USBD_LL_OpenEP    usbd_conf.o
    0x080063a4   0x00000020   Code   RO          532    i.USBD_LL_PrepareReceive  usbd_conf.o
    0x080063c4   0x00000044   Code   RO         3660    i.USBD_LL_Reset     usbd_core.o
    0x08006408   0x0000000e   Code   RO         3661    i.USBD_LL_Resume    usbd_core.o
    0x08006416   0x00000022   Code   RO         3662    i.USBD_LL_SOF       usbd_core.o
    0x08006438   0x00000008   Code   RO         3663    i.USBD_LL_SetSpeed  usbd_core.o
    0x08006440   0x00000014   Code   RO          533    i.USBD_LL_SetUSBAddress  usbd_conf.o
    0x08006454   0x0000006e   Code   RO         3664    i.USBD_LL_SetupStage  usbd_core.o
    0x080064c2   0x00000014   Code   RO          534    i.USBD_LL_StallEP   usbd_conf.o
    0x080064d6   0x00000010   Code   RO          535    i.USBD_LL_Start     usbd_conf.o
    0x080064e6   0x00000014   Code   RO         3665    i.USBD_LL_Suspend   usbd_core.o
    0x080064fa   0x00000020   Code   RO          537    i.USBD_LL_Transmit  usbd_conf.o
    0x0800651a   0x00000028   Code   RO         3792    i.USBD_ParseSetupRequest  usbd_ctlreq.o
    0x08006542   0x00000010   Code   RO         3666    i.USBD_RegisterClass  usbd_core.o
    0x08006552   0x00000006   Code   RO         3667    i.USBD_RunTestMode  usbd_core.o
    0x08006558   0x00000054   Code   RO         3793    i.USBD_SetAddress   usbd_ctlreq.o
    0x080065ac   0x00000022   Code   RO         3668    i.USBD_SetClassConfig  usbd_core.o
    0x080065ce   0x00000002   PAD
    0x080065d0   0x000000e0   Code   RO         3794    i.USBD_SetConfig    usbd_ctlreq.o
    0x080066b0   0x00000024   Code   RO         3795    i.USBD_SetFeature   usbd_ctlreq.o
    0x080066d4   0x0000000e   Code   RO         3669    i.USBD_Start        usbd_core.o
    0x080066e2   0x00000072   Code   RO         3796    i.USBD_StdDevReq    usbd_ctlreq.o
    0x08006754   0x0000013c   Code   RO         3797    i.USBD_StdEPReq     usbd_ctlreq.o
    0x08006890   0x0000004a   Code   RO         3798    i.USBD_StdItfReq    usbd_ctlreq.o
    0x080068da   0x00000002   PAD
    0x080068dc   0x000000c0   Code   RO         3211    i.USB_ActivateEndpoint  stm32f4xx_ll_usb.o
    0x0800699c   0x00000044   Code   RO         3212    i.USB_ActivateSetup  stm32f4xx_ll_usb.o
    0x080069e0   0x00000070   Code   RO         3214    i.USB_CoreInit      stm32f4xx_ll_usb.o
    0x08006a50   0x00000048   Code   RO         3215    i.USB_CoreReset     stm32f4xx_ll_usb.o
    0x08006a98   0x000000a8   Code   RO         3217    i.USB_DeactivateEndpoint  stm32f4xx_ll_usb.o
    0x08006b40   0x0000001e   Code   RO         3218    i.USB_DevConnect    stm32f4xx_ll_usb.o
    0x08006b5e   0x0000001e   Code   RO         3219    i.USB_DevDisconnect  stm32f4xx_ll_usb.o
    0x08006b7c   0x000001a4   Code   RO         3220    i.USB_DevInit       stm32f4xx_ll_usb.o
    0x08006d20   0x0000000e   Code   RO         3221    i.USB_DisableGlobalInt  stm32f4xx_ll_usb.o
    0x08006d2e   0x00000002   PAD
    0x08006d30   0x000001b0   Code   RO         3224    i.USB_EP0StartXfer  stm32f4xx_ll_usb.o
    0x08006ee0   0x00000044   Code   RO         3225    i.USB_EP0_OutStart  stm32f4xx_ll_usb.o
    0x08006f24   0x00000088   Code   RO         3226    i.USB_EPClearStall  stm32f4xx_ll_usb.o
    0x08006fac   0x0000008c   Code   RO         3227    i.USB_EPSetStall    stm32f4xx_ll_usb.o
    0x08007038   0x000002d0   Code   RO         3228    i.USB_EPStartXfer   stm32f4xx_ll_usb.o
    0x08007308   0x0000000e   Code   RO         3229    i.USB_EnableGlobalInt  stm32f4xx_ll_usb.o
    0x08007316   0x00000002   PAD
    0x08007318   0x0000002c   Code   RO         3230    i.USB_FlushRxFifo   stm32f4xx_ll_usb.o
    0x08007344   0x00000030   Code   RO         3231    i.USB_FlushTxFifo   stm32f4xx_ll_usb.o
    0x08007374   0x00000044   Code   RO         3233    i.USB_GetDevSpeed   stm32f4xx_ll_usb.o
    0x080073b8   0x0000000a   Code   RO         3235    i.USB_GetMode       stm32f4xx_ll_usb.o
    0x080073c2   0x00000012   Code   RO         3242    i.USB_ReadDevAllInEpInterrupt  stm32f4xx_ll_usb.o
    0x080073d4   0x00000012   Code   RO         3243    i.USB_ReadDevAllOutEpInterrupt  stm32f4xx_ll_usb.o
    0x080073e6   0x0000002c   Code   RO         3244    i.USB_ReadDevInEPInterrupt  stm32f4xx_ll_usb.o
    0x08007412   0x00000016   Code   RO         3245    i.USB_ReadDevOutEPInterrupt  stm32f4xx_ll_usb.o
    0x08007428   0x0000000c   Code   RO         3246    i.USB_ReadInterrupts  stm32f4xx_ll_usb.o
    0x08007434   0x00000028   Code   RO         3247    i.USB_ReadPacket    stm32f4xx_ll_usb.o
    0x0800745c   0x00000030   Code   RO         3249    i.USB_SetCurrentMode  stm32f4xx_ll_usb.o
    0x0800748c   0x00000028   Code   RO         3250    i.USB_SetDevAddress  stm32f4xx_ll_usb.o
    0x080074b4   0x00000014   Code   RO         3251    i.USB_SetDevSpeed   stm32f4xx_ll_usb.o
    0x080074c8   0x0000003a   Code   RO         3254    i.USB_WritePacket   stm32f4xx_ll_usb.o
    0x08007502   0x0000000e   Code   RO         3992    i.__scatterload_copy  mc_w.l(handlers.o)
    0x08007510   0x00000002   Code   RO         3993    i.__scatterload_null  mc_w.l(handlers.o)
    0x08007512   0x0000000e   Code   RO         3994    i.__scatterload_zeroinit  mc_w.l(handlers.o)
    0x08007520   0x000000e8   Code   RO          170    i.calculatePosition  main.o
    0x08007608   0x0000004c   Code   RO          171    i.changeState       main.o
    0x08007654   0x00000050   Code   RO         3944    i.free              mc_w.l(malloc.o)
    0x080076a4   0x00000054   Code   RO          172    i.initBNO055        main.o
    0x080076f8   0x00000070   Code   RO          173    i.main              main.o
    0x08007768   0x0000006c   Code   RO         3945    i.malloc            mc_w.l(malloc.o)
    0x080077d4   0x0000003c   Code   RO          174    i.processData       main.o
    0x08007810   0x00000048   Code   RO          175    i.recieveData       main.o
    0x08007858   0x0000004c   Code   RO          176    i.recieveID         main.o
    0x080078a4   0x00000010   Data   RO         2236    .constdata          stm32f4xx_hal_rcc.o
    0x080078b4   0x00000020   Data   RO         3990    Region$$Table       anon$$obj.o


    Execution Region RW_IRAM1 (Base: 0x20000000, Size: 0x00001378, Max: 0x00020000, ABSOLUTE, COMPRESSED[0x000000c4])

    Base Addr    Size         Type   Attr      Idx    E Section Name        Object

    0x20000000   0x00000017   Data   RW          178    .data               main.o
    0x20000017   0x00000001   PAD
    0x20000018   0x00000014   Data   RW          447    .data               usbd_cdc_if.o
    0x2000002c   0x00000034   Data   RW          703    .data               usbd_desc.o
    0x20000060   0x00000008   Data   RW          761    .data               crc.o
    0x20000068   0x00000014   Data   RW          818    .data               system_stm32f4xx.o
    0x2000007c   0x00000004   Data   RW          869    .data               stm32f4xx_hal.o
    0x20000080   0x0000010f   Data   RW         3565    .data               usbd_cdc.o
    0x2000018f   0x00000001   Data   RW         3799    .data               usbd_ctlreq.o
    0x20000190   0x00000004   Data   RW         3986    .data               mc_w.l(mvars.o)
    0x20000194   0x00000004   Data   RW         3987    .data               mc_w.l(mvars.o)
    0x20000198   0x000000d8   Zero   RW          127    .bss                i2c.o
    0x20000270   0x00000078   Zero   RW          177    .bss                main.o
    0x200002e8   0x0000003c   Zero   RW          376    .bss                tim.o
    0x20000324   0x00000224   Zero   RW          412    .bss                usb_device.o
    0x20000548   0x00000080   Zero   RW          446    .bss                usbd_cdc_if.o
    0x200005c8   0x000003b0   Zero   RW          538    .bss                usbd_conf.o
    0x20000978   0x00000200   Zero   RW          702    .bss                usbd_desc.o
    0x20000b78   0x00000400   Zero   RW         3931    HEAP                startup_stm32f407xx.o
    0x20000f78   0x00000400   Zero   RW         3930    STACK               startup_stm32f407xx.o


==============================================================================

Image component sizes


      Code (inc. data)   RO Data    RW Data    ZI Data      Debug   Object Name

        56         18          0          8          0       1299   crc.o
        88          6          0          0          0        474   dma.o
        72          8          0          0          0     334303   gpio.o
       296         38          0          0        216       1647   i2c.o
       868        184          0         23        120      13957   main.o
        36          8        392          0       2048        900   startup_stm32f407xx.o
       152         16          0          4          0       4460   stm32f4xx_hal.o
       338         28          0          0          0      32306   stm32f4xx_hal_cortex.o
        32          0          0          0          0        995   stm32f4xx_hal_crc.o
     10078        110          0          0          0       8527   stm32f4xx_hal_dma.o
       538         54          0          0          0       3693   stm32f4xx_hal_gpio.o
      4150         82          0          0          0      22070   stm32f4xx_hal_i2c.o
      2666          0          0          0          0      10365   stm32f4xx_hal_pcd.o
        92          0          0          0          0       1752   stm32f4xx_hal_pcd_ex.o
      1900         62         16          0          0       5252   stm32f4xx_hal_rcc.o
       718         44          0          0          0       5495   stm32f4xx_hal_tim.o
       102          0          0          0          0       2262   stm32f4xx_hal_tim_ex.o
       142         24          0          0          0       3812   stm32f4xx_it.o
      3106         60          0          0          0      19726   stm32f4xx_ll_usb.o
       100         18          0         20          0       1289   system_stm32f4xx.o
       108         16          0          0         60       1398   tim.o
        52         16          0          0        548        672   usb_device.o
       632         24          0        271          0      11869   usbd_cdc.o
       194         28          0         20        128       3305   usbd_cdc_if.o
       740         14          0          0        944      13682   usbd_conf.o
       768          0          0          0          0      12181   usbd_core.o
      1558         30          0          1          0      10256   usbd_ctlreq.o
       304        128          0         52        512       5111   usbd_desc.o
       174          0          0          0          0       4428   usbd_ioreq.o

    ----------------------------------------------------------------------
     30090       1016        440        400       4576     537486   Object Totals
         0          0         32          0          0          0   (incl. Generated)
        30          0          0          1          0          0   (incl. Padding)

    ----------------------------------------------------------------------

      Code (inc. data)   RO Data    RW Data    ZI Data      Debug   Library Member Name

        92          0          0          0          0          0   __dczerorl2.o
         0          0          0          0          0          0   entry.o
         0          0          0          0          0          0   entry10a.o
         0          0          0          0          0          0   entry11a.o
         8          4          0          0          0          0   entry2.o
         4          0          0          0          0          0   entry5.o
         0          0          0          0          0          0   entry7b.o
         0          0          0          0          0          0   entry8b.o
         8          4          0          0          0          0   entry9a.o
        30          0          0          0          0          0   handlers.o
        36          8          0          0          0         68   init.o
       188         20          0          0          0        160   malloc.o
        36          0          0          0          0         68   memcpya.o
         0          0          0          8          0          0   mvars.o

    ----------------------------------------------------------------------
       402         36          0          8          0        296   Library Totals
         0          0          0          0          0          0   (incl. Padding)

    ----------------------------------------------------------------------

      Code (inc. data)   RO Data    RW Data    ZI Data      Debug   Library Name

       402         36          0          8          0        296   mc_w.l

    ----------------------------------------------------------------------
       402         36          0          8          0        296   Library Totals

    ----------------------------------------------------------------------

==============================================================================


      Code (inc. data)   RO Data    RW Data    ZI Data      Debug   

     30492       1052        440        408       4576     515378   Grand Totals
     30492       1052        440        196       4576     515378   ELF Image Totals (compressed)
     30492       1052        440        196          0          0   ROM Totals

==============================================================================

    Total RO  Size (Code + RO Data)                30932 (  30.21kB)
    Total RW  Size (RW Data + ZI Data)              4984 (   4.87kB)
    Total ROM Size (Code + RO Data + RW Data)      31128 (  30.40kB)

==============================================================================

